[2026-05-13T18:35:21.305+0000] {local_task_job_runner.py:120} INFO - ::group::Pre task execution logs
[2026-05-13T18:35:21.357+0000] {taskinstance.py:2076} INFO - Dependencies all met for dep_context=non-requeueable deps ti=<TaskInstance: retail_pipeline.load manual__2026-05-13T18:34:56.177987+00:00 [queued]>
[2026-05-13T18:35:21.369+0000] {taskinstance.py:2076} INFO - Dependencies all met for dep_context=requeueable deps ti=<TaskInstance: retail_pipeline.load manual__2026-05-13T18:34:56.177987+00:00 [queued]>
[2026-05-13T18:35:21.370+0000] {taskinstance.py:2306} INFO - Starting attempt 1 of 1
[2026-05-13T18:35:21.391+0000] {taskinstance.py:2330} INFO - Executing <Task(BashOperator): load> on 2026-05-13 18:34:56.177987+00:00
[2026-05-13T18:35:21.398+0000] {standard_task_runner.py:63} INFO - Started process 159 to run task
[2026-05-13T18:35:21.402+0000] {standard_task_runner.py:90} INFO - Running: ['airflow', 'tasks', 'run', 'retail_pipeline', 'load', 'manual__2026-05-13T18:34:56.177987+00:00', '--job-id', '8', '--raw', '--subdir', 'DAGS_FOLDER/retail_etl_dag.py', '--cfg-path', '/tmp/tmpnjjuja3_']
[2026-05-13T18:35:21.405+0000] {standard_task_runner.py:91} INFO - Job 8: Subtask load
[2026-05-13T18:35:21.510+0000] {task_command.py:426} INFO - Running <TaskInstance: retail_pipeline.load manual__2026-05-13T18:34:56.177987+00:00 [running]> on host 62e468e71b8c
[2026-05-13T18:35:21.650+0000] {taskinstance.py:2648} INFO - Exporting env vars: AIRFLOW_CTX_DAG_OWNER='airflow' AIRFLOW_CTX_DAG_ID='retail_pipeline' AIRFLOW_CTX_TASK_ID='load' AIRFLOW_CTX_EXECUTION_DATE='2026-05-13T18:34:56.177987+00:00' AIRFLOW_CTX_TRY_NUMBER='1' AIRFLOW_CTX_DAG_RUN_ID='manual__2026-05-13T18:34:56.177987+00:00'
[2026-05-13T18:35:21.651+0000] {taskinstance.py:430} INFO - ::endgroup::
[2026-05-13T18:35:21.675+0000] {subprocess.py:63} INFO - Tmp dir root location: /tmp
[2026-05-13T18:35:21.677+0000] {subprocess.py:75} INFO - Running command: ['/usr/bin/bash', '-c', 'python /opt/airflow/scripts/load.py']
[2026-05-13T18:35:21.688+0000] {subprocess.py:86} INFO - Output:
[2026-05-13T18:35:23.723+0000] {subprocess.py:93} INFO - 2026-05-13 18:35:23,723 - INFO - Pipeline started
[2026-05-13T18:35:23.724+0000] {subprocess.py:93} INFO - postgresql://None:None@None:None/None
[2026-05-13T18:35:23.724+0000] {subprocess.py:93} INFO - Traceback (most recent call last):
[2026-05-13T18:35:23.725+0000] {subprocess.py:93} INFO -   File "/opt/airflow/scripts/load.py", line 31, in <module>
[2026-05-13T18:35:23.728+0000] {subprocess.py:93} INFO -     engine = create_engine(DATABASE_URL)
[2026-05-13T18:35:23.729+0000] {subprocess.py:93} INFO -              ^^^^^^^^^^^^^^^^^^^^^^^^^^^
[2026-05-13T18:35:23.730+0000] {subprocess.py:93} INFO -   File "<string>", line 2, in create_engine
[2026-05-13T18:35:23.730+0000] {subprocess.py:93} INFO -   File "/home/airflow/.local/lib/python3.12/site-packages/sqlalchemy/util/deprecations.py", line 375, in warned
[2026-05-13T18:35:23.731+0000] {subprocess.py:93} INFO -     return fn(*args, **kwargs)
[2026-05-13T18:35:23.732+0000] {subprocess.py:93} INFO -            ^^^^^^^^^^^^^^^^^^^
[2026-05-13T18:35:23.732+0000] {subprocess.py:93} INFO -   File "/home/airflow/.local/lib/python3.12/site-packages/sqlalchemy/engine/create.py", line 514, in create_engine
[2026-05-13T18:35:23.733+0000] {subprocess.py:93} INFO -     u = _url.make_url(url)
[2026-05-13T18:35:23.733+0000] {subprocess.py:93} INFO -         ^^^^^^^^^^^^^^^^^^
[2026-05-13T18:35:23.734+0000] {subprocess.py:93} INFO -   File "/home/airflow/.local/lib/python3.12/site-packages/sqlalchemy/engine/url.py", line 738, in make_url
[2026-05-13T18:35:23.735+0000] {subprocess.py:93} INFO -     return _parse_url(name_or_url)
[2026-05-13T18:35:23.735+0000] {subprocess.py:93} INFO -            ^^^^^^^^^^^^^^^^^^^^^^^
[2026-05-13T18:35:23.736+0000] {subprocess.py:93} INFO -   File "/home/airflow/.local/lib/python3.12/site-packages/sqlalchemy/engine/url.py", line 794, in _parse_url
[2026-05-13T18:35:23.737+0000] {subprocess.py:93} INFO -     components["port"] = int(components["port"])
[2026-05-13T18:35:23.738+0000] {subprocess.py:93} INFO -                          ^^^^^^^^^^^^^^^^^^^^^^^
[2026-05-13T18:35:23.738+0000] {subprocess.py:93} INFO - ValueError: invalid literal for int() with base 10: 'None'
[2026-05-13T18:35:23.840+0000] {subprocess.py:97} INFO - Command exited with return code 1
[2026-05-13T18:35:23.842+0000] {taskinstance.py:441} INFO - ::group::Post task execution logs
[2026-05-13T18:35:23.862+0000] {taskinstance.py:2905} ERROR - Task failed with exception
Traceback (most recent call last):
  File "/home/airflow/.local/lib/python3.12/site-packages/airflow/models/taskinstance.py", line 465, in _execute_task
    result = _execute_callable(context=context, **execute_callable_kwargs)
             ^^^^^^^^^^^^^^^^^^^^^^^^^^^^^^^^^^^^^^^^^^^^^^^^^^^^^^^^^^^^^
  File "/home/airflow/.local/lib/python3.12/site-packages/airflow/models/taskinstance.py", line 432, in _execute_callable
    return execute_callable(context=context, **execute_callable_kwargs)
           ^^^^^^^^^^^^^^^^^^^^^^^^^^^^^^^^^^^^^^^^^^^^^^^^^^^^^^^^^^^^
  File "/home/airflow/.local/lib/python3.12/site-packages/airflow/models/baseoperator.py", line 400, in wrapper
    return func(self, *args, **kwargs)
           ^^^^^^^^^^^^^^^^^^^^^^^^^^^
  File "/home/airflow/.local/lib/python3.12/site-packages/airflow/operators/bash.py", line 243, in execute
    raise AirflowException(
airflow.exceptions.AirflowException: Bash command failed. The command returned a non-zero exit code 1.
[2026-05-13T18:35:23.869+0000] {taskinstance.py:1206} INFO - Marking task as FAILED. dag_id=retail_pipeline, task_id=load, run_id=manual__2026-05-13T18:34:56.177987+00:00, execution_date=20260513T183456, start_date=20260513T183521, end_date=20260513T183523
[2026-05-13T18:35:23.888+0000] {standard_task_runner.py:110} ERROR - Failed to execute job 8 for task load (Bash command failed. The command returned a non-zero exit code 1.; 159)
[2026-05-13T18:35:23.928+0000] {local_task_job_runner.py:240} INFO - Task exited with return code 1
[2026-05-13T18:35:23.957+0000] {taskinstance.py:3498} INFO - 0 downstream tasks scheduled from follow-on schedule check
[2026-05-13T18:35:23.961+0000] {local_task_job_runner.py:222} INFO - ::endgroup::
