[2026-05-13T18:22:27.032+0000] {local_task_job_runner.py:120} INFO - ::group::Pre task execution logs
[2026-05-13T18:22:27.083+0000] {taskinstance.py:2076} INFO - Dependencies all met for dep_context=non-requeueable deps ti=<TaskInstance: retail_pipeline.extract manual__2026-05-13T18:22:20.832173+00:00 [queued]>
[2026-05-13T18:22:27.096+0000] {taskinstance.py:2076} INFO - Dependencies all met for dep_context=requeueable deps ti=<TaskInstance: retail_pipeline.extract manual__2026-05-13T18:22:20.832173+00:00 [queued]>
[2026-05-13T18:22:27.097+0000] {taskinstance.py:2306} INFO - Starting attempt 1 of 1
[2026-05-13T18:22:27.122+0000] {taskinstance.py:2330} INFO - Executing <Task(BashOperator): extract> on 2026-05-13 18:22:20.832173+00:00
[2026-05-13T18:22:27.131+0000] {standard_task_runner.py:63} INFO - Started process 36 to run task
[2026-05-13T18:22:27.135+0000] {standard_task_runner.py:90} INFO - Running: ['airflow', 'tasks', 'run', 'retail_pipeline', 'extract', 'manual__2026-05-13T18:22:20.832173+00:00', '--job-id', '9', '--raw', '--subdir', 'DAGS_FOLDER/retail_etl_dag.py', '--cfg-path', '/tmp/tmp3wm_w_fy']
[2026-05-13T18:22:27.139+0000] {standard_task_runner.py:91} INFO - Job 9: Subtask extract
[2026-05-13T18:22:27.264+0000] {task_command.py:426} INFO - Running <TaskInstance: retail_pipeline.extract manual__2026-05-13T18:22:20.832173+00:00 [running]> on host a5c9622af2da
[2026-05-13T18:22:27.447+0000] {taskinstance.py:2648} INFO - Exporting env vars: AIRFLOW_CTX_DAG_OWNER='airflow' AIRFLOW_CTX_DAG_ID='retail_pipeline' AIRFLOW_CTX_TASK_ID='extract' AIRFLOW_CTX_EXECUTION_DATE='2026-05-13T18:22:20.832173+00:00' AIRFLOW_CTX_TRY_NUMBER='1' AIRFLOW_CTX_DAG_RUN_ID='manual__2026-05-13T18:22:20.832173+00:00'
[2026-05-13T18:22:27.449+0000] {taskinstance.py:430} INFO - ::endgroup::
[2026-05-13T18:22:27.476+0000] {subprocess.py:63} INFO - Tmp dir root location: /tmp
[2026-05-13T18:22:27.478+0000] {subprocess.py:75} INFO - Running command: ['/usr/bin/bash', '-c', 'python /opt/airflow/scripts/extract.py']
[2026-05-13T18:22:27.491+0000] {subprocess.py:86} INFO - Output:
[2026-05-13T18:22:29.212+0000] {subprocess.py:93} INFO - Raw data extracted successfully
[2026-05-13T18:22:29.213+0000] {subprocess.py:93} INFO -        store        product_name       brand   category  price
[2026-05-13T18:22:29.213+0000] {subprocess.py:93} INFO - 0     Imtiaz      Olpers Milk 1L      Olpers      Dairy    320
[2026-05-13T18:22:29.214+0000] {subprocess.py:93} INFO - 1     Naheed      Olpers Milk 1L      Olpers      Dairy    335
[2026-05-13T18:22:29.215+0000] {subprocess.py:93} INFO - 2   Chase Up      Surf Excel 1kg  Surf Excel    Laundry    890
[2026-05-13T18:22:29.215+0000] {subprocess.py:93} INFO - 3  Carrefour  Tapal Danedar 900g       Tapal        Tea   1450
[2026-05-13T18:22:29.216+0000] {subprocess.py:93} INFO - 4     Imtiaz          Pepsi 1.5L       Pepsi  Beverages    210
[2026-05-13T18:22:29.411+0000] {subprocess.py:97} INFO - Command exited with return code 0
[2026-05-13T18:22:29.413+0000] {taskinstance.py:441} INFO - ::group::Post task execution logs
[2026-05-13T18:22:29.464+0000] {taskinstance.py:1206} INFO - Marking task as SUCCESS. dag_id=retail_pipeline, task_id=extract, run_id=manual__2026-05-13T18:22:20.832173+00:00, execution_date=20260513T182220, start_date=20260513T182227, end_date=20260513T182229
[2026-05-13T18:22:29.533+0000] {local_task_job_runner.py:240} INFO - Task exited with return code 0
[2026-05-13T18:22:29.614+0000] {taskinstance.py:3498} INFO - 1 downstream tasks scheduled from follow-on schedule check
[2026-05-13T18:22:29.618+0000] {local_task_job_runner.py:222} INFO - ::endgroup::
