[2026-05-13T18:47:10.991+0000] {local_task_job_runner.py:120} INFO - ::group::Pre task execution logs
[2026-05-13T18:47:11.050+0000] {taskinstance.py:2076} INFO - Dependencies all met for dep_context=non-requeueable deps ti=<TaskInstance: retail_pipeline.extract manual__2026-05-13T18:46:50.475397+00:00 [queued]>
[2026-05-13T18:47:11.065+0000] {taskinstance.py:2076} INFO - Dependencies all met for dep_context=requeueable deps ti=<TaskInstance: retail_pipeline.extract manual__2026-05-13T18:46:50.475397+00:00 [queued]>
[2026-05-13T18:47:11.066+0000] {taskinstance.py:2306} INFO - Starting attempt 1 of 1
[2026-05-13T18:47:11.091+0000] {taskinstance.py:2330} INFO - Executing <Task(BashOperator): extract> on 2026-05-13 18:46:50.475397+00:00
[2026-05-13T18:47:11.101+0000] {standard_task_runner.py:63} INFO - Started process 56 to run task
[2026-05-13T18:47:11.105+0000] {standard_task_runner.py:90} INFO - Running: ['airflow', 'tasks', 'run', 'retail_pipeline', 'extract', 'manual__2026-05-13T18:46:50.475397+00:00', '--job-id', '3', '--raw', '--subdir', 'DAGS_FOLDER/retail_etl_dag.py', '--cfg-path', '/tmp/tmpsntfeivl']
[2026-05-13T18:47:11.111+0000] {standard_task_runner.py:91} INFO - Job 3: Subtask extract
[2026-05-13T18:47:11.243+0000] {task_command.py:426} INFO - Running <TaskInstance: retail_pipeline.extract manual__2026-05-13T18:46:50.475397+00:00 [running]> on host 15638d0379e6
[2026-05-13T18:47:11.429+0000] {taskinstance.py:2648} INFO - Exporting env vars: AIRFLOW_CTX_DAG_OWNER='airflow' AIRFLOW_CTX_DAG_ID='retail_pipeline' AIRFLOW_CTX_TASK_ID='extract' AIRFLOW_CTX_EXECUTION_DATE='2026-05-13T18:46:50.475397+00:00' AIRFLOW_CTX_TRY_NUMBER='1' AIRFLOW_CTX_DAG_RUN_ID='manual__2026-05-13T18:46:50.475397+00:00'
[2026-05-13T18:47:11.431+0000] {taskinstance.py:430} INFO - ::endgroup::
[2026-05-13T18:47:11.465+0000] {subprocess.py:63} INFO - Tmp dir root location: /tmp
[2026-05-13T18:47:11.469+0000] {subprocess.py:75} INFO - Running command: ['/usr/bin/bash', '-c', 'python /opt/airflow/scripts/extract.py']
[2026-05-13T18:47:11.490+0000] {subprocess.py:86} INFO - Output:
[2026-05-13T18:47:13.423+0000] {subprocess.py:93} INFO - Raw data extracted successfully
[2026-05-13T18:47:13.424+0000] {subprocess.py:93} INFO -        store        product_name       brand   category  price
[2026-05-13T18:47:13.425+0000] {subprocess.py:93} INFO - 0     Imtiaz      Olpers Milk 1L      Olpers      Dairy    320
[2026-05-13T18:47:13.426+0000] {subprocess.py:93} INFO - 1     Naheed      Olpers Milk 1L      Olpers      Dairy    335
[2026-05-13T18:47:13.427+0000] {subprocess.py:93} INFO - 2   Chase Up      Surf Excel 1kg  Surf Excel    Laundry    890
[2026-05-13T18:47:13.427+0000] {subprocess.py:93} INFO - 3  Carrefour  Tapal Danedar 900g       Tapal        Tea   1450
[2026-05-13T18:47:13.429+0000] {subprocess.py:93} INFO - 4     Imtiaz          Pepsi 1.5L       Pepsi  Beverages    210
[2026-05-13T18:47:13.605+0000] {subprocess.py:97} INFO - Command exited with return code 0
[2026-05-13T18:47:13.609+0000] {taskinstance.py:441} INFO - ::group::Post task execution logs
[2026-05-13T18:47:13.744+0000] {taskinstance.py:1206} INFO - Marking task as SUCCESS. dag_id=retail_pipeline, task_id=extract, run_id=manual__2026-05-13T18:46:50.475397+00:00, execution_date=20260513T184650, start_date=20260513T184711, end_date=20260513T184713
[2026-05-13T18:47:13.830+0000] {local_task_job_runner.py:240} INFO - Task exited with return code 0
[2026-05-13T18:47:13.938+0000] {taskinstance.py:3498} INFO - 1 downstream tasks scheduled from follow-on schedule check
[2026-05-13T18:47:13.942+0000] {local_task_job_runner.py:222} INFO - ::endgroup::
