[2026-05-13T18:47:34.495+0000] {local_task_job_runner.py:120} INFO - ::group::Pre task execution logs
[2026-05-13T18:47:34.543+0000] {taskinstance.py:2076} INFO - Dependencies all met for dep_context=non-requeueable deps ti=<TaskInstance: retail_pipeline.load scheduled__2026-05-12T00:00:00+00:00 [queued]>
[2026-05-13T18:47:34.557+0000] {taskinstance.py:2076} INFO - Dependencies all met for dep_context=requeueable deps ti=<TaskInstance: retail_pipeline.load scheduled__2026-05-12T00:00:00+00:00 [queued]>
[2026-05-13T18:47:34.558+0000] {taskinstance.py:2306} INFO - Starting attempt 1 of 1
[2026-05-13T18:47:34.577+0000] {taskinstance.py:2330} INFO - Executing <Task(BashOperator): load> on 2026-05-12 00:00:00+00:00
[2026-05-13T18:47:34.583+0000] {standard_task_runner.py:63} INFO - Started process 110 to run task
[2026-05-13T18:47:34.588+0000] {standard_task_runner.py:90} INFO - Running: ['airflow', 'tasks', 'run', 'retail_pipeline', 'load', 'scheduled__2026-05-12T00:00:00+00:00', '--job-id', '6', '--raw', '--subdir', 'DAGS_FOLDER/retail_etl_dag.py', '--cfg-path', '/tmp/tmpw_kij1em']
[2026-05-13T18:47:34.591+0000] {standard_task_runner.py:91} INFO - Job 6: Subtask load
[2026-05-13T18:47:34.699+0000] {task_command.py:426} INFO - Running <TaskInstance: retail_pipeline.load scheduled__2026-05-12T00:00:00+00:00 [running]> on host 15638d0379e6
[2026-05-13T18:47:34.841+0000] {taskinstance.py:2648} INFO - Exporting env vars: AIRFLOW_CTX_DAG_OWNER='airflow' AIRFLOW_CTX_DAG_ID='retail_pipeline' AIRFLOW_CTX_TASK_ID='load' AIRFLOW_CTX_EXECUTION_DATE='2026-05-12T00:00:00+00:00' AIRFLOW_CTX_TRY_NUMBER='1' AIRFLOW_CTX_DAG_RUN_ID='scheduled__2026-05-12T00:00:00+00:00'
[2026-05-13T18:47:34.844+0000] {taskinstance.py:430} INFO - ::endgroup::
[2026-05-13T18:47:34.901+0000] {subprocess.py:63} INFO - Tmp dir root location: /tmp
[2026-05-13T18:47:34.903+0000] {subprocess.py:75} INFO - Running command: ['/usr/bin/bash', '-c', 'python /opt/airflow/scripts/load.py']
[2026-05-13T18:47:34.920+0000] {subprocess.py:86} INFO - Output:
[2026-05-13T18:47:36.816+0000] {subprocess.py:93} INFO - 2026-05-13 18:47:36,816 - INFO - Pipeline started
[2026-05-13T18:47:36.914+0000] {subprocess.py:93} INFO - postgresql://retail:***@localhost:5432/retail_dw
[2026-05-13T18:47:36.918+0000] {subprocess.py:93} INFO - Traceback (most recent call last):
[2026-05-13T18:47:36.918+0000] {subprocess.py:93} INFO -   File "/home/airflow/.local/lib/python3.12/site-packages/sqlalchemy/engine/base.py", line 3371, in _wrap_pool_connect
[2026-05-13T18:47:36.919+0000] {subprocess.py:93} INFO -     return fn()
[2026-05-13T18:47:36.919+0000] {subprocess.py:93} INFO -            ^^^^
[2026-05-13T18:47:36.920+0000] {subprocess.py:93} INFO -   File "/home/airflow/.local/lib/python3.12/site-packages/sqlalchemy/pool/base.py", line 327, in connect
[2026-05-13T18:47:36.921+0000] {subprocess.py:93} INFO -     return _ConnectionFairy._checkout(self)
[2026-05-13T18:47:36.922+0000] {subprocess.py:93} INFO -            ^^^^^^^^^^^^^^^^^^^^^^^^^^^^^^^^
[2026-05-13T18:47:36.923+0000] {subprocess.py:93} INFO -   File "/home/airflow/.local/lib/python3.12/site-packages/sqlalchemy/pool/base.py", line 894, in _checkout
[2026-05-13T18:47:36.924+0000] {subprocess.py:93} INFO -     fairy = _ConnectionRecord.checkout(pool)
[2026-05-13T18:47:36.924+0000] {subprocess.py:93} INFO -             ^^^^^^^^^^^^^^^^^^^^^^^^^^^^^^^^
[2026-05-13T18:47:36.925+0000] {subprocess.py:93} INFO -   File "/home/airflow/.local/lib/python3.12/site-packages/sqlalchemy/pool/base.py", line 493, in checkout
[2026-05-13T18:47:36.925+0000] {subprocess.py:93} INFO -     rec = pool._do_get()
[2026-05-13T18:47:36.926+0000] {subprocess.py:93} INFO -           ^^^^^^^^^^^^^^
[2026-05-13T18:47:36.926+0000] {subprocess.py:93} INFO -   File "/home/airflow/.local/lib/python3.12/site-packages/sqlalchemy/pool/impl.py", line 145, in _do_get
[2026-05-13T18:47:36.927+0000] {subprocess.py:93} INFO -     with util.safe_reraise():
[2026-05-13T18:47:36.927+0000] {subprocess.py:93} INFO -   File "/home/airflow/.local/lib/python3.12/site-packages/sqlalchemy/util/langhelpers.py", line 70, in __exit__
[2026-05-13T18:47:36.928+0000] {subprocess.py:93} INFO -     compat.raise_(
[2026-05-13T18:47:36.928+0000] {subprocess.py:93} INFO -   File "/home/airflow/.local/lib/python3.12/site-packages/sqlalchemy/util/compat.py", line 211, in raise_
[2026-05-13T18:47:36.929+0000] {subprocess.py:93} INFO -     raise exception
[2026-05-13T18:47:36.930+0000] {subprocess.py:93} INFO -   File "/home/airflow/.local/lib/python3.12/site-packages/sqlalchemy/pool/impl.py", line 143, in _do_get
[2026-05-13T18:47:36.930+0000] {subprocess.py:93} INFO -     return self._create_connection()
[2026-05-13T18:47:36.931+0000] {subprocess.py:93} INFO -            ^^^^^^^^^^^^^^^^^^^^^^^^^
[2026-05-13T18:47:36.931+0000] {subprocess.py:93} INFO -   File "/home/airflow/.local/lib/python3.12/site-packages/sqlalchemy/pool/base.py", line 273, in _create_connection
[2026-05-13T18:47:36.932+0000] {subprocess.py:93} INFO -     return _ConnectionRecord(self)
[2026-05-13T18:47:36.932+0000] {subprocess.py:93} INFO -            ^^^^^^^^^^^^^^^^^^^^^^^
[2026-05-13T18:47:36.933+0000] {subprocess.py:93} INFO -   File "/home/airflow/.local/lib/python3.12/site-packages/sqlalchemy/pool/base.py", line 388, in __init__
[2026-05-13T18:47:36.933+0000] {subprocess.py:93} INFO -     self.__connect()
[2026-05-13T18:47:36.934+0000] {subprocess.py:93} INFO -   File "/home/airflow/.local/lib/python3.12/site-packages/sqlalchemy/pool/base.py", line 690, in __connect
[2026-05-13T18:47:36.935+0000] {subprocess.py:93} INFO -     with util.safe_reraise():
[2026-05-13T18:47:36.935+0000] {subprocess.py:93} INFO -   File "/home/airflow/.local/lib/python3.12/site-packages/sqlalchemy/util/langhelpers.py", line 70, in __exit__
[2026-05-13T18:47:36.936+0000] {subprocess.py:93} INFO -     compat.raise_(
[2026-05-13T18:47:36.936+0000] {subprocess.py:93} INFO -   File "/home/airflow/.local/lib/python3.12/site-packages/sqlalchemy/util/compat.py", line 211, in raise_
[2026-05-13T18:47:36.937+0000] {subprocess.py:93} INFO -     raise exception
[2026-05-13T18:47:36.938+0000] {subprocess.py:93} INFO -   File "/home/airflow/.local/lib/python3.12/site-packages/sqlalchemy/pool/base.py", line 686, in __connect
[2026-05-13T18:47:36.938+0000] {subprocess.py:93} INFO -     self.dbapi_connection = connection = pool._invoke_creator(self)
[2026-05-13T18:47:36.939+0000] {subprocess.py:93} INFO -                                          ^^^^^^^^^^^^^^^^^^^^^^^^^^
[2026-05-13T18:47:36.941+0000] {subprocess.py:93} INFO -   File "/home/airflow/.local/lib/python3.12/site-packages/sqlalchemy/engine/create.py", line 574, in connect
[2026-05-13T18:47:36.941+0000] {subprocess.py:93} INFO -     return dialect.connect(*cargs, **cparams)
[2026-05-13T18:47:36.942+0000] {subprocess.py:93} INFO -            ^^^^^^^^^^^^^^^^^^^^^^^^^^^^^^^^^^
[2026-05-13T18:47:36.943+0000] {subprocess.py:93} INFO -   File "/home/airflow/.local/lib/python3.12/site-packages/sqlalchemy/engine/default.py", line 598, in connect
[2026-05-13T18:47:36.944+0000] {subprocess.py:93} INFO -     return self.dbapi.connect(*cargs, **cparams)
[2026-05-13T18:47:36.945+0000] {subprocess.py:93} INFO -            ^^^^^^^^^^^^^^^^^^^^^^^^^^^^^^^^^^^^^
[2026-05-13T18:47:36.945+0000] {subprocess.py:93} INFO -   File "/home/airflow/.local/lib/python3.12/site-packages/psycopg2/__init__.py", line 122, in connect
[2026-05-13T18:47:36.946+0000] {subprocess.py:93} INFO -     conn = _connect(dsn, connection_factory=connection_factory, **kwasync)
[2026-05-13T18:47:36.947+0000] {subprocess.py:93} INFO -            ^^^^^^^^^^^^^^^^^^^^^^^^^^^^^^^^^^^^^^^^^^^^^^^^^^^^^^^^^^^^^^^
[2026-05-13T18:47:36.947+0000] {subprocess.py:93} INFO - psycopg2.OperationalError: connection to server at "localhost" (::1), port 5432 failed: Connection refused
[2026-05-13T18:47:36.948+0000] {subprocess.py:93} INFO - 	Is the server running on that host and accepting TCP/IP connections?
[2026-05-13T18:47:36.948+0000] {subprocess.py:93} INFO - connection to server at "localhost" (127.0.0.1), port 5432 failed: Connection refused
[2026-05-13T18:47:36.949+0000] {subprocess.py:93} INFO - 	Is the server running on that host and accepting TCP/IP connections?
[2026-05-13T18:47:36.950+0000] {subprocess.py:93} INFO - 
[2026-05-13T18:47:36.950+0000] {subprocess.py:93} INFO - 
[2026-05-13T18:47:36.951+0000] {subprocess.py:93} INFO - The above exception was the direct cause of the following exception:
[2026-05-13T18:47:36.952+0000] {subprocess.py:93} INFO - 
[2026-05-13T18:47:36.953+0000] {subprocess.py:93} INFO - Traceback (most recent call last):
[2026-05-13T18:47:36.954+0000] {subprocess.py:93} INFO -   File "/opt/airflow/scripts/load.py", line 37, in <module>
[2026-05-13T18:47:36.954+0000] {subprocess.py:93} INFO -     df.to_sql(
[2026-05-13T18:47:36.955+0000] {subprocess.py:93} INFO -   File "/home/airflow/.local/lib/python3.12/site-packages/pandas/util/_decorators.py", line 333, in wrapper
[2026-05-13T18:47:36.956+0000] {subprocess.py:93} INFO -     return func(*args, **kwargs)
[2026-05-13T18:47:36.956+0000] {subprocess.py:93} INFO -            ^^^^^^^^^^^^^^^^^^^^^
[2026-05-13T18:47:36.957+0000] {subprocess.py:93} INFO -   File "/home/airflow/.local/lib/python3.12/site-packages/pandas/core/generic.py", line 3008, in to_sql
[2026-05-13T18:47:36.958+0000] {subprocess.py:93} INFO -     return sql.to_sql(
[2026-05-13T18:47:36.959+0000] {subprocess.py:93} INFO -            ^^^^^^^^^^^
[2026-05-13T18:47:36.960+0000] {subprocess.py:93} INFO -   File "/home/airflow/.local/lib/python3.12/site-packages/pandas/io/sql.py", line 787, in to_sql
[2026-05-13T18:47:36.960+0000] {subprocess.py:93} INFO -     with pandasSQL_builder(con, schema=schema, need_transaction=True) as pandas_sql:
[2026-05-13T18:47:36.961+0000] {subprocess.py:93} INFO -          ^^^^^^^^^^^^^^^^^^^^^^^^^^^^^^^^^^^^^^^^^^^^^^^^^^^^^^^^^^^^
[2026-05-13T18:47:36.961+0000] {subprocess.py:93} INFO -   File "/home/airflow/.local/lib/python3.12/site-packages/pandas/io/sql.py", line 851, in pandasSQL_builder
[2026-05-13T18:47:36.962+0000] {subprocess.py:93} INFO -     return SQLDatabase(con, schema, need_transaction)
[2026-05-13T18:47:36.963+0000] {subprocess.py:93} INFO -            ^^^^^^^^^^^^^^^^^^^^^^^^^^^^^^^^^^^^^^^^^^
[2026-05-13T18:47:36.963+0000] {subprocess.py:93} INFO -   File "/home/airflow/.local/lib/python3.12/site-packages/pandas/io/sql.py", line 1576, in __init__
[2026-05-13T18:47:36.964+0000] {subprocess.py:93} INFO -     con = self.exit_stack.enter_context(con.connect())
[2026-05-13T18:47:36.964+0000] {subprocess.py:93} INFO -                                         ^^^^^^^^^^^^^
[2026-05-13T18:47:36.965+0000] {subprocess.py:93} INFO -   File "/home/airflow/.local/lib/python3.12/site-packages/sqlalchemy/engine/base.py", line 3325, in connect
[2026-05-13T18:47:36.965+0000] {subprocess.py:93} INFO -     return self._connection_cls(self, close_with_result=close_with_result)
[2026-05-13T18:47:36.966+0000] {subprocess.py:93} INFO -            ^^^^^^^^^^^^^^^^^^^^^^^^^^^^^^^^^^^^^^^^^^^^^^^^^^^^^^^^^^^^^^^
[2026-05-13T18:47:36.967+0000] {subprocess.py:93} INFO -   File "/home/airflow/.local/lib/python3.12/site-packages/sqlalchemy/engine/base.py", line 96, in __init__
[2026-05-13T18:47:36.967+0000] {subprocess.py:93} INFO -     else engine.raw_connection()
[2026-05-13T18:47:36.968+0000] {subprocess.py:93} INFO -          ^^^^^^^^^^^^^^^^^^^^^^^
[2026-05-13T18:47:36.969+0000] {subprocess.py:93} INFO -   File "/home/airflow/.local/lib/python3.12/site-packages/sqlalchemy/engine/base.py", line 3404, in raw_connection
[2026-05-13T18:47:36.969+0000] {subprocess.py:93} INFO -     return self._wrap_pool_connect(self.pool.connect, _connection)
[2026-05-13T18:47:36.970+0000] {subprocess.py:93} INFO -            ^^^^^^^^^^^^^^^^^^^^^^^^^^^^^^^^^^^^^^^^^^^^^^^^^^^^^^^
[2026-05-13T18:47:36.971+0000] {subprocess.py:93} INFO -   File "/home/airflow/.local/lib/python3.12/site-packages/sqlalchemy/engine/base.py", line 3374, in _wrap_pool_connect
[2026-05-13T18:47:36.972+0000] {subprocess.py:93} INFO -     Connection._handle_dbapi_exception_noconnection(
[2026-05-13T18:47:36.972+0000] {subprocess.py:93} INFO -   File "/home/airflow/.local/lib/python3.12/site-packages/sqlalchemy/engine/base.py", line 2208, in _handle_dbapi_exception_noconnection
[2026-05-13T18:47:36.973+0000] {subprocess.py:93} INFO -     util.raise_(
[2026-05-13T18:47:36.973+0000] {subprocess.py:93} INFO -   File "/home/airflow/.local/lib/python3.12/site-packages/sqlalchemy/util/compat.py", line 211, in raise_
[2026-05-13T18:47:36.974+0000] {subprocess.py:93} INFO -     raise exception
[2026-05-13T18:47:36.978+0000] {subprocess.py:93} INFO -   File "/home/airflow/.local/lib/python3.12/site-packages/sqlalchemy/engine/base.py", line 3371, in _wrap_pool_connect
[2026-05-13T18:47:36.979+0000] {subprocess.py:93} INFO -     return fn()
[2026-05-13T18:47:36.979+0000] {subprocess.py:93} INFO -            ^^^^
[2026-05-13T18:47:36.980+0000] {subprocess.py:93} INFO -   File "/home/airflow/.local/lib/python3.12/site-packages/sqlalchemy/pool/base.py", line 327, in connect
[2026-05-13T18:47:36.981+0000] {subprocess.py:93} INFO -     return _ConnectionFairy._checkout(self)
[2026-05-13T18:47:36.981+0000] {subprocess.py:93} INFO -            ^^^^^^^^^^^^^^^^^^^^^^^^^^^^^^^^
[2026-05-13T18:47:36.982+0000] {subprocess.py:93} INFO -   File "/home/airflow/.local/lib/python3.12/site-packages/sqlalchemy/pool/base.py", line 894, in _checkout
[2026-05-13T18:47:36.983+0000] {subprocess.py:93} INFO -     fairy = _ConnectionRecord.checkout(pool)
[2026-05-13T18:47:36.983+0000] {subprocess.py:93} INFO -             ^^^^^^^^^^^^^^^^^^^^^^^^^^^^^^^^
[2026-05-13T18:47:36.984+0000] {subprocess.py:93} INFO -   File "/home/airflow/.local/lib/python3.12/site-packages/sqlalchemy/pool/base.py", line 493, in checkout
[2026-05-13T18:47:36.985+0000] {subprocess.py:93} INFO -     rec = pool._do_get()
[2026-05-13T18:47:36.985+0000] {subprocess.py:93} INFO -           ^^^^^^^^^^^^^^
[2026-05-13T18:47:36.986+0000] {subprocess.py:93} INFO -   File "/home/airflow/.local/lib/python3.12/site-packages/sqlalchemy/pool/impl.py", line 145, in _do_get
[2026-05-13T18:47:36.987+0000] {subprocess.py:93} INFO -     with util.safe_reraise():
[2026-05-13T18:47:36.987+0000] {subprocess.py:93} INFO -   File "/home/airflow/.local/lib/python3.12/site-packages/sqlalchemy/util/langhelpers.py", line 70, in __exit__
[2026-05-13T18:47:36.988+0000] {subprocess.py:93} INFO -     compat.raise_(
[2026-05-13T18:47:36.988+0000] {subprocess.py:93} INFO -   File "/home/airflow/.local/lib/python3.12/site-packages/sqlalchemy/util/compat.py", line 211, in raise_
[2026-05-13T18:47:36.989+0000] {subprocess.py:93} INFO -     raise exception
[2026-05-13T18:47:36.989+0000] {subprocess.py:93} INFO -   File "/home/airflow/.local/lib/python3.12/site-packages/sqlalchemy/pool/impl.py", line 143, in _do_get
[2026-05-13T18:47:36.990+0000] {subprocess.py:93} INFO -     return self._create_connection()
[2026-05-13T18:47:36.990+0000] {subprocess.py:93} INFO -            ^^^^^^^^^^^^^^^^^^^^^^^^^
[2026-05-13T18:47:36.991+0000] {subprocess.py:93} INFO -   File "/home/airflow/.local/lib/python3.12/site-packages/sqlalchemy/pool/base.py", line 273, in _create_connection
[2026-05-13T18:47:36.992+0000] {subprocess.py:93} INFO -     return _ConnectionRecord(self)
[2026-05-13T18:47:36.993+0000] {subprocess.py:93} INFO -            ^^^^^^^^^^^^^^^^^^^^^^^
[2026-05-13T18:47:36.994+0000] {subprocess.py:93} INFO -   File "/home/airflow/.local/lib/python3.12/site-packages/sqlalchemy/pool/base.py", line 388, in __init__
[2026-05-13T18:47:36.995+0000] {subprocess.py:93} INFO -     self.__connect()
[2026-05-13T18:47:36.996+0000] {subprocess.py:93} INFO -   File "/home/airflow/.local/lib/python3.12/site-packages/sqlalchemy/pool/base.py", line 690, in __connect
[2026-05-13T18:47:36.997+0000] {subprocess.py:93} INFO -     with util.safe_reraise():
[2026-05-13T18:47:36.997+0000] {subprocess.py:93} INFO -   File "/home/airflow/.local/lib/python3.12/site-packages/sqlalchemy/util/langhelpers.py", line 70, in __exit__
[2026-05-13T18:47:36.998+0000] {subprocess.py:93} INFO -     compat.raise_(
[2026-05-13T18:47:36.999+0000] {subprocess.py:93} INFO -   File "/home/airflow/.local/lib/python3.12/site-packages/sqlalchemy/util/compat.py", line 211, in raise_
[2026-05-13T18:47:36.999+0000] {subprocess.py:93} INFO -     raise exception
[2026-05-13T18:47:37.000+0000] {subprocess.py:93} INFO -   File "/home/airflow/.local/lib/python3.12/site-packages/sqlalchemy/pool/base.py", line 686, in __connect
[2026-05-13T18:47:37.000+0000] {subprocess.py:93} INFO -     self.dbapi_connection = connection = pool._invoke_creator(self)
[2026-05-13T18:47:37.001+0000] {subprocess.py:93} INFO -                                          ^^^^^^^^^^^^^^^^^^^^^^^^^^
[2026-05-13T18:47:37.002+0000] {subprocess.py:93} INFO -   File "/home/airflow/.local/lib/python3.12/site-packages/sqlalchemy/engine/create.py", line 574, in connect
[2026-05-13T18:47:37.002+0000] {subprocess.py:93} INFO -     return dialect.connect(*cargs, **cparams)
[2026-05-13T18:47:37.003+0000] {subprocess.py:93} INFO -            ^^^^^^^^^^^^^^^^^^^^^^^^^^^^^^^^^^
[2026-05-13T18:47:37.004+0000] {subprocess.py:93} INFO -   File "/home/airflow/.local/lib/python3.12/site-packages/sqlalchemy/engine/default.py", line 598, in connect
[2026-05-13T18:47:37.004+0000] {subprocess.py:93} INFO -     return self.dbapi.connect(*cargs, **cparams)
[2026-05-13T18:47:37.005+0000] {subprocess.py:93} INFO -            ^^^^^^^^^^^^^^^^^^^^^^^^^^^^^^^^^^^^^
[2026-05-13T18:47:37.005+0000] {subprocess.py:93} INFO -   File "/home/airflow/.local/lib/python3.12/site-packages/psycopg2/__init__.py", line 122, in connect
[2026-05-13T18:47:37.006+0000] {subprocess.py:93} INFO -     conn = _connect(dsn, connection_factory=connection_factory, **kwasync)
[2026-05-13T18:47:37.007+0000] {subprocess.py:93} INFO -            ^^^^^^^^^^^^^^^^^^^^^^^^^^^^^^^^^^^^^^^^^^^^^^^^^^^^^^^^^^^^^^^
[2026-05-13T18:47:37.007+0000] {subprocess.py:93} INFO - sqlalchemy.exc.OperationalError: (psycopg2.OperationalError) connection to server at "localhost" (::1), port 5432 failed: Connection refused
[2026-05-13T18:47:37.008+0000] {subprocess.py:93} INFO - 	Is the server running on that host and accepting TCP/IP connections?
[2026-05-13T18:47:37.008+0000] {subprocess.py:93} INFO - connection to server at "localhost" (127.0.0.1), port 5432 failed: Connection refused
[2026-05-13T18:47:37.009+0000] {subprocess.py:93} INFO - 	Is the server running on that host and accepting TCP/IP connections?
[2026-05-13T18:47:37.011+0000] {subprocess.py:93} INFO - 
[2026-05-13T18:47:37.012+0000] {subprocess.py:93} INFO - (Background on this error at: https://sqlalche.me/e/14/e3q8)
[2026-05-13T18:47:37.120+0000] {subprocess.py:97} INFO - Command exited with return code 1
[2026-05-13T18:47:37.129+0000] {taskinstance.py:441} INFO - ::group::Post task execution logs
[2026-05-13T18:47:37.233+0000] {taskinstance.py:2905} ERROR - Task failed with exception
Traceback (most recent call last):
  File "/home/airflow/.local/lib/python3.12/site-packages/airflow/models/taskinstance.py", line 465, in _execute_task
    result = _execute_callable(context=context, **execute_callable_kwargs)
             ^^^^^^^^^^^^^^^^^^^^^^^^^^^^^^^^^^^^^^^^^^^^^^^^^^^^^^^^^^^^^
  File "/home/airflow/.local/lib/python3.12/site-packages/airflow/models/taskinstance.py", line 432, in _execute_callable
    return execute_callable(context=context, **execute_callable_kwargs)
           ^^^^^^^^^^^^^^^^^^^^^^^^^^^^^^^^^^^^^^^^^^^^^^^^^^^^^^^^^^^^
  File "/home/airflow/.local/lib/python3.12/site-packages/airflow/models/baseoperator.py", line 400, in wrapper
    return func(self, *args, **kwargs)
           ^^^^^^^^^^^^^^^^^^^^^^^^^^^
  File "/home/airflow/.local/lib/python3.12/site-packages/airflow/operators/bash.py", line 243, in execute
    raise AirflowException(
airflow.exceptions.AirflowException: Bash command failed. The command returned a non-zero exit code 1.
[2026-05-13T18:47:37.249+0000] {taskinstance.py:1206} INFO - Marking task as FAILED. dag_id=retail_pipeline, task_id=load, run_id=scheduled__2026-05-12T00:00:00+00:00, execution_date=20260512T000000, start_date=20260513T184734, end_date=20260513T184737
[2026-05-13T18:47:37.288+0000] {standard_task_runner.py:110} ERROR - Failed to execute job 6 for task load (Bash command failed. The command returned a non-zero exit code 1.; 110)
[2026-05-13T18:47:37.312+0000] {local_task_job_runner.py:240} INFO - Task exited with return code 1
[2026-05-13T18:47:37.358+0000] {taskinstance.py:3498} INFO - 0 downstream tasks scheduled from follow-on schedule check
[2026-05-13T18:47:37.362+0000] {local_task_job_runner.py:222} INFO - ::endgroup::
[2026-05-13T18:54:40.605+0000] {local_task_job_runner.py:120} INFO - ::group::Pre task execution logs
[2026-05-13T18:54:40.658+0000] {taskinstance.py:2076} INFO - Dependencies all met for dep_context=non-requeueable deps ti=<TaskInstance: retail_pipeline.load scheduled__2026-05-12T00:00:00+00:00 [queued]>
[2026-05-13T18:54:40.671+0000] {taskinstance.py:2076} INFO - Dependencies all met for dep_context=requeueable deps ti=<TaskInstance: retail_pipeline.load scheduled__2026-05-12T00:00:00+00:00 [queued]>
[2026-05-13T18:54:40.672+0000] {taskinstance.py:2306} INFO - Starting attempt 1 of 1
[2026-05-13T18:54:40.692+0000] {taskinstance.py:2330} INFO - Executing <Task(BashOperator): load> on 2026-05-12 00:00:00+00:00
[2026-05-13T18:54:40.698+0000] {standard_task_runner.py:63} INFO - Started process 110 to run task
[2026-05-13T18:54:40.703+0000] {standard_task_runner.py:90} INFO - Running: ['airflow', 'tasks', 'run', 'retail_pipeline', 'load', 'scheduled__2026-05-12T00:00:00+00:00', '--job-id', '6', '--raw', '--subdir', 'DAGS_FOLDER/retail_etl_dag.py', '--cfg-path', '/tmp/tmp9qmitdfx']
[2026-05-13T18:54:40.706+0000] {standard_task_runner.py:91} INFO - Job 6: Subtask load
[2026-05-13T18:54:40.827+0000] {task_command.py:426} INFO - Running <TaskInstance: retail_pipeline.load scheduled__2026-05-12T00:00:00+00:00 [running]> on host ae42a2fea709
[2026-05-13T18:54:40.974+0000] {taskinstance.py:2648} INFO - Exporting env vars: AIRFLOW_CTX_DAG_OWNER='airflow' AIRFLOW_CTX_DAG_ID='retail_pipeline' AIRFLOW_CTX_TASK_ID='load' AIRFLOW_CTX_EXECUTION_DATE='2026-05-12T00:00:00+00:00' AIRFLOW_CTX_TRY_NUMBER='1' AIRFLOW_CTX_DAG_RUN_ID='scheduled__2026-05-12T00:00:00+00:00'
[2026-05-13T18:54:40.975+0000] {taskinstance.py:430} INFO - ::endgroup::
[2026-05-13T18:54:40.997+0000] {subprocess.py:63} INFO - Tmp dir root location: /tmp
[2026-05-13T18:54:40.999+0000] {subprocess.py:75} INFO - Running command: ['/usr/bin/bash', '-c', 'python /opt/airflow/scripts/load.py']
[2026-05-13T18:54:41.010+0000] {subprocess.py:86} INFO - Output:
[2026-05-13T18:54:42.595+0000] {subprocess.py:93} INFO - 2026-05-13 18:54:42,595 - INFO - Pipeline started
[2026-05-13T18:54:42.785+0000] {subprocess.py:93} INFO - 2026-05-13 18:54:42,785 - INFO - Data loaded successfully
[2026-05-13T18:54:42.786+0000] {subprocess.py:93} INFO - postgresql://retail:***@host.docker.internal:5432/retail_dw
[2026-05-13T18:54:42.916+0000] {subprocess.py:97} INFO - Command exited with return code 0
[2026-05-13T18:54:42.918+0000] {taskinstance.py:441} INFO - ::group::Post task execution logs
[2026-05-13T18:54:42.967+0000] {taskinstance.py:1206} INFO - Marking task as SUCCESS. dag_id=retail_pipeline, task_id=load, run_id=scheduled__2026-05-12T00:00:00+00:00, execution_date=20260512T000000, start_date=20260513T185440, end_date=20260513T185442
[2026-05-13T18:54:43.015+0000] {local_task_job_runner.py:240} INFO - Task exited with return code 0
[2026-05-13T18:54:43.051+0000] {taskinstance.py:3498} INFO - 0 downstream tasks scheduled from follow-on schedule check
[2026-05-13T18:54:43.055+0000] {local_task_job_runner.py:222} INFO - ::endgroup::
