[2026-05-13T17:43:02.550+0000] {manager.py:470} INFO - Processing files using up to 2 processes at a time 
[2026-05-13T17:43:02.554+0000] {manager.py:471} INFO - Process each file at most once every 30 seconds
[2026-05-13T17:43:02.557+0000] {manager.py:472} INFO - Checking for new files in /opt/airflow/dags every 300 seconds
[2026-05-13T17:43:02.562+0000] {manager.py:737} INFO - Searching for files in /opt/airflow/dags
[2026-05-13T17:43:02.625+0000] {manager.py:740} INFO - There are 1 files in /opt/airflow/dags
[2026-05-13T17:43:03.166+0000] {manager.py:878} INFO - 
================================================================================
DAG File Processing Stats

File Path                              PID  Runtime      # DAGs    # Errors  Last Runtime    Last Run
-----------------------------------  -----  ---------  --------  ----------  --------------  ----------
/opt/airflow/dags/retail_etl_dag.py     25  0.33s             0           0
================================================================================
[2026-05-13T17:43:15.032+0000] {manager.py:452} INFO - Exiting gracefully upon receiving signal 15
[2026-05-13T17:44:53.023+0000] {manager.py:470} INFO - Processing files using up to 2 processes at a time 
[2026-05-13T17:44:53.030+0000] {manager.py:471} INFO - Process each file at most once every 30 seconds
[2026-05-13T17:44:53.033+0000] {manager.py:472} INFO - Checking for new files in /opt/airflow/dags every 300 seconds
[2026-05-13T17:44:53.036+0000] {manager.py:737} INFO - Searching for files in /opt/airflow/dags
[2026-05-13T17:44:53.163+0000] {manager.py:740} INFO - There are 1 files in /opt/airflow/dags
[2026-05-13T17:44:53.702+0000] {manager.py:878} INFO - 
================================================================================
DAG File Processing Stats

File Path                              PID  Runtime      # DAGs    # Errors  Last Runtime    Last Run
-----------------------------------  -----  ---------  --------  ----------  --------------  ----------
/opt/airflow/dags/retail_etl_dag.py     25  0.29s             0           0
================================================================================
[2026-05-13T17:45:22.029+0000] {manager.py:878} INFO - 
================================================================================
DAG File Processing Stats

File Path                            PID    Runtime      # DAGs    # Errors  Last Runtime    Last Run
-----------------------------------  -----  ---------  --------  ----------  --------------  -------------------
/opt/airflow/dags/retail_etl_dag.py                           1           0  2.03s           2026-05-13T17:44:55
================================================================================
[2026-05-13T17:45:50.449+0000] {manager.py:878} INFO - 
================================================================================
DAG File Processing Stats

File Path                            PID    Runtime      # DAGs    # Errors  Last Runtime    Last Run
-----------------------------------  -----  ---------  --------  ----------  --------------  -------------------
/opt/airflow/dags/retail_etl_dag.py                           1           0  1.46s           2026-05-13T17:45:27
================================================================================
[2026-05-13T17:46:19.230+0000] {manager.py:878} INFO - 
================================================================================
DAG File Processing Stats

File Path                            PID    Runtime      # DAGs    # Errors  Last Runtime    Last Run
-----------------------------------  -----  ---------  --------  ----------  --------------  -------------------
/opt/airflow/dags/retail_etl_dag.py                           1           0  0.57s           2026-05-13T17:45:58
================================================================================
[2026-05-13T17:46:47.971+0000] {manager.py:878} INFO - 
================================================================================
DAG File Processing Stats

File Path                            PID    Runtime      # DAGs    # Errors  Last Runtime    Last Run
-----------------------------------  -----  ---------  --------  ----------  --------------  -------------------
/opt/airflow/dags/retail_etl_dag.py                           1           0  0.95s           2026-05-13T17:46:29
================================================================================
[2026-05-13T17:47:15.855+0000] {manager.py:878} INFO - 
================================================================================
DAG File Processing Stats

File Path                            PID    Runtime      # DAGs    # Errors  Last Runtime    Last Run
-----------------------------------  -----  ---------  --------  ----------  --------------  -------------------
/opt/airflow/dags/retail_etl_dag.py                           1           0  0.82s           2026-05-13T17:47:00
================================================================================
[2026-05-13T17:47:45.188+0000] {manager.py:878} INFO - 
================================================================================
DAG File Processing Stats

File Path                            PID    Runtime      # DAGs    # Errors  Last Runtime    Last Run
-----------------------------------  -----  ---------  --------  ----------  --------------  -------------------
/opt/airflow/dags/retail_etl_dag.py                           1           0  1.72s           2026-05-13T17:47:32
================================================================================
[2026-05-13T17:48:13.829+0000] {manager.py:878} INFO - 
================================================================================
DAG File Processing Stats

File Path                            PID    Runtime      # DAGs    # Errors  Last Runtime    Last Run
-----------------------------------  -----  ---------  --------  ----------  --------------  -------------------
/opt/airflow/dags/retail_etl_dag.py                           1           0  0.86s           2026-05-13T17:48:04
================================================================================
[2026-05-13T17:48:42.314+0000] {manager.py:878} INFO - 
================================================================================
DAG File Processing Stats

File Path                            PID    Runtime      # DAGs    # Errors  Last Runtime    Last Run
-----------------------------------  -----  ---------  --------  ----------  --------------  -------------------
/opt/airflow/dags/retail_etl_dag.py                           1           0  0.65s           2026-05-13T17:48:35
================================================================================
[2026-05-13T17:49:10.801+0000] {manager.py:878} INFO - 
================================================================================
DAG File Processing Stats

File Path                            PID    Runtime      # DAGs    # Errors  Last Runtime    Last Run
-----------------------------------  -----  ---------  --------  ----------  --------------  -------------------
/opt/airflow/dags/retail_etl_dag.py                           1           0  0.75s           2026-05-13T17:49:06
================================================================================
[2026-05-13T17:49:39.640+0000] {manager.py:878} INFO - 
================================================================================
DAG File Processing Stats

File Path                            PID    Runtime      # DAGs    # Errors  Last Runtime    Last Run
-----------------------------------  -----  ---------  --------  ----------  --------------  -------------------
/opt/airflow/dags/retail_etl_dag.py                           1           0  0.56s           2026-05-13T17:49:37
================================================================================
[2026-05-13T17:49:53.188+0000] {manager.py:737} INFO - Searching for files in /opt/airflow/dags
[2026-05-13T17:49:53.357+0000] {manager.py:740} INFO - There are 1 files in /opt/airflow/dags
[2026-05-13T17:50:06.798+0000] {manager.py:878} INFO - 
================================================================================
DAG File Processing Stats

File Path                            PID    Runtime      # DAGs    # Errors  Last Runtime    Last Run
-----------------------------------  -----  ---------  --------  ----------  --------------  -------------------
/opt/airflow/dags/retail_etl_dag.py                           1           0  -0.91s          2026-05-13T17:50:06
================================================================================
[2026-05-13T17:50:35.531+0000] {manager.py:878} INFO - 
================================================================================
DAG File Processing Stats

File Path                            PID    Runtime      # DAGs    # Errors  Last Runtime    Last Run
-----------------------------------  -----  ---------  --------  ----------  --------------  -------------------
/opt/airflow/dags/retail_etl_dag.py                           1           0  -0.91s          2026-05-13T17:50:06
================================================================================
[2026-05-13T17:51:03.842+0000] {manager.py:878} INFO - 
================================================================================
DAG File Processing Stats

File Path                            PID    Runtime      # DAGs    # Errors  Last Runtime    Last Run
-----------------------------------  -----  ---------  --------  ----------  --------------  -------------------
/opt/airflow/dags/retail_etl_dag.py                           1           0  0.41s           2026-05-13T17:50:38
================================================================================
[2026-05-13T17:51:32.287+0000] {manager.py:878} INFO - 
================================================================================
DAG File Processing Stats

File Path                            PID    Runtime      # DAGs    # Errors  Last Runtime    Last Run
-----------------------------------  -----  ---------  --------  ----------  --------------  -------------------
/opt/airflow/dags/retail_etl_dag.py                           1           0  0.88s           2026-05-13T17:51:09
================================================================================
[2026-05-13T17:52:01.047+0000] {manager.py:878} INFO - 
================================================================================
DAG File Processing Stats

File Path                            PID    Runtime      # DAGs    # Errors  Last Runtime    Last Run
-----------------------------------  -----  ---------  --------  ----------  --------------  -------------------
/opt/airflow/dags/retail_etl_dag.py                           1           0  0.71s           2026-05-13T17:51:40
================================================================================
[2026-05-13T17:52:29.572+0000] {manager.py:878} INFO - 
================================================================================
DAG File Processing Stats

File Path                            PID    Runtime      # DAGs    # Errors  Last Runtime    Last Run
-----------------------------------  -----  ---------  --------  ----------  --------------  -------------------
/opt/airflow/dags/retail_etl_dag.py                           1           0  0.74s           2026-05-13T17:52:12
================================================================================
[2026-05-13T17:52:58.224+0000] {manager.py:878} INFO - 
================================================================================
DAG File Processing Stats

File Path                            PID    Runtime      # DAGs    # Errors  Last Runtime    Last Run
-----------------------------------  -----  ---------  --------  ----------  --------------  -------------------
/opt/airflow/dags/retail_etl_dag.py                           1           0  0.37s           2026-05-13T17:52:42
================================================================================
[2026-05-13T17:53:27.063+0000] {manager.py:878} INFO - 
================================================================================
DAG File Processing Stats

File Path                            PID    Runtime      # DAGs    # Errors  Last Runtime    Last Run
-----------------------------------  -----  ---------  --------  ----------  --------------  -------------------
/opt/airflow/dags/retail_etl_dag.py                           1           0  0.46s           2026-05-13T17:53:13
================================================================================
[2026-05-13T17:53:55.309+0000] {manager.py:878} INFO - 
================================================================================
DAG File Processing Stats

File Path                            PID    Runtime      # DAGs    # Errors  Last Runtime    Last Run
-----------------------------------  -----  ---------  --------  ----------  --------------  -------------------
/opt/airflow/dags/retail_etl_dag.py                           1           0  0.51s           2026-05-13T17:53:44
================================================================================
[2026-05-13T17:54:23.782+0000] {manager.py:878} INFO - 
================================================================================
DAG File Processing Stats

File Path                            PID    Runtime      # DAGs    # Errors  Last Runtime    Last Run
-----------------------------------  -----  ---------  --------  ----------  --------------  -------------------
/opt/airflow/dags/retail_etl_dag.py                           1           0  0.44s           2026-05-13T17:54:15
================================================================================
[2026-05-13T17:54:52.909+0000] {manager.py:878} INFO - 
================================================================================
DAG File Processing Stats

File Path                            PID    Runtime      # DAGs    # Errors  Last Runtime    Last Run
-----------------------------------  -----  ---------  --------  ----------  --------------  -------------------
/opt/airflow/dags/retail_etl_dag.py                           1           0  0.45s           2026-05-13T17:54:46
================================================================================
[2026-05-13T17:54:53.932+0000] {manager.py:737} INFO - Searching for files in /opt/airflow/dags
[2026-05-13T17:54:53.991+0000] {manager.py:740} INFO - There are 1 files in /opt/airflow/dags
[2026-05-13T17:55:21.230+0000] {manager.py:878} INFO - 
================================================================================
DAG File Processing Stats

File Path                            PID    Runtime      # DAGs    # Errors  Last Runtime    Last Run
-----------------------------------  -----  ---------  --------  ----------  --------------  -------------------
/opt/airflow/dags/retail_etl_dag.py                           1           0  0.38s           2026-05-13T17:55:17
================================================================================
[2026-05-13T17:55:49.520+0000] {manager.py:878} INFO - 
================================================================================
DAG File Processing Stats

File Path                            PID    Runtime      # DAGs    # Errors  Last Runtime    Last Run
-----------------------------------  -----  ---------  --------  ----------  --------------  -------------------
/opt/airflow/dags/retail_etl_dag.py                           1           0  0.47s           2026-05-13T17:55:48
================================================================================
[2026-05-13T17:56:17.931+0000] {manager.py:878} INFO - 
================================================================================
DAG File Processing Stats

File Path                            PID    Runtime      # DAGs    # Errors  Last Runtime    Last Run
-----------------------------------  -----  ---------  --------  ----------  --------------  -------------------
/opt/airflow/dags/retail_etl_dag.py                           1           0  0.47s           2026-05-13T17:55:48
================================================================================
[2026-05-13T17:56:46.565+0000] {manager.py:878} INFO - 
================================================================================
DAG File Processing Stats

File Path                            PID    Runtime      # DAGs    # Errors  Last Runtime    Last Run
-----------------------------------  -----  ---------  --------  ----------  --------------  -------------------
/opt/airflow/dags/retail_etl_dag.py                           1           0  0.77s           2026-05-13T17:56:19
================================================================================
[2026-05-13T17:57:15.452+0000] {manager.py:878} INFO - 
================================================================================
DAG File Processing Stats

File Path                            PID    Runtime      # DAGs    # Errors  Last Runtime    Last Run
-----------------------------------  -----  ---------  --------  ----------  --------------  -------------------
/opt/airflow/dags/retail_etl_dag.py                           1           0  0.51s           2026-05-13T17:56:50
================================================================================
[2026-05-13T17:57:43.815+0000] {manager.py:878} INFO - 
================================================================================
DAG File Processing Stats

File Path                            PID    Runtime      # DAGs    # Errors  Last Runtime    Last Run
-----------------------------------  -----  ---------  --------  ----------  --------------  -------------------
/opt/airflow/dags/retail_etl_dag.py                           1           0  0.56s           2026-05-13T17:57:22
================================================================================
[2026-05-13T17:58:12.708+0000] {manager.py:878} INFO - 
================================================================================
DAG File Processing Stats

File Path                            PID    Runtime      # DAGs    # Errors  Last Runtime    Last Run
-----------------------------------  -----  ---------  --------  ----------  --------------  -------------------
/opt/airflow/dags/retail_etl_dag.py                           1           0  0.71s           2026-05-13T17:57:53
================================================================================
[2026-05-13T17:58:41.132+0000] {manager.py:878} INFO - 
================================================================================
DAG File Processing Stats

File Path                            PID    Runtime      # DAGs    # Errors  Last Runtime    Last Run
-----------------------------------  -----  ---------  --------  ----------  --------------  -------------------
/opt/airflow/dags/retail_etl_dag.py                           1           0  0.62s           2026-05-13T17:58:24
================================================================================
[2026-05-13T17:59:09.478+0000] {manager.py:878} INFO - 
================================================================================
DAG File Processing Stats

File Path                            PID    Runtime      # DAGs    # Errors  Last Runtime    Last Run
-----------------------------------  -----  ---------  --------  ----------  --------------  -------------------
/opt/airflow/dags/retail_etl_dag.py                           1           0  0.82s           2026-05-13T17:58:55
================================================================================
[2026-05-13T17:59:38.285+0000] {manager.py:878} INFO - 
================================================================================
DAG File Processing Stats

File Path                            PID    Runtime      # DAGs    # Errors  Last Runtime    Last Run
-----------------------------------  -----  ---------  --------  ----------  --------------  -------------------
/opt/airflow/dags/retail_etl_dag.py                           1           0  0.74s           2026-05-13T17:59:27
================================================================================
[2026-05-13T17:59:54.620+0000] {manager.py:737} INFO - Searching for files in /opt/airflow/dags
[2026-05-13T17:59:54.699+0000] {manager.py:740} INFO - There are 1 files in /opt/airflow/dags
[2026-05-13T18:00:06.664+0000] {manager.py:878} INFO - 
================================================================================
DAG File Processing Stats

File Path                            PID    Runtime      # DAGs    # Errors  Last Runtime    Last Run
-----------------------------------  -----  ---------  --------  ----------  --------------  -------------------
/opt/airflow/dags/retail_etl_dag.py                           1           0  0.41s           2026-05-13T17:59:58
================================================================================
[2026-05-13T18:00:34.956+0000] {manager.py:878} INFO - 
================================================================================
DAG File Processing Stats

File Path                            PID    Runtime      # DAGs    # Errors  Last Runtime    Last Run
-----------------------------------  -----  ---------  --------  ----------  --------------  -------------------
/opt/airflow/dags/retail_etl_dag.py                           1           0  0.74s           2026-05-13T18:00:29
================================================================================
[2026-05-13T18:01:03.272+0000] {manager.py:878} INFO - 
================================================================================
DAG File Processing Stats

File Path                            PID    Runtime      # DAGs    # Errors  Last Runtime    Last Run
-----------------------------------  -----  ---------  --------  ----------  --------------  -------------------
/opt/airflow/dags/retail_etl_dag.py                           1           0  0.83s           2026-05-13T18:01:00
================================================================================
[2026-05-13T18:01:31.971+0000] {manager.py:878} INFO - 
================================================================================
DAG File Processing Stats

File Path                            PID    Runtime      # DAGs    # Errors  Last Runtime    Last Run
-----------------------------------  -----  ---------  --------  ----------  --------------  -------------------
/opt/airflow/dags/retail_etl_dag.py                           1           0  0.94s           2026-05-13T18:01:31
================================================================================
[2026-05-13T18:02:00.773+0000] {manager.py:878} INFO - 
================================================================================
DAG File Processing Stats

File Path                            PID    Runtime      # DAGs    # Errors  Last Runtime    Last Run
-----------------------------------  -----  ---------  --------  ----------  --------------  -------------------
/opt/airflow/dags/retail_etl_dag.py                           1           0  0.94s           2026-05-13T18:01:31
================================================================================
[2026-05-13T18:02:29.658+0000] {manager.py:878} INFO - 
================================================================================
DAG File Processing Stats

File Path                            PID    Runtime      # DAGs    # Errors  Last Runtime    Last Run
-----------------------------------  -----  ---------  --------  ----------  --------------  -------------------
/opt/airflow/dags/retail_etl_dag.py                           1           0  0.89s           2026-05-13T18:02:03
================================================================================
[2026-05-13T18:02:58.232+0000] {manager.py:878} INFO - 
================================================================================
DAG File Processing Stats

File Path                            PID    Runtime      # DAGs    # Errors  Last Runtime    Last Run
-----------------------------------  -----  ---------  --------  ----------  --------------  -------------------
/opt/airflow/dags/retail_etl_dag.py                           1           0  0.73s           2026-05-13T18:02:34
================================================================================
[2026-05-13T18:03:27.084+0000] {manager.py:878} INFO - 
================================================================================
DAG File Processing Stats

File Path                            PID    Runtime      # DAGs    # Errors  Last Runtime    Last Run
-----------------------------------  -----  ---------  --------  ----------  --------------  -------------------
/opt/airflow/dags/retail_etl_dag.py                           1           0  0.82s           2026-05-13T18:03:05
================================================================================
[2026-05-13T18:03:55.663+0000] {manager.py:878} INFO - 
================================================================================
DAG File Processing Stats

File Path                            PID    Runtime      # DAGs    # Errors  Last Runtime    Last Run
-----------------------------------  -----  ---------  --------  ----------  --------------  -------------------
/opt/airflow/dags/retail_etl_dag.py                           1           0  0.79s           2026-05-13T18:03:37
================================================================================
[2026-05-13T18:04:24.535+0000] {manager.py:878} INFO - 
================================================================================
DAG File Processing Stats

File Path                            PID    Runtime      # DAGs    # Errors  Last Runtime    Last Run
-----------------------------------  -----  ---------  --------  ----------  --------------  -------------------
/opt/airflow/dags/retail_etl_dag.py                           1           0  0.63s           2026-05-13T18:04:07
================================================================================
[2026-05-13T18:04:53.125+0000] {manager.py:878} INFO - 
================================================================================
DAG File Processing Stats

File Path                            PID    Runtime      # DAGs    # Errors  Last Runtime    Last Run
-----------------------------------  -----  ---------  --------  ----------  --------------  -------------------
/opt/airflow/dags/retail_etl_dag.py                           1           0  0.72s           2026-05-13T18:04:39
================================================================================
[2026-05-13T18:04:55.166+0000] {manager.py:737} INFO - Searching for files in /opt/airflow/dags
[2026-05-13T18:04:55.322+0000] {manager.py:740} INFO - There are 1 files in /opt/airflow/dags
[2026-05-13T18:05:21.963+0000] {manager.py:878} INFO - 
================================================================================
DAG File Processing Stats

File Path                            PID    Runtime      # DAGs    # Errors  Last Runtime    Last Run
-----------------------------------  -----  ---------  --------  ----------  --------------  -------------------
/opt/airflow/dags/retail_etl_dag.py                           1           0  0.68s           2026-05-13T18:05:10
================================================================================
[2026-05-13T18:05:50.788+0000] {manager.py:878} INFO - 
================================================================================
DAG File Processing Stats

File Path                            PID    Runtime      # DAGs    # Errors  Last Runtime    Last Run
-----------------------------------  -----  ---------  --------  ----------  --------------  -------------------
/opt/airflow/dags/retail_etl_dag.py                           1           0  -0.84s          2026-05-13T18:05:39
================================================================================
[2026-05-13T18:06:19.603+0000] {manager.py:878} INFO - 
================================================================================
DAG File Processing Stats

File Path                            PID    Runtime      # DAGs    # Errors  Last Runtime    Last Run
-----------------------------------  -----  ---------  --------  ----------  --------------  -------------------
/opt/airflow/dags/retail_etl_dag.py                           1           0  0.90s           2026-05-13T18:06:11
================================================================================
[2026-05-13T18:06:48.393+0000] {manager.py:878} INFO - 
================================================================================
DAG File Processing Stats

File Path                            PID    Runtime      # DAGs    # Errors  Last Runtime    Last Run
-----------------------------------  -----  ---------  --------  ----------  --------------  -------------------
/opt/airflow/dags/retail_etl_dag.py                           1           0  0.87s           2026-05-13T18:06:42
================================================================================
[2026-05-13T18:07:16.947+0000] {manager.py:878} INFO - 
================================================================================
DAG File Processing Stats

File Path                            PID    Runtime      # DAGs    # Errors  Last Runtime    Last Run
-----------------------------------  -----  ---------  --------  ----------  --------------  -------------------
/opt/airflow/dags/retail_etl_dag.py                           1           0  0.69s           2026-05-13T18:07:13
================================================================================
[2026-05-13T18:07:45.757+0000] {manager.py:878} INFO - 
================================================================================
DAG File Processing Stats

File Path                            PID    Runtime      # DAGs    # Errors  Last Runtime    Last Run
-----------------------------------  -----  ---------  --------  ----------  --------------  -------------------
/opt/airflow/dags/retail_etl_dag.py                           1           0  0.70s           2026-05-13T18:07:44
================================================================================
[2026-05-13T18:08:14.614+0000] {manager.py:878} INFO - 
================================================================================
DAG File Processing Stats

File Path                            PID    Runtime      # DAGs    # Errors  Last Runtime    Last Run
-----------------------------------  -----  ---------  --------  ----------  --------------  -------------------
/opt/airflow/dags/retail_etl_dag.py                           1           0  0.70s           2026-05-13T18:07:44
================================================================================
[2026-05-13T18:08:43.194+0000] {manager.py:878} INFO - 
================================================================================
DAG File Processing Stats

File Path                            PID    Runtime      # DAGs    # Errors  Last Runtime    Last Run
-----------------------------------  -----  ---------  --------  ----------  --------------  -------------------
/opt/airflow/dags/retail_etl_dag.py                           1           0  0.75s           2026-05-13T18:08:16
================================================================================
[2026-05-13T18:09:11.994+0000] {manager.py:878} INFO - 
================================================================================
DAG File Processing Stats

File Path                            PID    Runtime      # DAGs    # Errors  Last Runtime    Last Run
-----------------------------------  -----  ---------  --------  ----------  --------------  -------------------
/opt/airflow/dags/retail_etl_dag.py                           1           0  0.77s           2026-05-13T18:08:47
================================================================================
[2026-05-13T18:09:40.968+0000] {manager.py:878} INFO - 
================================================================================
DAG File Processing Stats

File Path                            PID    Runtime      # DAGs    # Errors  Last Runtime    Last Run
-----------------------------------  -----  ---------  --------  ----------  --------------  -------------------
/opt/airflow/dags/retail_etl_dag.py                           1           0  0.36s           2026-05-13T18:09:18
================================================================================
[2026-05-13T18:09:55.518+0000] {manager.py:737} INFO - Searching for files in /opt/airflow/dags
[2026-05-13T18:09:55.660+0000] {manager.py:740} INFO - There are 1 files in /opt/airflow/dags
[2026-05-13T18:10:10.018+0000] {manager.py:878} INFO - 
================================================================================
DAG File Processing Stats

File Path                            PID    Runtime      # DAGs    # Errors  Last Runtime    Last Run
-----------------------------------  -----  ---------  --------  ----------  --------------  -------------------
/opt/airflow/dags/retail_etl_dag.py                           1           0  1.10s           2026-05-13T18:09:50
================================================================================
[2026-05-13T18:10:38.504+0000] {manager.py:878} INFO - 
================================================================================
DAG File Processing Stats

File Path                            PID    Runtime      # DAGs    # Errors  Last Runtime    Last Run
-----------------------------------  -----  ---------  --------  ----------  --------------  -------------------
/opt/airflow/dags/retail_etl_dag.py                           1           0  0.66s           2026-05-13T18:10:21
================================================================================
[2026-05-13T18:11:06.940+0000] {manager.py:878} INFO - 
================================================================================
DAG File Processing Stats

File Path                            PID    Runtime      # DAGs    # Errors  Last Runtime    Last Run
-----------------------------------  -----  ---------  --------  ----------  --------------  -------------------
/opt/airflow/dags/retail_etl_dag.py                           1           0  0.30s           2026-05-13T18:10:52
================================================================================
[2026-05-13T18:11:35.473+0000] {manager.py:878} INFO - 
================================================================================
DAG File Processing Stats

File Path                            PID    Runtime      # DAGs    # Errors  Last Runtime    Last Run
-----------------------------------  -----  ---------  --------  ----------  --------------  -------------------
/opt/airflow/dags/retail_etl_dag.py                           1           0  0.19s           2026-05-13T18:11:23
================================================================================
[2026-05-13T18:12:04.022+0000] {manager.py:878} INFO - 
================================================================================
DAG File Processing Stats

File Path                            PID    Runtime      # DAGs    # Errors  Last Runtime    Last Run
-----------------------------------  -----  ---------  --------  ----------  --------------  -------------------
/opt/airflow/dags/retail_etl_dag.py                           1           0  0.22s           2026-05-13T18:11:54
================================================================================
[2026-05-13T18:12:32.615+0000] {manager.py:878} INFO - 
================================================================================
DAG File Processing Stats

File Path                            PID    Runtime      # DAGs    # Errors  Last Runtime    Last Run
-----------------------------------  -----  ---------  --------  ----------  --------------  -------------------
/opt/airflow/dags/retail_etl_dag.py                           1           0  0.23s           2026-05-13T18:12:24
================================================================================
[2026-05-13T18:13:01.160+0000] {manager.py:878} INFO - 
================================================================================
DAG File Processing Stats

File Path                            PID    Runtime      # DAGs    # Errors  Last Runtime    Last Run
-----------------------------------  -----  ---------  --------  ----------  --------------  -------------------
/opt/airflow/dags/retail_etl_dag.py                           1           0  0.18s           2026-05-13T18:12:55
================================================================================
[2026-05-13T18:13:29.735+0000] {manager.py:878} INFO - 
================================================================================
DAG File Processing Stats

File Path                            PID    Runtime      # DAGs    # Errors  Last Runtime    Last Run
-----------------------------------  -----  ---------  --------  ----------  --------------  -------------------
/opt/airflow/dags/retail_etl_dag.py                           1           0  0.17s           2026-05-13T18:13:25
================================================================================
[2026-05-13T18:13:58.226+0000] {manager.py:878} INFO - 
================================================================================
DAG File Processing Stats

File Path                            PID    Runtime      # DAGs    # Errors  Last Runtime    Last Run
-----------------------------------  -----  ---------  --------  ----------  --------------  -------------------
/opt/airflow/dags/retail_etl_dag.py                           1           0  0.17s           2026-05-13T18:13:56
================================================================================
[2026-05-13T18:14:26.717+0000] {manager.py:878} INFO - 
================================================================================
DAG File Processing Stats

File Path                              PID  Runtime      # DAGs    # Errors  Last Runtime    Last Run
-----------------------------------  -----  ---------  --------  ----------  --------------  -------------------
/opt/airflow/dags/retail_etl_dag.py    154  0.01s             1           0  0.17s           2026-05-13T18:13:56
================================================================================
[2026-05-13T18:14:55.312+0000] {manager.py:878} INFO - 
================================================================================
DAG File Processing Stats

File Path                            PID    Runtime      # DAGs    # Errors  Last Runtime    Last Run
-----------------------------------  -----  ---------  --------  ----------  --------------  -------------------
/opt/airflow/dags/retail_etl_dag.py                           1           0  0.19s           2026-05-13T18:14:26
================================================================================
[2026-05-13T18:14:56.325+0000] {manager.py:737} INFO - Searching for files in /opt/airflow/dags
[2026-05-13T18:14:56.373+0000] {manager.py:740} INFO - There are 1 files in /opt/airflow/dags
[2026-05-13T18:15:23.815+0000] {manager.py:878} INFO - 
================================================================================
DAG File Processing Stats

File Path                            PID    Runtime      # DAGs    # Errors  Last Runtime    Last Run
-----------------------------------  -----  ---------  --------  ----------  --------------  -------------------
/opt/airflow/dags/retail_etl_dag.py                           1           0  0.17s           2026-05-13T18:14:57
================================================================================
[2026-05-13T18:15:52.414+0000] {manager.py:878} INFO - 
================================================================================
DAG File Processing Stats

File Path                            PID    Runtime      # DAGs    # Errors  Last Runtime    Last Run
-----------------------------------  -----  ---------  --------  ----------  --------------  -------------------
/opt/airflow/dags/retail_etl_dag.py                           1           0  0.20s           2026-05-13T18:15:28
================================================================================
[2026-05-13T18:16:21.026+0000] {manager.py:878} INFO - 
================================================================================
DAG File Processing Stats

File Path                            PID    Runtime      # DAGs    # Errors  Last Runtime    Last Run
-----------------------------------  -----  ---------  --------  ----------  --------------  -------------------
/opt/airflow/dags/retail_etl_dag.py                           1           0  0.16s           2026-05-13T18:15:58
================================================================================
[2026-05-13T18:16:49.253+0000] {manager.py:878} INFO - 
================================================================================
DAG File Processing Stats

File Path                            PID    Runtime      # DAGs    # Errors  Last Runtime    Last Run
-----------------------------------  -----  ---------  --------  ----------  --------------  -------------------
/opt/airflow/dags/retail_etl_dag.py                           1           0  0.77s           2026-05-13T18:16:29
================================================================================
[2026-05-13T18:17:18.127+0000] {manager.py:878} INFO - 
================================================================================
DAG File Processing Stats

File Path                            PID    Runtime      # DAGs    # Errors  Last Runtime    Last Run
-----------------------------------  -----  ---------  --------  ----------  --------------  -------------------
/opt/airflow/dags/retail_etl_dag.py                           1           0  0.19s           2026-05-13T18:17:00
================================================================================
[2026-05-13T18:17:46.725+0000] {manager.py:878} INFO - 
================================================================================
DAG File Processing Stats

File Path                            PID    Runtime      # DAGs    # Errors  Last Runtime    Last Run
-----------------------------------  -----  ---------  --------  ----------  --------------  -------------------
/opt/airflow/dags/retail_etl_dag.py                           1           0  0.17s           2026-05-13T18:17:30
================================================================================
[2026-05-13T18:18:15.195+0000] {manager.py:878} INFO - 
================================================================================
DAG File Processing Stats

File Path                            PID    Runtime      # DAGs    # Errors  Last Runtime    Last Run
-----------------------------------  -----  ---------  --------  ----------  --------------  -------------------
/opt/airflow/dags/retail_etl_dag.py                           1           0  0.50s           2026-05-13T18:18:01
================================================================================
[2026-05-13T18:18:44.103+0000] {manager.py:878} INFO - 
================================================================================
DAG File Processing Stats

File Path                            PID    Runtime      # DAGs    # Errors  Last Runtime    Last Run
-----------------------------------  -----  ---------  --------  ----------  --------------  -------------------
/opt/airflow/dags/retail_etl_dag.py                           1           0  0.23s           2026-05-13T18:18:32
================================================================================
[2026-05-13T18:19:12.555+0000] {manager.py:878} INFO - 
================================================================================
DAG File Processing Stats

File Path                            PID    Runtime      # DAGs    # Errors  Last Runtime    Last Run
-----------------------------------  -----  ---------  --------  ----------  --------------  -------------------
/opt/airflow/dags/retail_etl_dag.py                           1           0  0.19s           2026-05-13T18:19:02
================================================================================
[2026-05-13T18:19:41.140+0000] {manager.py:878} INFO - 
================================================================================
DAG File Processing Stats

File Path                            PID    Runtime      # DAGs    # Errors  Last Runtime    Last Run
-----------------------------------  -----  ---------  --------  ----------  --------------  -------------------
/opt/airflow/dags/retail_etl_dag.py                           1           0  0.16s           2026-05-13T18:19:33
================================================================================
[2026-05-13T18:19:56.491+0000] {manager.py:737} INFO - Searching for files in /opt/airflow/dags
[2026-05-13T18:19:56.516+0000] {manager.py:740} INFO - There are 1 files in /opt/airflow/dags
[2026-05-13T18:20:09.645+0000] {manager.py:878} INFO - 
================================================================================
DAG File Processing Stats

File Path                            PID    Runtime      # DAGs    # Errors  Last Runtime    Last Run
-----------------------------------  -----  ---------  --------  ----------  --------------  -------------------
/opt/airflow/dags/retail_etl_dag.py                           1           0  0.22s           2026-05-13T18:20:03
================================================================================
[2026-05-13T18:20:38.120+0000] {manager.py:878} INFO - 
================================================================================
DAG File Processing Stats

File Path                            PID    Runtime      # DAGs    # Errors  Last Runtime    Last Run
-----------------------------------  -----  ---------  --------  ----------  --------------  -------------------
/opt/airflow/dags/retail_etl_dag.py                           1           0  0.16s           2026-05-13T18:20:34
================================================================================
[2026-05-13T18:21:06.717+0000] {manager.py:878} INFO - 
================================================================================
DAG File Processing Stats

File Path                            PID    Runtime      # DAGs    # Errors  Last Runtime    Last Run
-----------------------------------  -----  ---------  --------  ----------  --------------  -------------------
/opt/airflow/dags/retail_etl_dag.py                           1           0  0.19s           2026-05-13T18:21:04
================================================================================
[2026-05-13T18:21:26.932+0000] {manager.py:452} INFO - Exiting gracefully upon receiving signal 15
[2026-05-13T18:21:40.833+0000] {manager.py:470} INFO - Processing files using up to 2 processes at a time 
[2026-05-13T18:21:40.834+0000] {manager.py:471} INFO - Process each file at most once every 30 seconds
[2026-05-13T18:21:40.836+0000] {manager.py:472} INFO - Checking for new files in /opt/airflow/dags every 300 seconds
[2026-05-13T18:21:40.837+0000] {manager.py:737} INFO - Searching for files in /opt/airflow/dags
[2026-05-13T18:21:40.873+0000] {manager.py:740} INFO - There are 1 files in /opt/airflow/dags
[2026-05-13T18:21:41.024+0000] {manager.py:878} INFO - 
================================================================================
DAG File Processing Stats

File Path                              PID  Runtime      # DAGs    # Errors  Last Runtime    Last Run
-----------------------------------  -----  ---------  --------  ----------  --------------  ----------
/opt/airflow/dags/retail_etl_dag.py     26  0.07s             0           0
================================================================================
[2026-05-13T18:22:09.485+0000] {manager.py:878} INFO - 
================================================================================
DAG File Processing Stats

File Path                            PID    Runtime      # DAGs    # Errors  Last Runtime    Last Run
-----------------------------------  -----  ---------  --------  ----------  --------------  -------------------
/opt/airflow/dags/retail_etl_dag.py                           1           0  0.27s           2026-05-13T18:21:41
================================================================================
[2026-05-13T18:22:36.372+0000] {manager.py:878} INFO - 
================================================================================
DAG File Processing Stats

File Path                            PID    Runtime      # DAGs    # Errors  Last Runtime    Last Run
-----------------------------------  -----  ---------  --------  ----------  --------------  -------------------
/opt/airflow/dags/retail_etl_dag.py                           1           0  0.19s           2026-05-13T18:22:11
================================================================================
[2026-05-13T18:23:04.899+0000] {manager.py:878} INFO - 
================================================================================
DAG File Processing Stats

File Path                            PID    Runtime      # DAGs    # Errors  Last Runtime    Last Run
-----------------------------------  -----  ---------  --------  ----------  --------------  -------------------
/opt/airflow/dags/retail_etl_dag.py                           1           0  0.24s           2026-05-13T18:22:42
================================================================================
[2026-05-13T18:23:33.321+0000] {manager.py:878} INFO - 
================================================================================
DAG File Processing Stats

File Path                            PID    Runtime      # DAGs    # Errors  Last Runtime    Last Run
-----------------------------------  -----  ---------  --------  ----------  --------------  -------------------
/opt/airflow/dags/retail_etl_dag.py                           1           0  0.18s           2026-05-13T18:23:13
================================================================================
[2026-05-13T18:24:01.959+0000] {manager.py:878} INFO - 
================================================================================
DAG File Processing Stats

File Path                            PID    Runtime      # DAGs    # Errors  Last Runtime    Last Run
-----------------------------------  -----  ---------  --------  ----------  --------------  -------------------
/opt/airflow/dags/retail_etl_dag.py                           1           0  0.17s           2026-05-13T18:23:43
================================================================================
[2026-05-13T18:24:30.462+0000] {manager.py:878} INFO - 
================================================================================
DAG File Processing Stats

File Path                            PID    Runtime      # DAGs    # Errors  Last Runtime    Last Run
-----------------------------------  -----  ---------  --------  ----------  --------------  -------------------
/opt/airflow/dags/retail_etl_dag.py                           1           0  0.16s           2026-05-13T18:24:14
================================================================================
[2026-05-13T18:24:59.035+0000] {manager.py:878} INFO - 
================================================================================
DAG File Processing Stats

File Path                            PID    Runtime      # DAGs    # Errors  Last Runtime    Last Run
-----------------------------------  -----  ---------  --------  ----------  --------------  -------------------
/opt/airflow/dags/retail_etl_dag.py                           1           0  0.20s           2026-05-13T18:24:44
================================================================================
[2026-05-13T18:25:17.572+0000] {manager.py:452} INFO - Exiting gracefully upon receiving signal 15
[2026-05-13T18:26:14.703+0000] {manager.py:470} INFO - Processing files using up to 2 processes at a time 
[2026-05-13T18:26:14.705+0000] {manager.py:471} INFO - Process each file at most once every 30 seconds
[2026-05-13T18:26:14.709+0000] {manager.py:472} INFO - Checking for new files in /opt/airflow/dags every 300 seconds
[2026-05-13T18:26:14.712+0000] {manager.py:737} INFO - Searching for files in /opt/airflow/dags
[2026-05-13T18:26:14.786+0000] {manager.py:740} INFO - There are 1 files in /opt/airflow/dags
[2026-05-13T18:26:15.292+0000] {manager.py:878} INFO - 
================================================================================
DAG File Processing Stats

File Path                              PID  Runtime      # DAGs    # Errors  Last Runtime    Last Run
-----------------------------------  -----  ---------  --------  ----------  --------------  ----------
/opt/airflow/dags/retail_etl_dag.py     25  0.24s             0           0
================================================================================
[2026-05-13T18:26:43.867+0000] {manager.py:878} INFO - 
================================================================================
DAG File Processing Stats

File Path                            PID    Runtime      # DAGs    # Errors  Last Runtime    Last Run
-----------------------------------  -----  ---------  --------  ----------  --------------  -------------------
/opt/airflow/dags/retail_etl_dag.py                           1           0  1.75s           2026-05-13T18:26:16
================================================================================
[2026-05-13T18:27:12.493+0000] {manager.py:878} INFO - 
================================================================================
DAG File Processing Stats

File Path                            PID    Runtime      # DAGs    # Errors  Last Runtime    Last Run
-----------------------------------  -----  ---------  --------  ----------  --------------  -------------------
/opt/airflow/dags/retail_etl_dag.py                           1           0  0.38s           2026-05-13T18:26:47
================================================================================
[2026-05-13T18:27:40.982+0000] {manager.py:878} INFO - 
================================================================================
DAG File Processing Stats

File Path                            PID    Runtime      # DAGs    # Errors  Last Runtime    Last Run
-----------------------------------  -----  ---------  --------  ----------  --------------  -------------------
/opt/airflow/dags/retail_etl_dag.py                           1           0  0.19s           2026-05-13T18:27:17
================================================================================
[2026-05-13T18:28:09.683+0000] {manager.py:878} INFO - 
================================================================================
DAG File Processing Stats

File Path                            PID    Runtime      # DAGs    # Errors  Last Runtime    Last Run
-----------------------------------  -----  ---------  --------  ----------  --------------  -------------------
/opt/airflow/dags/retail_etl_dag.py                           1           0  0.33s           2026-05-13T18:27:48
================================================================================
[2026-05-13T18:28:38.277+0000] {manager.py:878} INFO - 
================================================================================
DAG File Processing Stats

File Path                            PID    Runtime      # DAGs    # Errors  Last Runtime    Last Run
-----------------------------------  -----  ---------  --------  ----------  --------------  -------------------
/opt/airflow/dags/retail_etl_dag.py                           1           0  0.30s           2026-05-13T18:28:19
================================================================================
[2026-05-13T18:29:06.915+0000] {manager.py:878} INFO - 
================================================================================
DAG File Processing Stats

File Path                            PID    Runtime      # DAGs    # Errors  Last Runtime    Last Run
-----------------------------------  -----  ---------  --------  ----------  --------------  -------------------
/opt/airflow/dags/retail_etl_dag.py                           1           0  0.22s           2026-05-13T18:28:49
================================================================================
[2026-05-13T18:29:35.418+0000] {manager.py:878} INFO - 
================================================================================
DAG File Processing Stats

File Path                            PID    Runtime      # DAGs    # Errors  Last Runtime    Last Run
-----------------------------------  -----  ---------  --------  ----------  --------------  -------------------
/opt/airflow/dags/retail_etl_dag.py                           1           0  0.22s           2026-05-13T18:29:20
================================================================================
[2026-05-13T18:30:04.120+0000] {manager.py:878} INFO - 
================================================================================
DAG File Processing Stats

File Path                            PID    Runtime      # DAGs    # Errors  Last Runtime    Last Run
-----------------------------------  -----  ---------  --------  ----------  --------------  -------------------
/opt/airflow/dags/retail_etl_dag.py                           1           0  0.41s           2026-05-13T18:29:51
================================================================================
[2026-05-13T18:30:32.727+0000] {manager.py:878} INFO - 
================================================================================
DAG File Processing Stats

File Path                            PID    Runtime      # DAGs    # Errors  Last Runtime    Last Run
-----------------------------------  -----  ---------  --------  ----------  --------------  -------------------
/opt/airflow/dags/retail_etl_dag.py                           1           0  0.28s           2026-05-13T18:30:21
================================================================================
[2026-05-13T18:31:01.311+0000] {manager.py:878} INFO - 
================================================================================
DAG File Processing Stats

File Path                            PID    Runtime      # DAGs    # Errors  Last Runtime    Last Run
-----------------------------------  -----  ---------  --------  ----------  --------------  -------------------
/opt/airflow/dags/retail_etl_dag.py                           1           0  0.19s           2026-05-13T18:30:52
================================================================================
[2026-05-13T18:31:14.727+0000] {manager.py:737} INFO - Searching for files in /opt/airflow/dags
[2026-05-13T18:31:14.749+0000] {manager.py:740} INFO - There are 1 files in /opt/airflow/dags
[2026-05-13T18:31:29.860+0000] {manager.py:878} INFO - 
================================================================================
DAG File Processing Stats

File Path                            PID    Runtime      # DAGs    # Errors  Last Runtime    Last Run
-----------------------------------  -----  ---------  --------  ----------  --------------  -------------------
/opt/airflow/dags/retail_etl_dag.py                           1           0  0.33s           2026-05-13T18:31:23
================================================================================
[2026-05-13T18:31:58.348+0000] {manager.py:878} INFO - 
================================================================================
DAG File Processing Stats

File Path                            PID    Runtime      # DAGs    # Errors  Last Runtime    Last Run
-----------------------------------  -----  ---------  --------  ----------  --------------  -------------------
/opt/airflow/dags/retail_etl_dag.py                           1           0  0.17s           2026-05-13T18:31:53
================================================================================
[2026-05-13T18:32:26.938+0000] {manager.py:878} INFO - 
================================================================================
DAG File Processing Stats

File Path                            PID    Runtime      # DAGs    # Errors  Last Runtime    Last Run
-----------------------------------  -----  ---------  --------  ----------  --------------  -------------------
/opt/airflow/dags/retail_etl_dag.py                           1           0  0.16s           2026-05-13T18:32:23
================================================================================
[2026-05-13T18:32:55.392+0000] {manager.py:878} INFO - 
================================================================================
DAG File Processing Stats

File Path                            PID    Runtime      # DAGs    # Errors  Last Runtime    Last Run
-----------------------------------  -----  ---------  --------  ----------  --------------  -------------------
/opt/airflow/dags/retail_etl_dag.py                           1           0  0.16s           2026-05-13T18:32:54
================================================================================
[2026-05-13T18:33:23.929+0000] {manager.py:878} INFO - 
================================================================================
DAG File Processing Stats

File Path                            PID    Runtime      # DAGs    # Errors  Last Runtime    Last Run
-----------------------------------  -----  ---------  --------  ----------  --------------  -------------------
/opt/airflow/dags/retail_etl_dag.py                           1           0  0.16s           2026-05-13T18:32:54
================================================================================
[2026-05-13T18:33:52.501+0000] {manager.py:878} INFO - 
================================================================================
DAG File Processing Stats

File Path                            PID    Runtime      # DAGs    # Errors  Last Runtime    Last Run
-----------------------------------  -----  ---------  --------  ----------  --------------  -------------------
/opt/airflow/dags/retail_etl_dag.py                           1           0  0.16s           2026-05-13T18:33:25
================================================================================
[2026-05-13T18:34:21.028+0000] {manager.py:878} INFO - 
================================================================================
DAG File Processing Stats

File Path                            PID    Runtime      # DAGs    # Errors  Last Runtime    Last Run
-----------------------------------  -----  ---------  --------  ----------  --------------  -------------------
/opt/airflow/dags/retail_etl_dag.py                           1           0  0.16s           2026-05-13T18:33:55
================================================================================
[2026-05-13T18:34:49.513+0000] {manager.py:878} INFO - 
================================================================================
DAG File Processing Stats

File Path                            PID    Runtime      # DAGs    # Errors  Last Runtime    Last Run
-----------------------------------  -----  ---------  --------  ----------  --------------  -------------------
/opt/airflow/dags/retail_etl_dag.py                           1           0  0.18s           2026-05-13T18:34:26
================================================================================
[2026-05-13T18:35:18.124+0000] {manager.py:878} INFO - 
================================================================================
DAG File Processing Stats

File Path                            PID    Runtime      # DAGs    # Errors  Last Runtime    Last Run
-----------------------------------  -----  ---------  --------  ----------  --------------  -------------------
/opt/airflow/dags/retail_etl_dag.py                           1           0  0.72s           2026-05-13T18:34:57
================================================================================
[2026-05-13T18:35:47.151+0000] {manager.py:878} INFO - 
================================================================================
DAG File Processing Stats

File Path                            PID    Runtime      # DAGs    # Errors  Last Runtime    Last Run
-----------------------------------  -----  ---------  --------  ----------  --------------  -------------------
/opt/airflow/dags/retail_etl_dag.py                           1           0  0.17s           2026-05-13T18:35:28
================================================================================
[2026-05-13T18:36:14.735+0000] {manager.py:737} INFO - Searching for files in /opt/airflow/dags
[2026-05-13T18:36:14.758+0000] {manager.py:740} INFO - There are 1 files in /opt/airflow/dags
[2026-05-13T18:36:15.777+0000] {manager.py:878} INFO - 
================================================================================
DAG File Processing Stats

File Path                            PID    Runtime      # DAGs    # Errors  Last Runtime    Last Run
-----------------------------------  -----  ---------  --------  ----------  --------------  -------------------
/opt/airflow/dags/retail_etl_dag.py                           1           0  0.17s           2026-05-13T18:35:58
================================================================================
[2026-05-13T18:36:44.219+0000] {manager.py:878} INFO - 
================================================================================
DAG File Processing Stats

File Path                            PID    Runtime      # DAGs    # Errors  Last Runtime    Last Run
-----------------------------------  -----  ---------  --------  ----------  --------------  -------------------
/opt/airflow/dags/retail_etl_dag.py                           1           0  0.16s           2026-05-13T18:36:29
================================================================================
[2026-05-13T18:37:12.823+0000] {manager.py:878} INFO - 
================================================================================
DAG File Processing Stats

File Path                            PID    Runtime      # DAGs    # Errors  Last Runtime    Last Run
-----------------------------------  -----  ---------  --------  ----------  --------------  -------------------
/opt/airflow/dags/retail_etl_dag.py                           1           0  0.16s           2026-05-13T18:36:59
================================================================================
[2026-05-13T18:37:41.300+0000] {manager.py:878} INFO - 
================================================================================
DAG File Processing Stats

File Path                            PID    Runtime      # DAGs    # Errors  Last Runtime    Last Run
-----------------------------------  -----  ---------  --------  ----------  --------------  -------------------
/opt/airflow/dags/retail_etl_dag.py                           1           0  0.15s           2026-05-13T18:37:30
================================================================================
[2026-05-13T18:38:09.847+0000] {manager.py:878} INFO - 
================================================================================
DAG File Processing Stats

File Path                            PID    Runtime      # DAGs    # Errors  Last Runtime    Last Run
-----------------------------------  -----  ---------  --------  ----------  --------------  -------------------
/opt/airflow/dags/retail_etl_dag.py                           1           0  0.16s           2026-05-13T18:38:00
================================================================================
[2026-05-13T18:38:38.312+0000] {manager.py:878} INFO - 
================================================================================
DAG File Processing Stats

File Path                            PID    Runtime      # DAGs    # Errors  Last Runtime    Last Run
-----------------------------------  -----  ---------  --------  ----------  --------------  -------------------
/opt/airflow/dags/retail_etl_dag.py                           1           0  0.18s           2026-05-13T18:38:31
================================================================================
[2026-05-13T18:39:06.108+0000] {manager.py:878} INFO - 
================================================================================
DAG File Processing Stats

File Path                            PID    Runtime      # DAGs    # Errors  Last Runtime    Last Run
-----------------------------------  -----  ---------  --------  ----------  --------------  -------------------
/opt/airflow/dags/retail_etl_dag.py                           1           0  0.17s           2026-05-13T18:39:01
================================================================================
[2026-05-13T18:39:33.678+0000] {manager.py:878} INFO - 
================================================================================
DAG File Processing Stats

File Path                            PID    Runtime      # DAGs    # Errors  Last Runtime    Last Run
-----------------------------------  -----  ---------  --------  ----------  --------------  -------------------
/opt/airflow/dags/retail_etl_dag.py                           1           0  0.20s           2026-05-13T18:39:32
================================================================================
[2026-05-13T18:40:02.184+0000] {manager.py:878} INFO - 
================================================================================
DAG File Processing Stats

File Path                            PID    Runtime      # DAGs    # Errors  Last Runtime    Last Run
-----------------------------------  -----  ---------  --------  ----------  --------------  -------------------
/opt/airflow/dags/retail_etl_dag.py                           1           0  0.19s           2026-05-13T18:40:03
================================================================================
[2026-05-13T18:40:30.617+0000] {manager.py:878} INFO - 
================================================================================
DAG File Processing Stats

File Path                            PID    Runtime      # DAGs    # Errors  Last Runtime    Last Run
-----------------------------------  -----  ---------  --------  ----------  --------------  -------------------
/opt/airflow/dags/retail_etl_dag.py                           1           0  0.19s           2026-05-13T18:40:03
================================================================================
[2026-05-13T18:40:59.267+0000] {manager.py:878} INFO - 
================================================================================
DAG File Processing Stats

File Path                            PID    Runtime      # DAGs    # Errors  Last Runtime    Last Run
-----------------------------------  -----  ---------  --------  ----------  --------------  -------------------
/opt/airflow/dags/retail_etl_dag.py                           1           0  0.17s           2026-05-13T18:40:33
================================================================================
[2026-05-13T18:41:15.405+0000] {manager.py:737} INFO - Searching for files in /opt/airflow/dags
[2026-05-13T18:41:15.431+0000] {manager.py:740} INFO - There are 1 files in /opt/airflow/dags
[2026-05-13T18:41:27.786+0000] {manager.py:878} INFO - 
================================================================================
DAG File Processing Stats

File Path                            PID    Runtime      # DAGs    # Errors  Last Runtime    Last Run
-----------------------------------  -----  ---------  --------  ----------  --------------  -------------------
/opt/airflow/dags/retail_etl_dag.py                           1           0  0.16s           2026-05-13T18:41:04
================================================================================
[2026-05-13T18:41:56.306+0000] {manager.py:878} INFO - 
================================================================================
DAG File Processing Stats

File Path                            PID    Runtime      # DAGs    # Errors  Last Runtime    Last Run
-----------------------------------  -----  ---------  --------  ----------  --------------  -------------------
/opt/airflow/dags/retail_etl_dag.py                           1           0  0.16s           2026-05-13T18:41:34
================================================================================
[2026-05-13T18:42:24.851+0000] {manager.py:878} INFO - 
================================================================================
DAG File Processing Stats

File Path                            PID    Runtime      # DAGs    # Errors  Last Runtime    Last Run
-----------------------------------  -----  ---------  --------  ----------  --------------  -------------------
/opt/airflow/dags/retail_etl_dag.py                           1           0  0.16s           2026-05-13T18:42:05
================================================================================
[2026-05-13T18:42:53.384+0000] {manager.py:878} INFO - 
================================================================================
DAG File Processing Stats

File Path                            PID    Runtime      # DAGs    # Errors  Last Runtime    Last Run
-----------------------------------  -----  ---------  --------  ----------  --------------  -------------------
/opt/airflow/dags/retail_etl_dag.py                           1           0  0.16s           2026-05-13T18:42:36
================================================================================
[2026-05-13T18:43:21.962+0000] {manager.py:878} INFO - 
================================================================================
DAG File Processing Stats

File Path                            PID    Runtime      # DAGs    # Errors  Last Runtime    Last Run
-----------------------------------  -----  ---------  --------  ----------  --------------  -------------------
/opt/airflow/dags/retail_etl_dag.py                           1           0  0.16s           2026-05-13T18:43:06
================================================================================
[2026-05-13T18:43:50.470+0000] {manager.py:878} INFO - 
================================================================================
DAG File Processing Stats

File Path                            PID    Runtime      # DAGs    # Errors  Last Runtime    Last Run
-----------------------------------  -----  ---------  --------  ----------  --------------  -------------------
/opt/airflow/dags/retail_etl_dag.py                           1           0  0.16s           2026-05-13T18:43:37
================================================================================
[2026-05-13T18:44:02.321+0000] {manager.py:452} INFO - Exiting gracefully upon receiving signal 15
[2026-05-13T18:45:05.721+0000] {manager.py:470} INFO - Processing files using up to 2 processes at a time 
[2026-05-13T18:45:05.723+0000] {manager.py:471} INFO - Process each file at most once every 30 seconds
[2026-05-13T18:45:05.726+0000] {manager.py:472} INFO - Checking for new files in /opt/airflow/dags every 300 seconds
[2026-05-13T18:45:05.728+0000] {manager.py:737} INFO - Searching for files in /opt/airflow/dags
[2026-05-13T18:45:05.781+0000] {manager.py:740} INFO - There are 1 files in /opt/airflow/dags
[2026-05-13T18:45:06.053+0000] {manager.py:878} INFO - 
================================================================================
DAG File Processing Stats

File Path                              PID  Runtime      # DAGs    # Errors  Last Runtime    Last Run
-----------------------------------  -----  ---------  --------  ----------  --------------  ----------
/opt/airflow/dags/retail_etl_dag.py     25  0.13s             0           0
================================================================================
[2026-05-13T18:45:34.432+0000] {manager.py:878} INFO - 
================================================================================
DAG File Processing Stats

File Path                            PID    Runtime      # DAGs    # Errors  Last Runtime    Last Run
-----------------------------------  -----  ---------  --------  ----------  --------------  -------------------
/opt/airflow/dags/retail_etl_dag.py                           1           0  1.12s           2026-05-13T18:45:07
================================================================================
[2026-05-13T18:46:03.285+0000] {manager.py:878} INFO - 
================================================================================
DAG File Processing Stats

File Path                            PID    Runtime      # DAGs    # Errors  Last Runtime    Last Run
-----------------------------------  -----  ---------  --------  ----------  --------------  -------------------
/opt/airflow/dags/retail_etl_dag.py                           1           0  0.56s           2026-05-13T18:45:38
================================================================================
[2026-05-13T18:46:32.178+0000] {manager.py:878} INFO - 
================================================================================
DAG File Processing Stats

File Path                            PID    Runtime      # DAGs    # Errors  Last Runtime    Last Run
-----------------------------------  -----  ---------  --------  ----------  --------------  -------------------
/opt/airflow/dags/retail_etl_dag.py                           1           0  0.54s           2026-05-13T18:46:09
================================================================================
[2026-05-13T18:47:00.492+0000] {manager.py:878} INFO - 
================================================================================
DAG File Processing Stats

File Path                            PID    Runtime      # DAGs    # Errors  Last Runtime    Last Run
-----------------------------------  -----  ---------  --------  ----------  --------------  -------------------
/opt/airflow/dags/retail_etl_dag.py                           1           0  0.80s           2026-05-13T18:46:40
================================================================================
[2026-05-13T18:47:29.026+0000] {manager.py:878} INFO - 
================================================================================
DAG File Processing Stats

File Path                            PID    Runtime      # DAGs    # Errors  Last Runtime    Last Run
-----------------------------------  -----  ---------  --------  ----------  --------------  -------------------
/opt/airflow/dags/retail_etl_dag.py                           1           0  0.32s           2026-05-13T18:47:11
================================================================================
[2026-05-13T18:47:57.815+0000] {manager.py:878} INFO - 
================================================================================
DAG File Processing Stats

File Path                            PID    Runtime      # DAGs    # Errors  Last Runtime    Last Run
-----------------------------------  -----  ---------  --------  ----------  --------------  -------------------
/opt/airflow/dags/retail_etl_dag.py                           1           0  0.29s           2026-05-13T18:47:41
================================================================================
[2026-05-13T18:48:26.264+0000] {manager.py:878} INFO - 
================================================================================
DAG File Processing Stats

File Path                            PID    Runtime      # DAGs    # Errors  Last Runtime    Last Run
-----------------------------------  -----  ---------  --------  ----------  --------------  -------------------
/opt/airflow/dags/retail_etl_dag.py                           1           0  0.16s           2026-05-13T18:48:12
================================================================================
[2026-05-13T18:48:54.833+0000] {manager.py:878} INFO - 
================================================================================
DAG File Processing Stats

File Path                            PID    Runtime      # DAGs    # Errors  Last Runtime    Last Run
-----------------------------------  -----  ---------  --------  ----------  --------------  -------------------
/opt/airflow/dags/retail_etl_dag.py                           1           0  0.25s           2026-05-13T18:48:42
================================================================================
[2026-05-13T18:49:23.405+0000] {manager.py:878} INFO - 
================================================================================
DAG File Processing Stats

File Path                            PID    Runtime      # DAGs    # Errors  Last Runtime    Last Run
-----------------------------------  -----  ---------  --------  ----------  --------------  -------------------
/opt/airflow/dags/retail_etl_dag.py                           1           0  0.16s           2026-05-13T18:49:13
================================================================================
[2026-05-13T18:49:51.864+0000] {manager.py:878} INFO - 
================================================================================
DAG File Processing Stats

File Path                            PID    Runtime      # DAGs    # Errors  Last Runtime    Last Run
-----------------------------------  -----  ---------  --------  ----------  --------------  -------------------
/opt/airflow/dags/retail_etl_dag.py                           1           0  0.15s           2026-05-13T18:49:43
================================================================================
[2026-05-13T18:50:06.230+0000] {manager.py:737} INFO - Searching for files in /opt/airflow/dags
[2026-05-13T18:50:06.257+0000] {manager.py:740} INFO - There are 1 files in /opt/airflow/dags
[2026-05-13T18:50:20.464+0000] {manager.py:878} INFO - 
================================================================================
DAG File Processing Stats

File Path                            PID    Runtime      # DAGs    # Errors  Last Runtime    Last Run
-----------------------------------  -----  ---------  --------  ----------  --------------  -------------------
/opt/airflow/dags/retail_etl_dag.py                           1           0  0.18s           2026-05-13T18:50:14
================================================================================
[2026-05-13T18:50:47.983+0000] {manager.py:452} INFO - Exiting gracefully upon receiving signal 15
[2026-05-13T18:51:03.639+0000] {manager.py:470} INFO - Processing files using up to 2 processes at a time 
[2026-05-13T18:51:03.641+0000] {manager.py:471} INFO - Process each file at most once every 30 seconds
[2026-05-13T18:51:03.642+0000] {manager.py:472} INFO - Checking for new files in /opt/airflow/dags every 300 seconds
[2026-05-13T18:51:03.644+0000] {manager.py:737} INFO - Searching for files in /opt/airflow/dags
[2026-05-13T18:51:03.678+0000] {manager.py:740} INFO - There are 1 files in /opt/airflow/dags
[2026-05-13T18:51:03.829+0000] {manager.py:878} INFO - 
================================================================================
DAG File Processing Stats

File Path                              PID  Runtime      # DAGs    # Errors  Last Runtime    Last Run
-----------------------------------  -----  ---------  --------  ----------  --------------  ----------
/opt/airflow/dags/retail_etl_dag.py     25  0.07s             0           0
================================================================================
[2026-05-13T18:51:32.300+0000] {manager.py:878} INFO - 
================================================================================
DAG File Processing Stats

File Path                            PID    Runtime      # DAGs    # Errors  Last Runtime    Last Run
-----------------------------------  -----  ---------  --------  ----------  --------------  -------------------
/opt/airflow/dags/retail_etl_dag.py                           1           0  0.22s           2026-05-13T18:51:03
================================================================================
[2026-05-13T18:51:37.809+0000] {manager.py:452} INFO - Exiting gracefully upon receiving signal 15
[2026-05-13T18:52:29.130+0000] {manager.py:470} INFO - Processing files using up to 2 processes at a time 
[2026-05-13T18:52:29.134+0000] {manager.py:471} INFO - Process each file at most once every 30 seconds
[2026-05-13T18:52:29.136+0000] {manager.py:472} INFO - Checking for new files in /opt/airflow/dags every 300 seconds
[2026-05-13T18:52:29.138+0000] {manager.py:737} INFO - Searching for files in /opt/airflow/dags
[2026-05-13T18:52:29.186+0000] {manager.py:740} INFO - There are 1 files in /opt/airflow/dags
[2026-05-13T18:52:29.464+0000] {manager.py:878} INFO - 
================================================================================
DAG File Processing Stats

File Path                              PID  Runtime      # DAGs    # Errors  Last Runtime    Last Run
-----------------------------------  -----  ---------  --------  ----------  --------------  ----------
/opt/airflow/dags/retail_etl_dag.py     25  0.12s             0           0
================================================================================
[2026-05-13T18:52:58.232+0000] {manager.py:878} INFO - 
================================================================================
DAG File Processing Stats

File Path                            PID    Runtime      # DAGs    # Errors  Last Runtime    Last Run
-----------------------------------  -----  ---------  --------  ----------  --------------  -------------------
/opt/airflow/dags/retail_etl_dag.py                           1           0  1.47s           2026-05-13T18:52:30
================================================================================
[2026-05-13T18:53:26.627+0000] {manager.py:878} INFO - 
================================================================================
DAG File Processing Stats

File Path                            PID    Runtime      # DAGs    # Errors  Last Runtime    Last Run
-----------------------------------  -----  ---------  --------  ----------  --------------  -------------------
/opt/airflow/dags/retail_etl_dag.py                           1           0  0.46s           2026-05-13T18:53:01
================================================================================
[2026-05-13T18:53:55.157+0000] {manager.py:878} INFO - 
================================================================================
DAG File Processing Stats

File Path                            PID    Runtime      # DAGs    # Errors  Last Runtime    Last Run
-----------------------------------  -----  ---------  --------  ----------  --------------  -------------------
/opt/airflow/dags/retail_etl_dag.py                           1           0  0.44s           2026-05-13T18:53:32
================================================================================
[2026-05-13T18:54:23.749+0000] {manager.py:878} INFO - 
================================================================================
DAG File Processing Stats

File Path                            PID    Runtime      # DAGs    # Errors  Last Runtime    Last Run
-----------------------------------  -----  ---------  --------  ----------  --------------  -------------------
/opt/airflow/dags/retail_etl_dag.py                           1           0  0.18s           2026-05-13T18:54:03
================================================================================
[2026-05-13T18:54:52.288+0000] {manager.py:878} INFO - 
================================================================================
DAG File Processing Stats

File Path                            PID    Runtime      # DAGs    # Errors  Last Runtime    Last Run
-----------------------------------  -----  ---------  --------  ----------  --------------  -------------------
/opt/airflow/dags/retail_etl_dag.py                           1           0  0.20s           2026-05-13T18:54:34
================================================================================
[2026-05-13T18:55:20.880+0000] {manager.py:878} INFO - 
================================================================================
DAG File Processing Stats

File Path                            PID    Runtime      # DAGs    # Errors  Last Runtime    Last Run
-----------------------------------  -----  ---------  --------  ----------  --------------  -------------------
/opt/airflow/dags/retail_etl_dag.py                           1           0  0.15s           2026-05-13T18:55:04
================================================================================
[2026-05-13T18:55:49.358+0000] {manager.py:878} INFO - 
================================================================================
DAG File Processing Stats

File Path                            PID    Runtime      # DAGs    # Errors  Last Runtime    Last Run
-----------------------------------  -----  ---------  --------  ----------  --------------  -------------------
/opt/airflow/dags/retail_etl_dag.py                           1           0  0.15s           2026-05-13T18:55:35
================================================================================
[2026-05-13T18:56:17.934+0000] {manager.py:878} INFO - 
================================================================================
DAG File Processing Stats

File Path                            PID    Runtime      # DAGs    # Errors  Last Runtime    Last Run
-----------------------------------  -----  ---------  --------  ----------  --------------  -------------------
/opt/airflow/dags/retail_etl_dag.py                           1           0  0.15s           2026-05-13T18:56:05
================================================================================
[2026-05-13T18:56:46.436+0000] {manager.py:878} INFO - 
================================================================================
DAG File Processing Stats

File Path                            PID    Runtime      # DAGs    # Errors  Last Runtime    Last Run
-----------------------------------  -----  ---------  --------  ----------  --------------  -------------------
/opt/airflow/dags/retail_etl_dag.py                           1           0  0.17s           2026-05-13T18:56:36
================================================================================
[2026-05-13T18:57:15.031+0000] {manager.py:878} INFO - 
================================================================================
DAG File Processing Stats

File Path                            PID    Runtime      # DAGs    # Errors  Last Runtime    Last Run
-----------------------------------  -----  ---------  --------  ----------  --------------  -------------------
/opt/airflow/dags/retail_etl_dag.py                           1           0  0.15s           2026-05-13T18:57:06
================================================================================
[2026-05-13T18:57:29.383+0000] {manager.py:737} INFO - Searching for files in /opt/airflow/dags
[2026-05-13T18:57:29.419+0000] {manager.py:740} INFO - There are 1 files in /opt/airflow/dags
[2026-05-13T18:57:43.562+0000] {manager.py:878} INFO - 
================================================================================
DAG File Processing Stats

File Path                            PID    Runtime      # DAGs    # Errors  Last Runtime    Last Run
-----------------------------------  -----  ---------  --------  ----------  --------------  -------------------
/opt/airflow/dags/retail_etl_dag.py                           1           0  0.20s           2026-05-13T18:57:37
================================================================================
[2026-05-13T18:58:12.099+0000] {manager.py:878} INFO - 
================================================================================
DAG File Processing Stats

File Path                            PID    Runtime      # DAGs    # Errors  Last Runtime    Last Run
-----------------------------------  -----  ---------  --------  ----------  --------------  -------------------
/opt/airflow/dags/retail_etl_dag.py                           1           0  0.22s           2026-05-13T18:58:08
================================================================================
[2026-05-13T18:58:40.558+0000] {manager.py:878} INFO - 
================================================================================
DAG File Processing Stats

File Path                            PID    Runtime      # DAGs    # Errors  Last Runtime    Last Run
-----------------------------------  -----  ---------  --------  ----------  --------------  -------------------
/opt/airflow/dags/retail_etl_dag.py                           1           0  0.15s           2026-05-13T18:58:38
================================================================================
[2026-05-13T18:59:09.053+0000] {manager.py:878} INFO - 
================================================================================
DAG File Processing Stats

File Path                              PID  Runtime      # DAGs    # Errors  Last Runtime    Last Run
-----------------------------------  -----  ---------  --------  ----------  --------------  -------------------
/opt/airflow/dags/retail_etl_dag.py    146  0.01s             1           0  0.15s           2026-05-13T18:58:38
================================================================================
[2026-05-13T18:59:37.646+0000] {manager.py:878} INFO - 
================================================================================
DAG File Processing Stats

File Path                            PID    Runtime      # DAGs    # Errors  Last Runtime    Last Run
-----------------------------------  -----  ---------  --------  ----------  --------------  -------------------
/opt/airflow/dags/retail_etl_dag.py                           1           0  0.18s           2026-05-13T18:59:09
================================================================================
