[2026-05-13T17:48:18.342+0000] {local_task_job_runner.py:120} INFO - ::group::Pre task execution logs
[2026-05-13T17:48:18.522+0000] {taskinstance.py:2076} INFO - Dependencies all met for dep_context=non-requeueable deps ti=<TaskInstance: retail_pipeline.transform manual__2026-05-13T17:47:04.185179+00:00 [queued]>
[2026-05-13T17:48:18.595+0000] {taskinstance.py:2076} INFO - Dependencies all met for dep_context=requeueable deps ti=<TaskInstance: retail_pipeline.transform manual__2026-05-13T17:47:04.185179+00:00 [queued]>
[2026-05-13T17:48:18.602+0000] {taskinstance.py:2306} INFO - Starting attempt 1 of 1
[2026-05-13T17:48:18.690+0000] {taskinstance.py:2330} INFO - Executing <Task(BashOperator): transform> on 2026-05-13 17:47:04.185179+00:00
[2026-05-13T17:48:18.716+0000] {standard_task_runner.py:63} INFO - Started process 94 to run task
[2026-05-13T17:48:18.735+0000] {standard_task_runner.py:90} INFO - Running: ['airflow', 'tasks', 'run', 'retail_pipeline', 'transform', 'manual__2026-05-13T17:47:04.185179+00:00', '--job-id', '5', '--raw', '--subdir', 'DAGS_FOLDER/retail_etl_dag.py', '--cfg-path', '/tmp/tmpmnqy7w4b']
[2026-05-13T17:48:18.755+0000] {standard_task_runner.py:91} INFO - Job 5: Subtask transform
[2026-05-13T17:48:19.203+0000] {task_command.py:426} INFO - Running <TaskInstance: retail_pipeline.transform manual__2026-05-13T17:47:04.185179+00:00 [running]> on host a5c9622af2da
[2026-05-13T17:48:19.628+0000] {taskinstance.py:2648} INFO - Exporting env vars: AIRFLOW_CTX_DAG_OWNER='airflow' AIRFLOW_CTX_DAG_ID='retail_pipeline' AIRFLOW_CTX_TASK_ID='transform' AIRFLOW_CTX_EXECUTION_DATE='2026-05-13T17:47:04.185179+00:00' AIRFLOW_CTX_TRY_NUMBER='1' AIRFLOW_CTX_DAG_RUN_ID='manual__2026-05-13T17:47:04.185179+00:00'
[2026-05-13T17:48:19.632+0000] {taskinstance.py:430} INFO - ::endgroup::
[2026-05-13T17:48:19.782+0000] {subprocess.py:63} INFO - Tmp dir root location: /tmp
[2026-05-13T17:48:19.788+0000] {subprocess.py:75} INFO - Running command: ['/usr/bin/bash', '-c', 'python /opt/airflow/scripts/transform.py']
[2026-05-13T17:48:19.829+0000] {subprocess.py:86} INFO - Output:
[2026-05-13T17:48:23.544+0000] {subprocess.py:93} INFO - Traceback (most recent call last):
[2026-05-13T17:48:23.546+0000] {subprocess.py:93} INFO -   File "/opt/airflow/scripts/transform.py", line 3, in <module>
[2026-05-13T17:48:23.552+0000] {subprocess.py:93} INFO -     df = pd.read_csv("data/raw_products.csv")
[2026-05-13T17:48:23.554+0000] {subprocess.py:93} INFO -          ^^^^^^^^^^^^^^^^^^^^^^^^^^^^^^^^^^^^
[2026-05-13T17:48:23.555+0000] {subprocess.py:93} INFO -   File "/home/airflow/.local/lib/python3.12/site-packages/pandas/io/parsers/readers.py", line 948, in read_csv
[2026-05-13T17:48:23.556+0000] {subprocess.py:93} INFO -     return _read(filepath_or_buffer, kwds)
[2026-05-13T17:48:23.558+0000] {subprocess.py:93} INFO -            ^^^^^^^^^^^^^^^^^^^^^^^^^^^^^^^
[2026-05-13T17:48:23.560+0000] {subprocess.py:93} INFO -   File "/home/airflow/.local/lib/python3.12/site-packages/pandas/io/parsers/readers.py", line 611, in _read
[2026-05-13T17:48:23.561+0000] {subprocess.py:93} INFO -     parser = TextFileReader(filepath_or_buffer, **kwds)
[2026-05-13T17:48:23.562+0000] {subprocess.py:93} INFO -              ^^^^^^^^^^^^^^^^^^^^^^^^^^^^^^^^^^^^^^^^^^
[2026-05-13T17:48:23.563+0000] {subprocess.py:93} INFO -   File "/home/airflow/.local/lib/python3.12/site-packages/pandas/io/parsers/readers.py", line 1448, in __init__
[2026-05-13T17:48:23.564+0000] {subprocess.py:93} INFO -     self._engine = self._make_engine(f, self.engine)
[2026-05-13T17:48:23.565+0000] {subprocess.py:93} INFO -                    ^^^^^^^^^^^^^^^^^^^^^^^^^^^^^^^^^
[2026-05-13T17:48:23.566+0000] {subprocess.py:93} INFO -   File "/home/airflow/.local/lib/python3.12/site-packages/pandas/io/parsers/readers.py", line 1705, in _make_engine
[2026-05-13T17:48:23.567+0000] {subprocess.py:93} INFO -     self.handles = get_handle(
[2026-05-13T17:48:23.568+0000] {subprocess.py:93} INFO -                    ^^^^^^^^^^^
[2026-05-13T17:48:23.569+0000] {subprocess.py:93} INFO -   File "/home/airflow/.local/lib/python3.12/site-packages/pandas/io/common.py", line 863, in get_handle
[2026-05-13T17:48:23.570+0000] {subprocess.py:93} INFO -     handle = open(
[2026-05-13T17:48:23.571+0000] {subprocess.py:93} INFO -              ^^^^^
[2026-05-13T17:48:23.572+0000] {subprocess.py:93} INFO - FileNotFoundError: [Errno 2] No such file or directory: 'data/raw_products.csv'
[2026-05-13T17:48:23.713+0000] {subprocess.py:97} INFO - Command exited with return code 1
[2026-05-13T17:48:23.715+0000] {taskinstance.py:441} INFO - ::group::Post task execution logs
[2026-05-13T17:48:23.760+0000] {taskinstance.py:2905} ERROR - Task failed with exception
Traceback (most recent call last):
  File "/home/airflow/.local/lib/python3.12/site-packages/airflow/models/taskinstance.py", line 465, in _execute_task
    result = _execute_callable(context=context, **execute_callable_kwargs)
             ^^^^^^^^^^^^^^^^^^^^^^^^^^^^^^^^^^^^^^^^^^^^^^^^^^^^^^^^^^^^^
  File "/home/airflow/.local/lib/python3.12/site-packages/airflow/models/taskinstance.py", line 432, in _execute_callable
    return execute_callable(context=context, **execute_callable_kwargs)
           ^^^^^^^^^^^^^^^^^^^^^^^^^^^^^^^^^^^^^^^^^^^^^^^^^^^^^^^^^^^^
  File "/home/airflow/.local/lib/python3.12/site-packages/airflow/models/baseoperator.py", line 400, in wrapper
    return func(self, *args, **kwargs)
           ^^^^^^^^^^^^^^^^^^^^^^^^^^^
  File "/home/airflow/.local/lib/python3.12/site-packages/airflow/operators/bash.py", line 243, in execute
    raise AirflowException(
airflow.exceptions.AirflowException: Bash command failed. The command returned a non-zero exit code 1.
[2026-05-13T17:48:23.776+0000] {taskinstance.py:1206} INFO - Marking task as FAILED. dag_id=retail_pipeline, task_id=transform, run_id=manual__2026-05-13T17:47:04.185179+00:00, execution_date=20260513T174704, start_date=20260513T174818, end_date=20260513T174823
[2026-05-13T17:48:23.828+0000] {standard_task_runner.py:110} ERROR - Failed to execute job 5 for task transform (Bash command failed. The command returned a non-zero exit code 1.; 94)
[2026-05-13T17:48:23.864+0000] {local_task_job_runner.py:240} INFO - Task exited with return code 1
[2026-05-13T17:48:23.974+0000] {taskinstance.py:3498} INFO - 0 downstream tasks scheduled from follow-on schedule check
[2026-05-13T17:48:23.994+0000] {local_task_job_runner.py:222} INFO - ::endgroup::
