[2026-05-13T17:48:02.368+0000] {local_task_job_runner.py:120} INFO - ::group::Pre task execution logs
[2026-05-13T17:48:02.451+0000] {taskinstance.py:2076} INFO - Dependencies all met for dep_context=non-requeueable deps ti=<TaskInstance: retail_pipeline.transform scheduled__2026-05-12T00:00:00+00:00 [queued]>
[2026-05-13T17:48:02.475+0000] {taskinstance.py:2076} INFO - Dependencies all met for dep_context=requeueable deps ti=<TaskInstance: retail_pipeline.transform scheduled__2026-05-12T00:00:00+00:00 [queued]>
[2026-05-13T17:48:02.476+0000] {taskinstance.py:2306} INFO - Starting attempt 1 of 1
[2026-05-13T17:48:02.508+0000] {taskinstance.py:2330} INFO - Executing <Task(BashOperator): transform> on 2026-05-12 00:00:00+00:00
[2026-05-13T17:48:02.520+0000] {standard_task_runner.py:63} INFO - Started process 75 to run task
[2026-05-13T17:48:02.528+0000] {standard_task_runner.py:90} INFO - Running: ['airflow', 'tasks', 'run', 'retail_pipeline', 'transform', 'scheduled__2026-05-12T00:00:00+00:00', '--job-id', '4', '--raw', '--subdir', 'DAGS_FOLDER/retail_etl_dag.py', '--cfg-path', '/tmp/tmpjwqua_34']
[2026-05-13T17:48:02.533+0000] {standard_task_runner.py:91} INFO - Job 4: Subtask transform
[2026-05-13T17:48:02.739+0000] {task_command.py:426} INFO - Running <TaskInstance: retail_pipeline.transform scheduled__2026-05-12T00:00:00+00:00 [running]> on host a5c9622af2da
[2026-05-13T17:48:03.090+0000] {taskinstance.py:2648} INFO - Exporting env vars: AIRFLOW_CTX_DAG_OWNER='airflow' AIRFLOW_CTX_DAG_ID='retail_pipeline' AIRFLOW_CTX_TASK_ID='transform' AIRFLOW_CTX_EXECUTION_DATE='2026-05-12T00:00:00+00:00' AIRFLOW_CTX_TRY_NUMBER='1' AIRFLOW_CTX_DAG_RUN_ID='scheduled__2026-05-12T00:00:00+00:00'
[2026-05-13T17:48:03.092+0000] {taskinstance.py:430} INFO - ::endgroup::
[2026-05-13T17:48:03.140+0000] {subprocess.py:63} INFO - Tmp dir root location: /tmp
[2026-05-13T17:48:03.145+0000] {subprocess.py:75} INFO - Running command: ['/usr/bin/bash', '-c', 'python /opt/airflow/scripts/transform.py']
[2026-05-13T17:48:03.175+0000] {subprocess.py:86} INFO - Output:
[2026-05-13T17:48:06.924+0000] {subprocess.py:93} INFO - Traceback (most recent call last):
[2026-05-13T17:48:06.926+0000] {subprocess.py:93} INFO -   File "/opt/airflow/scripts/transform.py", line 3, in <module>
[2026-05-13T17:48:06.937+0000] {subprocess.py:93} INFO -     df = pd.read_csv("data/raw_products.csv")
[2026-05-13T17:48:06.940+0000] {subprocess.py:93} INFO -          ^^^^^^^^^^^^^^^^^^^^^^^^^^^^^^^^^^^^
[2026-05-13T17:48:06.941+0000] {subprocess.py:93} INFO -   File "/home/airflow/.local/lib/python3.12/site-packages/pandas/io/parsers/readers.py", line 948, in read_csv
[2026-05-13T17:48:06.943+0000] {subprocess.py:93} INFO -     return _read(filepath_or_buffer, kwds)
[2026-05-13T17:48:06.945+0000] {subprocess.py:93} INFO -            ^^^^^^^^^^^^^^^^^^^^^^^^^^^^^^^
[2026-05-13T17:48:06.958+0000] {subprocess.py:93} INFO -   File "/home/airflow/.local/lib/python3.12/site-packages/pandas/io/parsers/readers.py", line 611, in _read
[2026-05-13T17:48:06.973+0000] {subprocess.py:93} INFO -     parser = TextFileReader(filepath_or_buffer, **kwds)
[2026-05-13T17:48:06.976+0000] {subprocess.py:93} INFO -              ^^^^^^^^^^^^^^^^^^^^^^^^^^^^^^^^^^^^^^^^^^
[2026-05-13T17:48:06.978+0000] {subprocess.py:93} INFO -   File "/home/airflow/.local/lib/python3.12/site-packages/pandas/io/parsers/readers.py", line 1448, in __init__
[2026-05-13T17:48:06.980+0000] {subprocess.py:93} INFO -     self._engine = self._make_engine(f, self.engine)
[2026-05-13T17:48:06.982+0000] {subprocess.py:93} INFO -                    ^^^^^^^^^^^^^^^^^^^^^^^^^^^^^^^^^
[2026-05-13T17:48:06.983+0000] {subprocess.py:93} INFO -   File "/home/airflow/.local/lib/python3.12/site-packages/pandas/io/parsers/readers.py", line 1705, in _make_engine
[2026-05-13T17:48:06.985+0000] {subprocess.py:93} INFO -     self.handles = get_handle(
[2026-05-13T17:48:06.986+0000] {subprocess.py:93} INFO -                    ^^^^^^^^^^^
[2026-05-13T17:48:06.988+0000] {subprocess.py:93} INFO -   File "/home/airflow/.local/lib/python3.12/site-packages/pandas/io/common.py", line 863, in get_handle
[2026-05-13T17:48:06.989+0000] {subprocess.py:93} INFO -     handle = open(
[2026-05-13T17:48:06.989+0000] {subprocess.py:93} INFO -              ^^^^^
[2026-05-13T17:48:06.991+0000] {subprocess.py:93} INFO - FileNotFoundError: [Errno 2] No such file or directory: 'data/raw_products.csv'
[2026-05-13T17:48:07.156+0000] {subprocess.py:97} INFO - Command exited with return code 1
[2026-05-13T17:48:07.160+0000] {taskinstance.py:441} INFO - ::group::Post task execution logs
[2026-05-13T17:48:07.239+0000] {taskinstance.py:2905} ERROR - Task failed with exception
Traceback (most recent call last):
  File "/home/airflow/.local/lib/python3.12/site-packages/airflow/models/taskinstance.py", line 465, in _execute_task
    result = _execute_callable(context=context, **execute_callable_kwargs)
             ^^^^^^^^^^^^^^^^^^^^^^^^^^^^^^^^^^^^^^^^^^^^^^^^^^^^^^^^^^^^^
  File "/home/airflow/.local/lib/python3.12/site-packages/airflow/models/taskinstance.py", line 432, in _execute_callable
    return execute_callable(context=context, **execute_callable_kwargs)
           ^^^^^^^^^^^^^^^^^^^^^^^^^^^^^^^^^^^^^^^^^^^^^^^^^^^^^^^^^^^^
  File "/home/airflow/.local/lib/python3.12/site-packages/airflow/models/baseoperator.py", line 400, in wrapper
    return func(self, *args, **kwargs)
           ^^^^^^^^^^^^^^^^^^^^^^^^^^^
  File "/home/airflow/.local/lib/python3.12/site-packages/airflow/operators/bash.py", line 243, in execute
    raise AirflowException(
airflow.exceptions.AirflowException: Bash command failed. The command returned a non-zero exit code 1.
[2026-05-13T17:48:07.278+0000] {taskinstance.py:1206} INFO - Marking task as FAILED. dag_id=retail_pipeline, task_id=transform, run_id=scheduled__2026-05-12T00:00:00+00:00, execution_date=20260512T000000, start_date=20260513T174802, end_date=20260513T174807
[2026-05-13T17:48:07.344+0000] {standard_task_runner.py:110} ERROR - Failed to execute job 4 for task transform (Bash command failed. The command returned a non-zero exit code 1.; 75)
[2026-05-13T17:48:07.395+0000] {local_task_job_runner.py:240} INFO - Task exited with return code 1
[2026-05-13T17:48:07.480+0000] {taskinstance.py:3498} INFO - 0 downstream tasks scheduled from follow-on schedule check
[2026-05-13T17:48:07.493+0000] {local_task_job_runner.py:222} INFO - ::endgroup::
[2026-05-13T18:28:32.502+0000] {local_task_job_runner.py:120} INFO - ::group::Pre task execution logs
[2026-05-13T18:28:32.611+0000] {taskinstance.py:2076} INFO - Dependencies all met for dep_context=non-requeueable deps ti=<TaskInstance: retail_pipeline.transform scheduled__2026-05-12T00:00:00+00:00 [queued]>
[2026-05-13T18:28:32.665+0000] {taskinstance.py:2076} INFO - Dependencies all met for dep_context=requeueable deps ti=<TaskInstance: retail_pipeline.transform scheduled__2026-05-12T00:00:00+00:00 [queued]>
[2026-05-13T18:28:32.671+0000] {taskinstance.py:2306} INFO - Starting attempt 1 of 1
[2026-05-13T18:28:32.737+0000] {taskinstance.py:2330} INFO - Executing <Task(BashOperator): transform> on 2026-05-12 00:00:00+00:00
[2026-05-13T18:28:32.764+0000] {standard_task_runner.py:63} INFO - Started process 74 to run task
[2026-05-13T18:28:32.776+0000] {standard_task_runner.py:90} INFO - Running: ['airflow', 'tasks', 'run', 'retail_pipeline', 'transform', 'scheduled__2026-05-12T00:00:00+00:00', '--job-id', '4', '--raw', '--subdir', 'DAGS_FOLDER/retail_etl_dag.py', '--cfg-path', '/tmp/tmpx99nchir']
[2026-05-13T18:28:32.785+0000] {standard_task_runner.py:91} INFO - Job 4: Subtask transform
[2026-05-13T18:28:33.063+0000] {task_command.py:426} INFO - Running <TaskInstance: retail_pipeline.transform scheduled__2026-05-12T00:00:00+00:00 [running]> on host 62e468e71b8c
[2026-05-13T18:28:33.254+0000] {taskinstance.py:2648} INFO - Exporting env vars: AIRFLOW_CTX_DAG_OWNER='airflow' AIRFLOW_CTX_DAG_ID='retail_pipeline' AIRFLOW_CTX_TASK_ID='transform' AIRFLOW_CTX_EXECUTION_DATE='2026-05-12T00:00:00+00:00' AIRFLOW_CTX_TRY_NUMBER='1' AIRFLOW_CTX_DAG_RUN_ID='scheduled__2026-05-12T00:00:00+00:00'
[2026-05-13T18:28:33.256+0000] {taskinstance.py:430} INFO - ::endgroup::
[2026-05-13T18:28:33.282+0000] {subprocess.py:63} INFO - Tmp dir root location: /tmp
[2026-05-13T18:28:33.284+0000] {subprocess.py:75} INFO - Running command: ['/usr/bin/bash', '-c', 'python /opt/airflow/scripts/transform.py']
[2026-05-13T18:28:33.301+0000] {subprocess.py:86} INFO - Output:
[2026-05-13T18:28:34.978+0000] {subprocess.py:93} INFO - Traceback (most recent call last):
[2026-05-13T18:28:34.980+0000] {subprocess.py:93} INFO -   File "/opt/airflow/scripts/transform.py", line 3, in <module>
[2026-05-13T18:28:34.985+0000] {subprocess.py:93} INFO -     df = pd.read_csv("data/raw_products.csv")
[2026-05-13T18:28:34.986+0000] {subprocess.py:93} INFO -          ^^^^^^^^^^^^^^^^^^^^^^^^^^^^^^^^^^^^
[2026-05-13T18:28:34.986+0000] {subprocess.py:93} INFO -   File "/home/airflow/.local/lib/python3.12/site-packages/pandas/io/parsers/readers.py", line 948, in read_csv
[2026-05-13T18:28:34.987+0000] {subprocess.py:93} INFO -     return _read(filepath_or_buffer, kwds)
[2026-05-13T18:28:34.988+0000] {subprocess.py:93} INFO -            ^^^^^^^^^^^^^^^^^^^^^^^^^^^^^^^
[2026-05-13T18:28:34.989+0000] {subprocess.py:93} INFO -   File "/home/airflow/.local/lib/python3.12/site-packages/pandas/io/parsers/readers.py", line 611, in _read
[2026-05-13T18:28:34.990+0000] {subprocess.py:93} INFO -     parser = TextFileReader(filepath_or_buffer, **kwds)
[2026-05-13T18:28:34.990+0000] {subprocess.py:93} INFO -              ^^^^^^^^^^^^^^^^^^^^^^^^^^^^^^^^^^^^^^^^^^
[2026-05-13T18:28:34.991+0000] {subprocess.py:93} INFO -   File "/home/airflow/.local/lib/python3.12/site-packages/pandas/io/parsers/readers.py", line 1448, in __init__
[2026-05-13T18:28:34.992+0000] {subprocess.py:93} INFO -     self._engine = self._make_engine(f, self.engine)
[2026-05-13T18:28:34.993+0000] {subprocess.py:93} INFO -                    ^^^^^^^^^^^^^^^^^^^^^^^^^^^^^^^^^
[2026-05-13T18:28:34.994+0000] {subprocess.py:93} INFO -   File "/home/airflow/.local/lib/python3.12/site-packages/pandas/io/parsers/readers.py", line 1705, in _make_engine
[2026-05-13T18:28:34.995+0000] {subprocess.py:93} INFO -     self.handles = get_handle(
[2026-05-13T18:28:34.995+0000] {subprocess.py:93} INFO -                    ^^^^^^^^^^^
[2026-05-13T18:28:34.996+0000] {subprocess.py:93} INFO -   File "/home/airflow/.local/lib/python3.12/site-packages/pandas/io/common.py", line 863, in get_handle
[2026-05-13T18:28:34.997+0000] {subprocess.py:93} INFO -     handle = open(
[2026-05-13T18:28:34.997+0000] {subprocess.py:93} INFO -              ^^^^^
[2026-05-13T18:28:34.998+0000] {subprocess.py:93} INFO - FileNotFoundError: [Errno 2] No such file or directory: 'data/raw_products.csv'
[2026-05-13T18:28:35.109+0000] {subprocess.py:97} INFO - Command exited with return code 1
[2026-05-13T18:28:35.111+0000] {taskinstance.py:441} INFO - ::group::Post task execution logs
[2026-05-13T18:28:35.143+0000] {taskinstance.py:2905} ERROR - Task failed with exception
Traceback (most recent call last):
  File "/home/airflow/.local/lib/python3.12/site-packages/airflow/models/taskinstance.py", line 465, in _execute_task
    result = _execute_callable(context=context, **execute_callable_kwargs)
             ^^^^^^^^^^^^^^^^^^^^^^^^^^^^^^^^^^^^^^^^^^^^^^^^^^^^^^^^^^^^^
  File "/home/airflow/.local/lib/python3.12/site-packages/airflow/models/taskinstance.py", line 432, in _execute_callable
    return execute_callable(context=context, **execute_callable_kwargs)
           ^^^^^^^^^^^^^^^^^^^^^^^^^^^^^^^^^^^^^^^^^^^^^^^^^^^^^^^^^^^^
  File "/home/airflow/.local/lib/python3.12/site-packages/airflow/models/baseoperator.py", line 400, in wrapper
    return func(self, *args, **kwargs)
           ^^^^^^^^^^^^^^^^^^^^^^^^^^^
  File "/home/airflow/.local/lib/python3.12/site-packages/airflow/operators/bash.py", line 243, in execute
    raise AirflowException(
airflow.exceptions.AirflowException: Bash command failed. The command returned a non-zero exit code 1.
[2026-05-13T18:28:35.151+0000] {taskinstance.py:1206} INFO - Marking task as FAILED. dag_id=retail_pipeline, task_id=transform, run_id=scheduled__2026-05-12T00:00:00+00:00, execution_date=20260512T000000, start_date=20260513T182832, end_date=20260513T182835
[2026-05-13T18:28:35.179+0000] {standard_task_runner.py:110} ERROR - Failed to execute job 4 for task transform (Bash command failed. The command returned a non-zero exit code 1.; 74)
[2026-05-13T18:28:35.227+0000] {local_task_job_runner.py:240} INFO - Task exited with return code 1
[2026-05-13T18:28:35.283+0000] {taskinstance.py:3498} INFO - 0 downstream tasks scheduled from follow-on schedule check
[2026-05-13T18:28:35.292+0000] {local_task_job_runner.py:222} INFO - ::endgroup::
[2026-05-13T18:47:20.635+0000] {local_task_job_runner.py:120} INFO - ::group::Pre task execution logs
[2026-05-13T18:47:20.679+0000] {taskinstance.py:2076} INFO - Dependencies all met for dep_context=non-requeueable deps ti=<TaskInstance: retail_pipeline.transform scheduled__2026-05-12T00:00:00+00:00 [queued]>
[2026-05-13T18:47:20.691+0000] {taskinstance.py:2076} INFO - Dependencies all met for dep_context=requeueable deps ti=<TaskInstance: retail_pipeline.transform scheduled__2026-05-12T00:00:00+00:00 [queued]>
[2026-05-13T18:47:20.692+0000] {taskinstance.py:2306} INFO - Starting attempt 1 of 1
[2026-05-13T18:47:20.713+0000] {taskinstance.py:2330} INFO - Executing <Task(BashOperator): transform> on 2026-05-12 00:00:00+00:00
[2026-05-13T18:47:20.719+0000] {standard_task_runner.py:63} INFO - Started process 74 to run task
[2026-05-13T18:47:20.732+0000] {standard_task_runner.py:90} INFO - Running: ['airflow', 'tasks', 'run', 'retail_pipeline', 'transform', 'scheduled__2026-05-12T00:00:00+00:00', '--job-id', '4', '--raw', '--subdir', 'DAGS_FOLDER/retail_etl_dag.py', '--cfg-path', '/tmp/tmppd0wkz1c']
[2026-05-13T18:47:20.742+0000] {standard_task_runner.py:91} INFO - Job 4: Subtask transform
[2026-05-13T18:47:20.894+0000] {task_command.py:426} INFO - Running <TaskInstance: retail_pipeline.transform scheduled__2026-05-12T00:00:00+00:00 [running]> on host 15638d0379e6
[2026-05-13T18:47:21.173+0000] {taskinstance.py:2648} INFO - Exporting env vars: AIRFLOW_CTX_DAG_OWNER='airflow' AIRFLOW_CTX_DAG_ID='retail_pipeline' AIRFLOW_CTX_TASK_ID='transform' AIRFLOW_CTX_EXECUTION_DATE='2026-05-12T00:00:00+00:00' AIRFLOW_CTX_TRY_NUMBER='1' AIRFLOW_CTX_DAG_RUN_ID='scheduled__2026-05-12T00:00:00+00:00'
[2026-05-13T18:47:21.175+0000] {taskinstance.py:430} INFO - ::endgroup::
[2026-05-13T18:47:21.216+0000] {subprocess.py:63} INFO - Tmp dir root location: /tmp
[2026-05-13T18:47:21.222+0000] {subprocess.py:75} INFO - Running command: ['/usr/bin/bash', '-c', 'python /opt/airflow/scripts/transform.py']
[2026-05-13T18:47:21.237+0000] {subprocess.py:86} INFO - Output:
[2026-05-13T18:47:23.139+0000] {subprocess.py:93} INFO - Data transformed successfully
[2026-05-13T18:47:23.140+0000] {subprocess.py:93} INFO -        store        product_name       brand   category  price
[2026-05-13T18:47:23.141+0000] {subprocess.py:93} INFO - 0     imtiaz      olpers milk 1l      olpers      dairy    320
[2026-05-13T18:47:23.141+0000] {subprocess.py:93} INFO - 1     naheed      olpers milk 1l      olpers      dairy    335
[2026-05-13T18:47:23.142+0000] {subprocess.py:93} INFO - 2   chase up      surf excel 1kg  surf excel    laundry    890
[2026-05-13T18:47:23.143+0000] {subprocess.py:93} INFO - 3  carrefour  tapal danedar 900g       tapal        tea   1450
[2026-05-13T18:47:23.144+0000] {subprocess.py:93} INFO - 4     imtiaz          pepsi 1.5l       pepsi  beverages    210
[2026-05-13T18:47:23.231+0000] {subprocess.py:97} INFO - Command exited with return code 0
[2026-05-13T18:47:23.233+0000] {taskinstance.py:441} INFO - ::group::Post task execution logs
[2026-05-13T18:47:23.284+0000] {taskinstance.py:1206} INFO - Marking task as SUCCESS. dag_id=retail_pipeline, task_id=transform, run_id=scheduled__2026-05-12T00:00:00+00:00, execution_date=20260512T000000, start_date=20260513T184720, end_date=20260513T184723
[2026-05-13T18:47:23.333+0000] {local_task_job_runner.py:240} INFO - Task exited with return code 0
[2026-05-13T18:47:23.373+0000] {taskinstance.py:3498} INFO - 1 downstream tasks scheduled from follow-on schedule check
[2026-05-13T18:47:23.378+0000] {local_task_job_runner.py:222} INFO - ::endgroup::
[2026-05-13T18:54:27.323+0000] {local_task_job_runner.py:120} INFO - ::group::Pre task execution logs
[2026-05-13T18:54:27.370+0000] {taskinstance.py:2076} INFO - Dependencies all met for dep_context=non-requeueable deps ti=<TaskInstance: retail_pipeline.transform scheduled__2026-05-12T00:00:00+00:00 [queued]>
[2026-05-13T18:54:27.383+0000] {taskinstance.py:2076} INFO - Dependencies all met for dep_context=requeueable deps ti=<TaskInstance: retail_pipeline.transform scheduled__2026-05-12T00:00:00+00:00 [queued]>
[2026-05-13T18:54:27.383+0000] {taskinstance.py:2306} INFO - Starting attempt 1 of 1
[2026-05-13T18:54:27.402+0000] {taskinstance.py:2330} INFO - Executing <Task(BashOperator): transform> on 2026-05-12 00:00:00+00:00
[2026-05-13T18:54:27.408+0000] {standard_task_runner.py:63} INFO - Started process 73 to run task
[2026-05-13T18:54:27.412+0000] {standard_task_runner.py:90} INFO - Running: ['airflow', 'tasks', 'run', 'retail_pipeline', 'transform', 'scheduled__2026-05-12T00:00:00+00:00', '--job-id', '4', '--raw', '--subdir', 'DAGS_FOLDER/retail_etl_dag.py', '--cfg-path', '/tmp/tmp3n_legy7']
[2026-05-13T18:54:27.415+0000] {standard_task_runner.py:91} INFO - Job 4: Subtask transform
[2026-05-13T18:54:27.521+0000] {task_command.py:426} INFO - Running <TaskInstance: retail_pipeline.transform scheduled__2026-05-12T00:00:00+00:00 [running]> on host ae42a2fea709
[2026-05-13T18:54:27.668+0000] {taskinstance.py:2648} INFO - Exporting env vars: AIRFLOW_CTX_DAG_OWNER='airflow' AIRFLOW_CTX_DAG_ID='retail_pipeline' AIRFLOW_CTX_TASK_ID='transform' AIRFLOW_CTX_EXECUTION_DATE='2026-05-12T00:00:00+00:00' AIRFLOW_CTX_TRY_NUMBER='1' AIRFLOW_CTX_DAG_RUN_ID='scheduled__2026-05-12T00:00:00+00:00'
[2026-05-13T18:54:27.669+0000] {taskinstance.py:430} INFO - ::endgroup::
[2026-05-13T18:54:27.688+0000] {subprocess.py:63} INFO - Tmp dir root location: /tmp
[2026-05-13T18:54:27.690+0000] {subprocess.py:75} INFO - Running command: ['/usr/bin/bash', '-c', 'python /opt/airflow/scripts/transform.py']
[2026-05-13T18:54:27.701+0000] {subprocess.py:86} INFO - Output:
[2026-05-13T18:54:28.950+0000] {subprocess.py:93} INFO - Data transformed successfully
[2026-05-13T18:54:28.951+0000] {subprocess.py:93} INFO -        store        product_name       brand   category  price
[2026-05-13T18:54:28.951+0000] {subprocess.py:93} INFO - 0     imtiaz      olpers milk 1l      olpers      dairy    320
[2026-05-13T18:54:28.952+0000] {subprocess.py:93} INFO - 1     naheed      olpers milk 1l      olpers      dairy    335
[2026-05-13T18:54:28.953+0000] {subprocess.py:93} INFO - 2   chase up      surf excel 1kg  surf excel    laundry    890
[2026-05-13T18:54:28.953+0000] {subprocess.py:93} INFO - 3  carrefour  tapal danedar 900g       tapal        tea   1450
[2026-05-13T18:54:28.954+0000] {subprocess.py:93} INFO - 4     imtiaz          pepsi 1.5l       pepsi  beverages    210
[2026-05-13T18:54:29.035+0000] {subprocess.py:97} INFO - Command exited with return code 0
[2026-05-13T18:54:29.037+0000] {taskinstance.py:441} INFO - ::group::Post task execution logs
[2026-05-13T18:54:29.085+0000] {taskinstance.py:1206} INFO - Marking task as SUCCESS. dag_id=retail_pipeline, task_id=transform, run_id=scheduled__2026-05-12T00:00:00+00:00, execution_date=20260512T000000, start_date=20260513T185427, end_date=20260513T185429
[2026-05-13T18:54:29.118+0000] {local_task_job_runner.py:240} INFO - Task exited with return code 0
[2026-05-13T18:54:29.156+0000] {taskinstance.py:3498} INFO - 1 downstream tasks scheduled from follow-on schedule check
[2026-05-13T18:54:29.161+0000] {local_task_job_runner.py:222} INFO - ::endgroup::
