[2026-05-13T17:47:43.720+0000] {local_task_job_runner.py:120} INFO - ::group::Pre task execution logs
[2026-05-13T17:47:43.927+0000] {taskinstance.py:2076} INFO - Dependencies all met for dep_context=non-requeueable deps ti=<TaskInstance: retail_pipeline.extract manual__2026-05-13T17:47:04.185179+00:00 [queued]>
[2026-05-13T17:47:43.952+0000] {taskinstance.py:2076} INFO - Dependencies all met for dep_context=requeueable deps ti=<TaskInstance: retail_pipeline.extract manual__2026-05-13T17:47:04.185179+00:00 [queued]>
[2026-05-13T17:47:43.954+0000] {taskinstance.py:2306} INFO - Starting attempt 1 of 1
[2026-05-13T17:47:43.987+0000] {taskinstance.py:2330} INFO - Executing <Task(BashOperator): extract> on 2026-05-13 17:47:04.185179+00:00
[2026-05-13T17:47:44.008+0000] {standard_task_runner.py:63} INFO - Started process 57 to run task
[2026-05-13T17:47:44.022+0000] {standard_task_runner.py:90} INFO - Running: ['airflow', 'tasks', 'run', 'retail_pipeline', 'extract', 'manual__2026-05-13T17:47:04.185179+00:00', '--job-id', '3', '--raw', '--subdir', 'DAGS_FOLDER/retail_etl_dag.py', '--cfg-path', '/tmp/tmpf21thube']
[2026-05-13T17:47:44.035+0000] {standard_task_runner.py:91} INFO - Job 3: Subtask extract
[2026-05-13T17:47:44.698+0000] {task_command.py:426} INFO - Running <TaskInstance: retail_pipeline.extract manual__2026-05-13T17:47:04.185179+00:00 [running]> on host a5c9622af2da
[2026-05-13T17:47:45.403+0000] {taskinstance.py:2648} INFO - Exporting env vars: AIRFLOW_CTX_DAG_OWNER='airflow' AIRFLOW_CTX_DAG_ID='retail_pipeline' AIRFLOW_CTX_TASK_ID='extract' AIRFLOW_CTX_EXECUTION_DATE='2026-05-13T17:47:04.185179+00:00' AIRFLOW_CTX_TRY_NUMBER='1' AIRFLOW_CTX_DAG_RUN_ID='manual__2026-05-13T17:47:04.185179+00:00'
[2026-05-13T17:47:45.406+0000] {taskinstance.py:430} INFO - ::endgroup::
[2026-05-13T17:47:45.484+0000] {subprocess.py:63} INFO - Tmp dir root location: /tmp
[2026-05-13T17:47:45.488+0000] {subprocess.py:75} INFO - Running command: ['/usr/bin/bash', '-c', 'python /opt/airflow/scripts/extract.py']
[2026-05-13T17:47:45.526+0000] {subprocess.py:86} INFO - Output:
[2026-05-13T17:47:47.794+0000] {subprocess.py:93} INFO - Raw data extracted successfully
[2026-05-13T17:47:47.798+0000] {subprocess.py:93} INFO -        store        product_name       brand   category  price
[2026-05-13T17:47:47.801+0000] {subprocess.py:93} INFO - 0     Imtiaz      Olpers Milk 1L      Olpers      Dairy    320
[2026-05-13T17:47:47.804+0000] {subprocess.py:93} INFO - 1     Naheed      Olpers Milk 1L      Olpers      Dairy    335
[2026-05-13T17:47:47.807+0000] {subprocess.py:93} INFO - 2   Chase Up      Surf Excel 1kg  Surf Excel    Laundry    890
[2026-05-13T17:47:47.811+0000] {subprocess.py:93} INFO - 3  Carrefour  Tapal Danedar 900g       Tapal        Tea   1450
[2026-05-13T17:47:47.814+0000] {subprocess.py:93} INFO - 4     Imtiaz          Pepsi 1.5L       Pepsi  Beverages    210
[2026-05-13T17:47:48.099+0000] {subprocess.py:97} INFO - Command exited with return code 0
[2026-05-13T17:47:48.110+0000] {taskinstance.py:441} INFO - ::group::Post task execution logs
[2026-05-13T17:47:48.294+0000] {taskinstance.py:1206} INFO - Marking task as SUCCESS. dag_id=retail_pipeline, task_id=extract, run_id=manual__2026-05-13T17:47:04.185179+00:00, execution_date=20260513T174704, start_date=20260513T174743, end_date=20260513T174748
[2026-05-13T17:47:48.559+0000] {local_task_job_runner.py:240} INFO - Task exited with return code 0
[2026-05-13T17:47:48.654+0000] {taskinstance.py:3498} INFO - 1 downstream tasks scheduled from follow-on schedule check
[2026-05-13T17:47:48.663+0000] {local_task_job_runner.py:222} INFO - ::endgroup::
