[2026-05-13T18:22:37.073+0000] {local_task_job_runner.py:120} INFO - ::group::Pre task execution logs
[2026-05-13T18:22:37.137+0000] {taskinstance.py:2076} INFO - Dependencies all met for dep_context=non-requeueable deps ti=<TaskInstance: retail_pipeline.transform manual__2026-05-13T18:22:20.832173+00:00 [queued]>
[2026-05-13T18:22:37.152+0000] {taskinstance.py:2076} INFO - Dependencies all met for dep_context=requeueable deps ti=<TaskInstance: retail_pipeline.transform manual__2026-05-13T18:22:20.832173+00:00 [queued]>
[2026-05-13T18:22:37.153+0000] {taskinstance.py:2306} INFO - Starting attempt 1 of 1
[2026-05-13T18:22:37.174+0000] {taskinstance.py:2330} INFO - Executing <Task(BashOperator): transform> on 2026-05-13 18:22:20.832173+00:00
[2026-05-13T18:22:37.185+0000] {standard_task_runner.py:63} INFO - Started process 54 to run task
[2026-05-13T18:22:37.189+0000] {standard_task_runner.py:90} INFO - Running: ['airflow', 'tasks', 'run', 'retail_pipeline', 'transform', 'manual__2026-05-13T18:22:20.832173+00:00', '--job-id', '10', '--raw', '--subdir', 'DAGS_FOLDER/retail_etl_dag.py', '--cfg-path', '/tmp/tmpu6tssfrv']
[2026-05-13T18:22:37.193+0000] {standard_task_runner.py:91} INFO - Job 10: Subtask transform
[2026-05-13T18:22:37.315+0000] {task_command.py:426} INFO - Running <TaskInstance: retail_pipeline.transform manual__2026-05-13T18:22:20.832173+00:00 [running]> on host a5c9622af2da
[2026-05-13T18:22:37.484+0000] {taskinstance.py:2648} INFO - Exporting env vars: AIRFLOW_CTX_DAG_OWNER='airflow' AIRFLOW_CTX_DAG_ID='retail_pipeline' AIRFLOW_CTX_TASK_ID='transform' AIRFLOW_CTX_EXECUTION_DATE='2026-05-13T18:22:20.832173+00:00' AIRFLOW_CTX_TRY_NUMBER='1' AIRFLOW_CTX_DAG_RUN_ID='manual__2026-05-13T18:22:20.832173+00:00'
[2026-05-13T18:22:37.486+0000] {taskinstance.py:430} INFO - ::endgroup::
[2026-05-13T18:22:37.515+0000] {subprocess.py:63} INFO - Tmp dir root location: /tmp
[2026-05-13T18:22:37.517+0000] {subprocess.py:75} INFO - Running command: ['/usr/bin/bash', '-c', 'python /opt/airflow/scripts/transform.py']
[2026-05-13T18:22:37.535+0000] {subprocess.py:86} INFO - Output:
[2026-05-13T18:22:37.480+0000] {subprocess.py:93} INFO - Traceback (most recent call last):
[2026-05-13T18:22:37.482+0000] {subprocess.py:93} INFO -   File "/opt/airflow/scripts/transform.py", line 3, in <module>
[2026-05-13T18:22:37.484+0000] {subprocess.py:93} INFO -     df = pd.read_csv("data/raw_products.csv")
[2026-05-13T18:22:37.485+0000] {subprocess.py:93} INFO -          ^^^^^^^^^^^^^^^^^^^^^^^^^^^^^^^^^^^^
[2026-05-13T18:22:37.486+0000] {subprocess.py:93} INFO -   File "/home/airflow/.local/lib/python3.12/site-packages/pandas/io/parsers/readers.py", line 948, in read_csv
[2026-05-13T18:22:37.487+0000] {subprocess.py:93} INFO -     return _read(filepath_or_buffer, kwds)
[2026-05-13T18:22:37.487+0000] {subprocess.py:93} INFO -            ^^^^^^^^^^^^^^^^^^^^^^^^^^^^^^^
[2026-05-13T18:22:37.488+0000] {subprocess.py:93} INFO -   File "/home/airflow/.local/lib/python3.12/site-packages/pandas/io/parsers/readers.py", line 611, in _read
[2026-05-13T18:22:37.489+0000] {subprocess.py:93} INFO -     parser = TextFileReader(filepath_or_buffer, **kwds)
[2026-05-13T18:22:37.490+0000] {subprocess.py:93} INFO -              ^^^^^^^^^^^^^^^^^^^^^^^^^^^^^^^^^^^^^^^^^^
[2026-05-13T18:22:37.490+0000] {subprocess.py:93} INFO -   File "/home/airflow/.local/lib/python3.12/site-packages/pandas/io/parsers/readers.py", line 1448, in __init__
[2026-05-13T18:22:37.491+0000] {subprocess.py:93} INFO -     self._engine = self._make_engine(f, self.engine)
[2026-05-13T18:22:37.492+0000] {subprocess.py:93} INFO -                    ^^^^^^^^^^^^^^^^^^^^^^^^^^^^^^^^^
[2026-05-13T18:22:37.492+0000] {subprocess.py:93} INFO -   File "/home/airflow/.local/lib/python3.12/site-packages/pandas/io/parsers/readers.py", line 1705, in _make_engine
[2026-05-13T18:22:37.493+0000] {subprocess.py:93} INFO -     self.handles = get_handle(
[2026-05-13T18:22:37.494+0000] {subprocess.py:93} INFO -                    ^^^^^^^^^^^
[2026-05-13T18:22:37.494+0000] {subprocess.py:93} INFO -   File "/home/airflow/.local/lib/python3.12/site-packages/pandas/io/common.py", line 863, in get_handle
[2026-05-13T18:22:37.495+0000] {subprocess.py:93} INFO -     handle = open(
[2026-05-13T18:22:37.496+0000] {subprocess.py:93} INFO -              ^^^^^
[2026-05-13T18:22:37.496+0000] {subprocess.py:93} INFO - FileNotFoundError: [Errno 2] No such file or directory: 'data/raw_products.csv'
[2026-05-13T18:22:37.597+0000] {subprocess.py:97} INFO - Command exited with return code 1
[2026-05-13T18:22:37.599+0000] {taskinstance.py:441} INFO - ::group::Post task execution logs
[2026-05-13T18:22:37.631+0000] {taskinstance.py:2905} ERROR - Task failed with exception
Traceback (most recent call last):
  File "/home/airflow/.local/lib/python3.12/site-packages/airflow/models/taskinstance.py", line 465, in _execute_task
    result = _execute_callable(context=context, **execute_callable_kwargs)
             ^^^^^^^^^^^^^^^^^^^^^^^^^^^^^^^^^^^^^^^^^^^^^^^^^^^^^^^^^^^^^
  File "/home/airflow/.local/lib/python3.12/site-packages/airflow/models/taskinstance.py", line 432, in _execute_callable
    return execute_callable(context=context, **execute_callable_kwargs)
           ^^^^^^^^^^^^^^^^^^^^^^^^^^^^^^^^^^^^^^^^^^^^^^^^^^^^^^^^^^^^
  File "/home/airflow/.local/lib/python3.12/site-packages/airflow/models/baseoperator.py", line 400, in wrapper
    return func(self, *args, **kwargs)
           ^^^^^^^^^^^^^^^^^^^^^^^^^^^
  File "/home/airflow/.local/lib/python3.12/site-packages/airflow/operators/bash.py", line 243, in execute
    raise AirflowException(
airflow.exceptions.AirflowException: Bash command failed. The command returned a non-zero exit code 1.
[2026-05-13T18:22:37.641+0000] {taskinstance.py:1206} INFO - Marking task as FAILED. dag_id=retail_pipeline, task_id=transform, run_id=manual__2026-05-13T18:22:20.832173+00:00, execution_date=20260513T182220, start_date=20260513T182237, end_date=20260513T182237
[2026-05-13T18:22:37.666+0000] {standard_task_runner.py:110} ERROR - Failed to execute job 10 for task transform (Bash command failed. The command returned a non-zero exit code 1.; 54)
[2026-05-13T18:22:37.689+0000] {local_task_job_runner.py:240} INFO - Task exited with return code 1
[2026-05-13T18:22:37.746+0000] {taskinstance.py:3498} INFO - 0 downstream tasks scheduled from follow-on schedule check
[2026-05-13T18:22:37.754+0000] {local_task_job_runner.py:222} INFO - ::endgroup::
