[2026-05-13T18:54:48.727+0000] {local_task_job_runner.py:120} INFO - ::group::Pre task execution logs
[2026-05-13T18:54:48.775+0000] {taskinstance.py:2076} INFO - Dependencies all met for dep_context=non-requeueable deps ti=<TaskInstance: retail_pipeline.load manual__2026-05-13T18:54:04.805890+00:00 [queued]>
[2026-05-13T18:54:48.786+0000] {taskinstance.py:2076} INFO - Dependencies all met for dep_context=requeueable deps ti=<TaskInstance: retail_pipeline.load manual__2026-05-13T18:54:04.805890+00:00 [queued]>
[2026-05-13T18:54:48.787+0000] {taskinstance.py:2306} INFO - Starting attempt 1 of 1
[2026-05-13T18:54:48.805+0000] {taskinstance.py:2330} INFO - Executing <Task(BashOperator): load> on 2026-05-13 18:54:04.805890+00:00
[2026-05-13T18:54:48.811+0000] {standard_task_runner.py:63} INFO - Started process 128 to run task
[2026-05-13T18:54:48.815+0000] {standard_task_runner.py:90} INFO - Running: ['airflow', 'tasks', 'run', 'retail_pipeline', 'load', 'manual__2026-05-13T18:54:04.805890+00:00', '--job-id', '7', '--raw', '--subdir', 'DAGS_FOLDER/retail_etl_dag.py', '--cfg-path', '/tmp/tmpj7cmtxfn']
[2026-05-13T18:54:48.818+0000] {standard_task_runner.py:91} INFO - Job 7: Subtask load
[2026-05-13T18:54:48.921+0000] {task_command.py:426} INFO - Running <TaskInstance: retail_pipeline.load manual__2026-05-13T18:54:04.805890+00:00 [running]> on host ae42a2fea709
[2026-05-13T18:54:49.076+0000] {taskinstance.py:2648} INFO - Exporting env vars: AIRFLOW_CTX_DAG_OWNER='airflow' AIRFLOW_CTX_DAG_ID='retail_pipeline' AIRFLOW_CTX_TASK_ID='load' AIRFLOW_CTX_EXECUTION_DATE='2026-05-13T18:54:04.805890+00:00' AIRFLOW_CTX_TRY_NUMBER='1' AIRFLOW_CTX_DAG_RUN_ID='manual__2026-05-13T18:54:04.805890+00:00'
[2026-05-13T18:54:49.077+0000] {taskinstance.py:430} INFO - ::endgroup::
[2026-05-13T18:54:49.098+0000] {subprocess.py:63} INFO - Tmp dir root location: /tmp
[2026-05-13T18:54:49.099+0000] {subprocess.py:75} INFO - Running command: ['/usr/bin/bash', '-c', 'python /opt/airflow/scripts/load.py']
[2026-05-13T18:54:49.111+0000] {subprocess.py:86} INFO - Output:
[2026-05-13T18:54:50.861+0000] {subprocess.py:93} INFO - 2026-05-13 18:54:50,861 - INFO - Pipeline started
[2026-05-13T18:54:51.000+0000] {subprocess.py:93} INFO - 2026-05-13 18:54:51,000 - INFO - Data loaded successfully
[2026-05-13T18:54:51.006+0000] {subprocess.py:93} INFO - postgresql://retail:***@host.docker.internal:5432/retail_dw
[2026-05-13T18:54:51.194+0000] {subprocess.py:97} INFO - Command exited with return code 0
[2026-05-13T18:54:51.196+0000] {taskinstance.py:441} INFO - ::group::Post task execution logs
[2026-05-13T18:54:51.268+0000] {taskinstance.py:1206} INFO - Marking task as SUCCESS. dag_id=retail_pipeline, task_id=load, run_id=manual__2026-05-13T18:54:04.805890+00:00, execution_date=20260513T185404, start_date=20260513T185448, end_date=20260513T185451
[2026-05-13T18:54:51.326+0000] {local_task_job_runner.py:240} INFO - Task exited with return code 0
[2026-05-13T18:54:51.361+0000] {taskinstance.py:3498} INFO - 0 downstream tasks scheduled from follow-on schedule check
[2026-05-13T18:54:51.364+0000] {local_task_job_runner.py:222} INFO - ::endgroup::
