[2026-05-13T18:47:42.986+0000] {local_task_job_runner.py:120} INFO - ::group::Pre task execution logs
[2026-05-13T18:47:43.046+0000] {taskinstance.py:2076} INFO - Dependencies all met for dep_context=non-requeueable deps ti=<TaskInstance: retail_pipeline.load manual__2026-05-13T18:46:50.475397+00:00 [queued]>
[2026-05-13T18:47:43.059+0000] {taskinstance.py:2076} INFO - Dependencies all met for dep_context=requeueable deps ti=<TaskInstance: retail_pipeline.load manual__2026-05-13T18:46:50.475397+00:00 [queued]>
[2026-05-13T18:47:43.060+0000] {taskinstance.py:2306} INFO - Starting attempt 1 of 1
[2026-05-13T18:47:43.080+0000] {taskinstance.py:2330} INFO - Executing <Task(BashOperator): load> on 2026-05-13 18:46:50.475397+00:00
[2026-05-13T18:47:43.086+0000] {standard_task_runner.py:63} INFO - Started process 129 to run task
[2026-05-13T18:47:43.090+0000] {standard_task_runner.py:90} INFO - Running: ['airflow', 'tasks', 'run', 'retail_pipeline', 'load', 'manual__2026-05-13T18:46:50.475397+00:00', '--job-id', '7', '--raw', '--subdir', 'DAGS_FOLDER/retail_etl_dag.py', '--cfg-path', '/tmp/tmpu72vvvu_']
[2026-05-13T18:47:43.093+0000] {standard_task_runner.py:91} INFO - Job 7: Subtask load
[2026-05-13T18:47:43.197+0000] {task_command.py:426} INFO - Running <TaskInstance: retail_pipeline.load manual__2026-05-13T18:46:50.475397+00:00 [running]> on host 15638d0379e6
[2026-05-13T18:47:43.343+0000] {taskinstance.py:2648} INFO - Exporting env vars: AIRFLOW_CTX_DAG_OWNER='airflow' AIRFLOW_CTX_DAG_ID='retail_pipeline' AIRFLOW_CTX_TASK_ID='load' AIRFLOW_CTX_EXECUTION_DATE='2026-05-13T18:46:50.475397+00:00' AIRFLOW_CTX_TRY_NUMBER='1' AIRFLOW_CTX_DAG_RUN_ID='manual__2026-05-13T18:46:50.475397+00:00'
[2026-05-13T18:47:43.344+0000] {taskinstance.py:430} INFO - ::endgroup::
[2026-05-13T18:47:43.366+0000] {subprocess.py:63} INFO - Tmp dir root location: /tmp
[2026-05-13T18:47:43.367+0000] {subprocess.py:75} INFO - Running command: ['/usr/bin/bash', '-c', 'python /opt/airflow/scripts/load.py']
[2026-05-13T18:47:43.379+0000] {subprocess.py:86} INFO - Output:
[2026-05-13T18:47:45.813+0000] {subprocess.py:93} INFO - 2026-05-13 18:47:45,813 - INFO - Pipeline started
[2026-05-13T18:47:45.879+0000] {subprocess.py:93} INFO - postgresql://retail:***@localhost:5432/retail_dw
[2026-05-13T18:47:45.881+0000] {subprocess.py:93} INFO - Traceback (most recent call last):
[2026-05-13T18:47:45.882+0000] {subprocess.py:93} INFO -   File "/home/airflow/.local/lib/python3.12/site-packages/sqlalchemy/engine/base.py", line 3371, in _wrap_pool_connect
[2026-05-13T18:47:45.882+0000] {subprocess.py:93} INFO -     return fn()
[2026-05-13T18:47:45.883+0000] {subprocess.py:93} INFO -            ^^^^
[2026-05-13T18:47:45.884+0000] {subprocess.py:93} INFO -   File "/home/airflow/.local/lib/python3.12/site-packages/sqlalchemy/pool/base.py", line 327, in connect
[2026-05-13T18:47:45.885+0000] {subprocess.py:93} INFO -     return _ConnectionFairy._checkout(self)
[2026-05-13T18:47:45.885+0000] {subprocess.py:93} INFO -            ^^^^^^^^^^^^^^^^^^^^^^^^^^^^^^^^
[2026-05-13T18:47:45.886+0000] {subprocess.py:93} INFO -   File "/home/airflow/.local/lib/python3.12/site-packages/sqlalchemy/pool/base.py", line 894, in _checkout
[2026-05-13T18:47:45.887+0000] {subprocess.py:93} INFO -     fairy = _ConnectionRecord.checkout(pool)
[2026-05-13T18:47:45.888+0000] {subprocess.py:93} INFO -             ^^^^^^^^^^^^^^^^^^^^^^^^^^^^^^^^
[2026-05-13T18:47:45.888+0000] {subprocess.py:93} INFO -   File "/home/airflow/.local/lib/python3.12/site-packages/sqlalchemy/pool/base.py", line 493, in checkout
[2026-05-13T18:47:45.889+0000] {subprocess.py:93} INFO -     rec = pool._do_get()
[2026-05-13T18:47:45.890+0000] {subprocess.py:93} INFO -           ^^^^^^^^^^^^^^
[2026-05-13T18:47:45.891+0000] {subprocess.py:93} INFO -   File "/home/airflow/.local/lib/python3.12/site-packages/sqlalchemy/pool/impl.py", line 145, in _do_get
[2026-05-13T18:47:45.891+0000] {subprocess.py:93} INFO -     with util.safe_reraise():
[2026-05-13T18:47:45.892+0000] {subprocess.py:93} INFO -   File "/home/airflow/.local/lib/python3.12/site-packages/sqlalchemy/util/langhelpers.py", line 70, in __exit__
[2026-05-13T18:47:45.893+0000] {subprocess.py:93} INFO -     compat.raise_(
[2026-05-13T18:47:45.893+0000] {subprocess.py:93} INFO -   File "/home/airflow/.local/lib/python3.12/site-packages/sqlalchemy/util/compat.py", line 211, in raise_
[2026-05-13T18:47:45.894+0000] {subprocess.py:93} INFO -     raise exception
[2026-05-13T18:47:45.895+0000] {subprocess.py:93} INFO -   File "/home/airflow/.local/lib/python3.12/site-packages/sqlalchemy/pool/impl.py", line 143, in _do_get
[2026-05-13T18:47:45.896+0000] {subprocess.py:93} INFO -     return self._create_connection()
[2026-05-13T18:47:45.897+0000] {subprocess.py:93} INFO -            ^^^^^^^^^^^^^^^^^^^^^^^^^
[2026-05-13T18:47:45.898+0000] {subprocess.py:93} INFO -   File "/home/airflow/.local/lib/python3.12/site-packages/sqlalchemy/pool/base.py", line 273, in _create_connection
[2026-05-13T18:47:45.898+0000] {subprocess.py:93} INFO -     return _ConnectionRecord(self)
[2026-05-13T18:47:45.899+0000] {subprocess.py:93} INFO -            ^^^^^^^^^^^^^^^^^^^^^^^
[2026-05-13T18:47:45.900+0000] {subprocess.py:93} INFO -   File "/home/airflow/.local/lib/python3.12/site-packages/sqlalchemy/pool/base.py", line 388, in __init__
[2026-05-13T18:47:45.900+0000] {subprocess.py:93} INFO -     self.__connect()
[2026-05-13T18:47:45.901+0000] {subprocess.py:93} INFO -   File "/home/airflow/.local/lib/python3.12/site-packages/sqlalchemy/pool/base.py", line 690, in __connect
[2026-05-13T18:47:45.902+0000] {subprocess.py:93} INFO -     with util.safe_reraise():
[2026-05-13T18:47:45.902+0000] {subprocess.py:93} INFO -   File "/home/airflow/.local/lib/python3.12/site-packages/sqlalchemy/util/langhelpers.py", line 70, in __exit__
[2026-05-13T18:47:45.903+0000] {subprocess.py:93} INFO -     compat.raise_(
[2026-05-13T18:47:45.904+0000] {subprocess.py:93} INFO -   File "/home/airflow/.local/lib/python3.12/site-packages/sqlalchemy/util/compat.py", line 211, in raise_
[2026-05-13T18:47:45.904+0000] {subprocess.py:93} INFO -     raise exception
[2026-05-13T18:47:45.905+0000] {subprocess.py:93} INFO -   File "/home/airflow/.local/lib/python3.12/site-packages/sqlalchemy/pool/base.py", line 686, in __connect
[2026-05-13T18:47:45.906+0000] {subprocess.py:93} INFO -     self.dbapi_connection = connection = pool._invoke_creator(self)
[2026-05-13T18:47:45.907+0000] {subprocess.py:93} INFO -                                          ^^^^^^^^^^^^^^^^^^^^^^^^^^
[2026-05-13T18:47:45.907+0000] {subprocess.py:93} INFO -   File "/home/airflow/.local/lib/python3.12/site-packages/sqlalchemy/engine/create.py", line 574, in connect
[2026-05-13T18:47:45.908+0000] {subprocess.py:93} INFO -     return dialect.connect(*cargs, **cparams)
[2026-05-13T18:47:45.909+0000] {subprocess.py:93} INFO -            ^^^^^^^^^^^^^^^^^^^^^^^^^^^^^^^^^^
[2026-05-13T18:47:45.909+0000] {subprocess.py:93} INFO -   File "/home/airflow/.local/lib/python3.12/site-packages/sqlalchemy/engine/default.py", line 598, in connect
[2026-05-13T18:47:45.910+0000] {subprocess.py:93} INFO -     return self.dbapi.connect(*cargs, **cparams)
[2026-05-13T18:47:45.911+0000] {subprocess.py:93} INFO -            ^^^^^^^^^^^^^^^^^^^^^^^^^^^^^^^^^^^^^
[2026-05-13T18:47:45.912+0000] {subprocess.py:93} INFO -   File "/home/airflow/.local/lib/python3.12/site-packages/psycopg2/__init__.py", line 122, in connect
[2026-05-13T18:47:45.913+0000] {subprocess.py:93} INFO -     conn = _connect(dsn, connection_factory=connection_factory, **kwasync)
[2026-05-13T18:47:45.914+0000] {subprocess.py:93} INFO -            ^^^^^^^^^^^^^^^^^^^^^^^^^^^^^^^^^^^^^^^^^^^^^^^^^^^^^^^^^^^^^^^
[2026-05-13T18:47:45.915+0000] {subprocess.py:93} INFO - psycopg2.OperationalError: connection to server at "localhost" (::1), port 5432 failed: Connection refused
[2026-05-13T18:47:45.916+0000] {subprocess.py:93} INFO - 	Is the server running on that host and accepting TCP/IP connections?
[2026-05-13T18:47:45.916+0000] {subprocess.py:93} INFO - connection to server at "localhost" (127.0.0.1), port 5432 failed: Connection refused
[2026-05-13T18:47:45.917+0000] {subprocess.py:93} INFO - 	Is the server running on that host and accepting TCP/IP connections?
[2026-05-13T18:47:45.918+0000] {subprocess.py:93} INFO - 
[2026-05-13T18:47:45.919+0000] {subprocess.py:93} INFO - 
[2026-05-13T18:47:45.919+0000] {subprocess.py:93} INFO - The above exception was the direct cause of the following exception:
[2026-05-13T18:47:45.920+0000] {subprocess.py:93} INFO - 
[2026-05-13T18:47:45.921+0000] {subprocess.py:93} INFO - Traceback (most recent call last):
[2026-05-13T18:47:45.921+0000] {subprocess.py:93} INFO -   File "/opt/airflow/scripts/load.py", line 37, in <module>
[2026-05-13T18:47:45.922+0000] {subprocess.py:93} INFO -     df.to_sql(
[2026-05-13T18:47:45.923+0000] {subprocess.py:93} INFO -   File "/home/airflow/.local/lib/python3.12/site-packages/pandas/util/_decorators.py", line 333, in wrapper
[2026-05-13T18:47:45.923+0000] {subprocess.py:93} INFO -     return func(*args, **kwargs)
[2026-05-13T18:47:45.924+0000] {subprocess.py:93} INFO -            ^^^^^^^^^^^^^^^^^^^^^
[2026-05-13T18:47:45.925+0000] {subprocess.py:93} INFO -   File "/home/airflow/.local/lib/python3.12/site-packages/pandas/core/generic.py", line 3008, in to_sql
[2026-05-13T18:47:45.925+0000] {subprocess.py:93} INFO -     return sql.to_sql(
[2026-05-13T18:47:45.926+0000] {subprocess.py:93} INFO -            ^^^^^^^^^^^
[2026-05-13T18:47:45.926+0000] {subprocess.py:93} INFO -   File "/home/airflow/.local/lib/python3.12/site-packages/pandas/io/sql.py", line 787, in to_sql
[2026-05-13T18:47:45.927+0000] {subprocess.py:93} INFO -     with pandasSQL_builder(con, schema=schema, need_transaction=True) as pandas_sql:
[2026-05-13T18:47:45.928+0000] {subprocess.py:93} INFO -          ^^^^^^^^^^^^^^^^^^^^^^^^^^^^^^^^^^^^^^^^^^^^^^^^^^^^^^^^^^^^
[2026-05-13T18:47:45.928+0000] {subprocess.py:93} INFO -   File "/home/airflow/.local/lib/python3.12/site-packages/pandas/io/sql.py", line 851, in pandasSQL_builder
[2026-05-13T18:47:45.929+0000] {subprocess.py:93} INFO -     return SQLDatabase(con, schema, need_transaction)
[2026-05-13T18:47:45.930+0000] {subprocess.py:93} INFO -            ^^^^^^^^^^^^^^^^^^^^^^^^^^^^^^^^^^^^^^^^^^
[2026-05-13T18:47:45.931+0000] {subprocess.py:93} INFO -   File "/home/airflow/.local/lib/python3.12/site-packages/pandas/io/sql.py", line 1576, in __init__
[2026-05-13T18:47:45.931+0000] {subprocess.py:93} INFO -     con = self.exit_stack.enter_context(con.connect())
[2026-05-13T18:47:45.932+0000] {subprocess.py:93} INFO -                                         ^^^^^^^^^^^^^
[2026-05-13T18:47:45.932+0000] {subprocess.py:93} INFO -   File "/home/airflow/.local/lib/python3.12/site-packages/sqlalchemy/engine/base.py", line 3325, in connect
[2026-05-13T18:47:45.933+0000] {subprocess.py:93} INFO -     return self._connection_cls(self, close_with_result=close_with_result)
[2026-05-13T18:47:45.934+0000] {subprocess.py:93} INFO -            ^^^^^^^^^^^^^^^^^^^^^^^^^^^^^^^^^^^^^^^^^^^^^^^^^^^^^^^^^^^^^^^
[2026-05-13T18:47:45.934+0000] {subprocess.py:93} INFO -   File "/home/airflow/.local/lib/python3.12/site-packages/sqlalchemy/engine/base.py", line 96, in __init__
[2026-05-13T18:47:45.935+0000] {subprocess.py:93} INFO -     else engine.raw_connection()
[2026-05-13T18:47:45.936+0000] {subprocess.py:93} INFO -          ^^^^^^^^^^^^^^^^^^^^^^^
[2026-05-13T18:47:45.937+0000] {subprocess.py:93} INFO -   File "/home/airflow/.local/lib/python3.12/site-packages/sqlalchemy/engine/base.py", line 3404, in raw_connection
[2026-05-13T18:47:45.937+0000] {subprocess.py:93} INFO -     return self._wrap_pool_connect(self.pool.connect, _connection)
[2026-05-13T18:47:45.938+0000] {subprocess.py:93} INFO -            ^^^^^^^^^^^^^^^^^^^^^^^^^^^^^^^^^^^^^^^^^^^^^^^^^^^^^^^
[2026-05-13T18:47:45.939+0000] {subprocess.py:93} INFO -   File "/home/airflow/.local/lib/python3.12/site-packages/sqlalchemy/engine/base.py", line 3374, in _wrap_pool_connect
[2026-05-13T18:47:45.939+0000] {subprocess.py:93} INFO -     Connection._handle_dbapi_exception_noconnection(
[2026-05-13T18:47:45.940+0000] {subprocess.py:93} INFO -   File "/home/airflow/.local/lib/python3.12/site-packages/sqlalchemy/engine/base.py", line 2208, in _handle_dbapi_exception_noconnection
[2026-05-13T18:47:45.941+0000] {subprocess.py:93} INFO -     util.raise_(
[2026-05-13T18:47:45.941+0000] {subprocess.py:93} INFO -   File "/home/airflow/.local/lib/python3.12/site-packages/sqlalchemy/util/compat.py", line 211, in raise_
[2026-05-13T18:47:45.942+0000] {subprocess.py:93} INFO -     raise exception
[2026-05-13T18:47:45.943+0000] {subprocess.py:93} INFO -   File "/home/airflow/.local/lib/python3.12/site-packages/sqlalchemy/engine/base.py", line 3371, in _wrap_pool_connect
[2026-05-13T18:47:45.944+0000] {subprocess.py:93} INFO -     return fn()
[2026-05-13T18:47:45.945+0000] {subprocess.py:93} INFO -            ^^^^
[2026-05-13T18:47:45.945+0000] {subprocess.py:93} INFO -   File "/home/airflow/.local/lib/python3.12/site-packages/sqlalchemy/pool/base.py", line 327, in connect
[2026-05-13T18:47:45.946+0000] {subprocess.py:93} INFO -     return _ConnectionFairy._checkout(self)
[2026-05-13T18:47:45.947+0000] {subprocess.py:93} INFO -            ^^^^^^^^^^^^^^^^^^^^^^^^^^^^^^^^
[2026-05-13T18:47:45.948+0000] {subprocess.py:93} INFO -   File "/home/airflow/.local/lib/python3.12/site-packages/sqlalchemy/pool/base.py", line 894, in _checkout
[2026-05-13T18:47:45.949+0000] {subprocess.py:93} INFO -     fairy = _ConnectionRecord.checkout(pool)
[2026-05-13T18:47:45.950+0000] {subprocess.py:93} INFO -             ^^^^^^^^^^^^^^^^^^^^^^^^^^^^^^^^
[2026-05-13T18:47:45.950+0000] {subprocess.py:93} INFO -   File "/home/airflow/.local/lib/python3.12/site-packages/sqlalchemy/pool/base.py", line 493, in checkout
[2026-05-13T18:47:45.951+0000] {subprocess.py:93} INFO -     rec = pool._do_get()
[2026-05-13T18:47:45.952+0000] {subprocess.py:93} INFO -           ^^^^^^^^^^^^^^
[2026-05-13T18:47:45.953+0000] {subprocess.py:93} INFO -   File "/home/airflow/.local/lib/python3.12/site-packages/sqlalchemy/pool/impl.py", line 145, in _do_get
[2026-05-13T18:47:45.953+0000] {subprocess.py:93} INFO -     with util.safe_reraise():
[2026-05-13T18:47:45.954+0000] {subprocess.py:93} INFO -   File "/home/airflow/.local/lib/python3.12/site-packages/sqlalchemy/util/langhelpers.py", line 70, in __exit__
[2026-05-13T18:47:45.955+0000] {subprocess.py:93} INFO -     compat.raise_(
[2026-05-13T18:47:45.955+0000] {subprocess.py:93} INFO -   File "/home/airflow/.local/lib/python3.12/site-packages/sqlalchemy/util/compat.py", line 211, in raise_
[2026-05-13T18:47:45.956+0000] {subprocess.py:93} INFO -     raise exception
[2026-05-13T18:47:45.957+0000] {subprocess.py:93} INFO -   File "/home/airflow/.local/lib/python3.12/site-packages/sqlalchemy/pool/impl.py", line 143, in _do_get
[2026-05-13T18:47:45.958+0000] {subprocess.py:93} INFO -     return self._create_connection()
[2026-05-13T18:47:45.958+0000] {subprocess.py:93} INFO -            ^^^^^^^^^^^^^^^^^^^^^^^^^
[2026-05-13T18:47:45.959+0000] {subprocess.py:93} INFO -   File "/home/airflow/.local/lib/python3.12/site-packages/sqlalchemy/pool/base.py", line 273, in _create_connection
[2026-05-13T18:47:45.960+0000] {subprocess.py:93} INFO -     return _ConnectionRecord(self)
[2026-05-13T18:47:45.960+0000] {subprocess.py:93} INFO -            ^^^^^^^^^^^^^^^^^^^^^^^
[2026-05-13T18:47:45.961+0000] {subprocess.py:93} INFO -   File "/home/airflow/.local/lib/python3.12/site-packages/sqlalchemy/pool/base.py", line 388, in __init__
[2026-05-13T18:47:45.962+0000] {subprocess.py:93} INFO -     self.__connect()
[2026-05-13T18:47:45.963+0000] {subprocess.py:93} INFO -   File "/home/airflow/.local/lib/python3.12/site-packages/sqlalchemy/pool/base.py", line 690, in __connect
[2026-05-13T18:47:45.963+0000] {subprocess.py:93} INFO -     with util.safe_reraise():
[2026-05-13T18:47:45.964+0000] {subprocess.py:93} INFO -   File "/home/airflow/.local/lib/python3.12/site-packages/sqlalchemy/util/langhelpers.py", line 70, in __exit__
[2026-05-13T18:47:45.965+0000] {subprocess.py:93} INFO -     compat.raise_(
[2026-05-13T18:47:45.966+0000] {subprocess.py:93} INFO -   File "/home/airflow/.local/lib/python3.12/site-packages/sqlalchemy/util/compat.py", line 211, in raise_
[2026-05-13T18:47:45.967+0000] {subprocess.py:93} INFO -     raise exception
[2026-05-13T18:47:45.968+0000] {subprocess.py:93} INFO -   File "/home/airflow/.local/lib/python3.12/site-packages/sqlalchemy/pool/base.py", line 686, in __connect
[2026-05-13T18:47:45.969+0000] {subprocess.py:93} INFO -     self.dbapi_connection = connection = pool._invoke_creator(self)
[2026-05-13T18:47:45.970+0000] {subprocess.py:93} INFO -                                          ^^^^^^^^^^^^^^^^^^^^^^^^^^
[2026-05-13T18:47:45.971+0000] {subprocess.py:93} INFO -   File "/home/airflow/.local/lib/python3.12/site-packages/sqlalchemy/engine/create.py", line 574, in connect
[2026-05-13T18:47:45.972+0000] {subprocess.py:93} INFO -     return dialect.connect(*cargs, **cparams)
[2026-05-13T18:47:45.972+0000] {subprocess.py:93} INFO -            ^^^^^^^^^^^^^^^^^^^^^^^^^^^^^^^^^^
[2026-05-13T18:47:45.973+0000] {subprocess.py:93} INFO -   File "/home/airflow/.local/lib/python3.12/site-packages/sqlalchemy/engine/default.py", line 598, in connect
[2026-05-13T18:47:45.973+0000] {subprocess.py:93} INFO -     return self.dbapi.connect(*cargs, **cparams)
[2026-05-13T18:47:45.974+0000] {subprocess.py:93} INFO -            ^^^^^^^^^^^^^^^^^^^^^^^^^^^^^^^^^^^^^
[2026-05-13T18:47:45.975+0000] {subprocess.py:93} INFO -   File "/home/airflow/.local/lib/python3.12/site-packages/psycopg2/__init__.py", line 122, in connect
[2026-05-13T18:47:45.976+0000] {subprocess.py:93} INFO -     conn = _connect(dsn, connection_factory=connection_factory, **kwasync)
[2026-05-13T18:47:45.977+0000] {subprocess.py:93} INFO -            ^^^^^^^^^^^^^^^^^^^^^^^^^^^^^^^^^^^^^^^^^^^^^^^^^^^^^^^^^^^^^^^
[2026-05-13T18:47:45.978+0000] {subprocess.py:93} INFO - sqlalchemy.exc.OperationalError: (psycopg2.OperationalError) connection to server at "localhost" (::1), port 5432 failed: Connection refused
[2026-05-13T18:47:45.978+0000] {subprocess.py:93} INFO - 	Is the server running on that host and accepting TCP/IP connections?
[2026-05-13T18:47:45.979+0000] {subprocess.py:93} INFO - connection to server at "localhost" (127.0.0.1), port 5432 failed: Connection refused
[2026-05-13T18:47:45.980+0000] {subprocess.py:93} INFO - 	Is the server running on that host and accepting TCP/IP connections?
[2026-05-13T18:47:45.980+0000] {subprocess.py:93} INFO - 
[2026-05-13T18:47:45.981+0000] {subprocess.py:93} INFO - (Background on this error at: https://sqlalche.me/e/14/e3q8)
[2026-05-13T18:47:46.051+0000] {subprocess.py:97} INFO - Command exited with return code 1
[2026-05-13T18:47:46.052+0000] {taskinstance.py:441} INFO - ::group::Post task execution logs
[2026-05-13T18:47:46.075+0000] {taskinstance.py:2905} ERROR - Task failed with exception
Traceback (most recent call last):
  File "/home/airflow/.local/lib/python3.12/site-packages/airflow/models/taskinstance.py", line 465, in _execute_task
    result = _execute_callable(context=context, **execute_callable_kwargs)
             ^^^^^^^^^^^^^^^^^^^^^^^^^^^^^^^^^^^^^^^^^^^^^^^^^^^^^^^^^^^^^
  File "/home/airflow/.local/lib/python3.12/site-packages/airflow/models/taskinstance.py", line 432, in _execute_callable
    return execute_callable(context=context, **execute_callable_kwargs)
           ^^^^^^^^^^^^^^^^^^^^^^^^^^^^^^^^^^^^^^^^^^^^^^^^^^^^^^^^^^^^
  File "/home/airflow/.local/lib/python3.12/site-packages/airflow/models/baseoperator.py", line 400, in wrapper
    return func(self, *args, **kwargs)
           ^^^^^^^^^^^^^^^^^^^^^^^^^^^
  File "/home/airflow/.local/lib/python3.12/site-packages/airflow/operators/bash.py", line 243, in execute
    raise AirflowException(
airflow.exceptions.AirflowException: Bash command failed. The command returned a non-zero exit code 1.
[2026-05-13T18:47:46.082+0000] {taskinstance.py:1206} INFO - Marking task as FAILED. dag_id=retail_pipeline, task_id=load, run_id=manual__2026-05-13T18:46:50.475397+00:00, execution_date=20260513T184650, start_date=20260513T184743, end_date=20260513T184746
[2026-05-13T18:47:46.104+0000] {standard_task_runner.py:110} ERROR - Failed to execute job 7 for task load (Bash command failed. The command returned a non-zero exit code 1.; 129)
[2026-05-13T18:47:46.142+0000] {local_task_job_runner.py:240} INFO - Task exited with return code 1
[2026-05-13T18:47:46.179+0000] {taskinstance.py:3498} INFO - 0 downstream tasks scheduled from follow-on schedule check
[2026-05-13T18:47:46.183+0000] {local_task_job_runner.py:222} INFO - ::endgroup::
