[2026-05-13T18:54:33.728+0000] {local_task_job_runner.py:120} INFO - ::group::Pre task execution logs
[2026-05-13T18:54:33.771+0000] {taskinstance.py:2076} INFO - Dependencies all met for dep_context=non-requeueable deps ti=<TaskInstance: retail_pipeline.transform manual__2026-05-13T18:54:04.805890+00:00 [queued]>
[2026-05-13T18:54:33.782+0000] {taskinstance.py:2076} INFO - Dependencies all met for dep_context=requeueable deps ti=<TaskInstance: retail_pipeline.transform manual__2026-05-13T18:54:04.805890+00:00 [queued]>
[2026-05-13T18:54:33.783+0000] {taskinstance.py:2306} INFO - Starting attempt 1 of 1
[2026-05-13T18:54:33.804+0000] {taskinstance.py:2330} INFO - Executing <Task(BashOperator): transform> on 2026-05-13 18:54:04.805890+00:00
[2026-05-13T18:54:33.812+0000] {standard_task_runner.py:63} INFO - Started process 91 to run task
[2026-05-13T18:54:33.816+0000] {standard_task_runner.py:90} INFO - Running: ['airflow', 'tasks', 'run', 'retail_pipeline', 'transform', 'manual__2026-05-13T18:54:04.805890+00:00', '--job-id', '5', '--raw', '--subdir', 'DAGS_FOLDER/retail_etl_dag.py', '--cfg-path', '/tmp/tmp372oxzfo']
[2026-05-13T18:54:33.819+0000] {standard_task_runner.py:91} INFO - Job 5: Subtask transform
[2026-05-13T18:54:33.922+0000] {task_command.py:426} INFO - Running <TaskInstance: retail_pipeline.transform manual__2026-05-13T18:54:04.805890+00:00 [running]> on host ae42a2fea709
[2026-05-13T18:54:34.070+0000] {taskinstance.py:2648} INFO - Exporting env vars: AIRFLOW_CTX_DAG_OWNER='airflow' AIRFLOW_CTX_DAG_ID='retail_pipeline' AIRFLOW_CTX_TASK_ID='transform' AIRFLOW_CTX_EXECUTION_DATE='2026-05-13T18:54:04.805890+00:00' AIRFLOW_CTX_TRY_NUMBER='1' AIRFLOW_CTX_DAG_RUN_ID='manual__2026-05-13T18:54:04.805890+00:00'
[2026-05-13T18:54:34.072+0000] {taskinstance.py:430} INFO - ::endgroup::
[2026-05-13T18:54:34.096+0000] {subprocess.py:63} INFO - Tmp dir root location: /tmp
[2026-05-13T18:54:34.098+0000] {subprocess.py:75} INFO - Running command: ['/usr/bin/bash', '-c', 'python /opt/airflow/scripts/transform.py']
[2026-05-13T18:54:34.109+0000] {subprocess.py:86} INFO - Output:
[2026-05-13T18:54:35.769+0000] {subprocess.py:93} INFO - Data transformed successfully
[2026-05-13T18:54:35.770+0000] {subprocess.py:93} INFO -        store        product_name       brand   category  price
[2026-05-13T18:54:35.772+0000] {subprocess.py:93} INFO - 0     imtiaz      olpers milk 1l      olpers      dairy    320
[2026-05-13T18:54:35.772+0000] {subprocess.py:93} INFO - 1     naheed      olpers milk 1l      olpers      dairy    335
[2026-05-13T18:54:35.773+0000] {subprocess.py:93} INFO - 2   chase up      surf excel 1kg  surf excel    laundry    890
[2026-05-13T18:54:35.774+0000] {subprocess.py:93} INFO - 3  carrefour  tapal danedar 900g       tapal        tea   1450
[2026-05-13T18:54:35.775+0000] {subprocess.py:93} INFO - 4     imtiaz          pepsi 1.5l       pepsi  beverages    210
[2026-05-13T18:54:35.878+0000] {subprocess.py:97} INFO - Command exited with return code 0
[2026-05-13T18:54:35.880+0000] {taskinstance.py:441} INFO - ::group::Post task execution logs
[2026-05-13T18:54:35.936+0000] {taskinstance.py:1206} INFO - Marking task as SUCCESS. dag_id=retail_pipeline, task_id=transform, run_id=manual__2026-05-13T18:54:04.805890+00:00, execution_date=20260513T185404, start_date=20260513T185433, end_date=20260513T185435
[2026-05-13T18:54:36.005+0000] {local_task_job_runner.py:240} INFO - Task exited with return code 0
[2026-05-13T18:54:36.061+0000] {taskinstance.py:3498} INFO - 1 downstream tasks scheduled from follow-on schedule check
[2026-05-13T18:54:36.065+0000] {local_task_job_runner.py:222} INFO - ::endgroup::
