[2026-05-13T18:16:39.069+0000] {local_task_job_runner.py:120} INFO - ::group::Pre task execution logs
[2026-05-13T18:16:39.134+0000] {taskinstance.py:2076} INFO - Dependencies all met for dep_context=non-requeueable deps ti=<TaskInstance: retail_pipeline.transform manual__2026-05-13T18:16:19.129317+00:00 [queued]>
[2026-05-13T18:16:39.148+0000] {taskinstance.py:2076} INFO - Dependencies all met for dep_context=requeueable deps ti=<TaskInstance: retail_pipeline.transform manual__2026-05-13T18:16:19.129317+00:00 [queued]>
[2026-05-13T18:16:39.150+0000] {taskinstance.py:2306} INFO - Starting attempt 1 of 1
[2026-05-13T18:16:39.171+0000] {taskinstance.py:2330} INFO - Executing <Task(BashOperator): transform> on 2026-05-13 18:16:19.129317+00:00
[2026-05-13T18:16:39.179+0000] {standard_task_runner.py:63} INFO - Started process 185 to run task
[2026-05-13T18:16:39.187+0000] {standard_task_runner.py:90} INFO - Running: ['airflow', 'tasks', 'run', 'retail_pipeline', 'transform', 'manual__2026-05-13T18:16:19.129317+00:00', '--job-id', '7', '--raw', '--subdir', 'DAGS_FOLDER/retail_etl_dag.py', '--cfg-path', '/tmp/tmpxezkm72p']
[2026-05-13T18:16:39.192+0000] {standard_task_runner.py:91} INFO - Job 7: Subtask transform
[2026-05-13T18:16:39.480+0000] {task_command.py:426} INFO - Running <TaskInstance: retail_pipeline.transform manual__2026-05-13T18:16:19.129317+00:00 [running]> on host a5c9622af2da
[2026-05-13T18:16:39.673+0000] {taskinstance.py:2648} INFO - Exporting env vars: AIRFLOW_CTX_DAG_OWNER='airflow' AIRFLOW_CTX_DAG_ID='retail_pipeline' AIRFLOW_CTX_TASK_ID='transform' AIRFLOW_CTX_EXECUTION_DATE='2026-05-13T18:16:19.129317+00:00' AIRFLOW_CTX_TRY_NUMBER='1' AIRFLOW_CTX_DAG_RUN_ID='manual__2026-05-13T18:16:19.129317+00:00'
[2026-05-13T18:16:39.676+0000] {taskinstance.py:430} INFO - ::endgroup::
[2026-05-13T18:16:39.706+0000] {subprocess.py:63} INFO - Tmp dir root location: /tmp
[2026-05-13T18:16:39.708+0000] {subprocess.py:75} INFO - Running command: ['/usr/bin/bash', '-c', 'python /opt/airflow/scripts/transform.py']
[2026-05-13T18:16:39.727+0000] {subprocess.py:86} INFO - Output:
[2026-05-13T18:16:41.407+0000] {subprocess.py:93} INFO - Traceback (most recent call last):
[2026-05-13T18:16:41.408+0000] {subprocess.py:93} INFO -   File "/opt/airflow/scripts/transform.py", line 3, in <module>
[2026-05-13T18:16:41.410+0000] {subprocess.py:93} INFO -     df = pd.read_csv("data/raw_products.csv")
[2026-05-13T18:16:41.411+0000] {subprocess.py:93} INFO -          ^^^^^^^^^^^^^^^^^^^^^^^^^^^^^^^^^^^^
[2026-05-13T18:16:41.411+0000] {subprocess.py:93} INFO -   File "/home/airflow/.local/lib/python3.12/site-packages/pandas/io/parsers/readers.py", line 948, in read_csv
[2026-05-13T18:16:41.412+0000] {subprocess.py:93} INFO -     return _read(filepath_or_buffer, kwds)
[2026-05-13T18:16:41.412+0000] {subprocess.py:93} INFO -            ^^^^^^^^^^^^^^^^^^^^^^^^^^^^^^^
[2026-05-13T18:16:41.413+0000] {subprocess.py:93} INFO -   File "/home/airflow/.local/lib/python3.12/site-packages/pandas/io/parsers/readers.py", line 611, in _read
[2026-05-13T18:16:41.414+0000] {subprocess.py:93} INFO -     parser = TextFileReader(filepath_or_buffer, **kwds)
[2026-05-13T18:16:41.415+0000] {subprocess.py:93} INFO -              ^^^^^^^^^^^^^^^^^^^^^^^^^^^^^^^^^^^^^^^^^^
[2026-05-13T18:16:41.416+0000] {subprocess.py:93} INFO -   File "/home/airflow/.local/lib/python3.12/site-packages/pandas/io/parsers/readers.py", line 1448, in __init__
[2026-05-13T18:16:41.417+0000] {subprocess.py:93} INFO -     self._engine = self._make_engine(f, self.engine)
[2026-05-13T18:16:41.418+0000] {subprocess.py:93} INFO -                    ^^^^^^^^^^^^^^^^^^^^^^^^^^^^^^^^^
[2026-05-13T18:16:41.419+0000] {subprocess.py:93} INFO -   File "/home/airflow/.local/lib/python3.12/site-packages/pandas/io/parsers/readers.py", line 1705, in _make_engine
[2026-05-13T18:16:41.420+0000] {subprocess.py:93} INFO -     self.handles = get_handle(
[2026-05-13T18:16:41.421+0000] {subprocess.py:93} INFO -                    ^^^^^^^^^^^
[2026-05-13T18:16:41.422+0000] {subprocess.py:93} INFO -   File "/home/airflow/.local/lib/python3.12/site-packages/pandas/io/common.py", line 863, in get_handle
[2026-05-13T18:16:41.422+0000] {subprocess.py:93} INFO -     handle = open(
[2026-05-13T18:16:41.423+0000] {subprocess.py:93} INFO -              ^^^^^
[2026-05-13T18:16:41.424+0000] {subprocess.py:93} INFO - FileNotFoundError: [Errno 2] No such file or directory: 'data/raw_products.csv'
[2026-05-13T18:16:41.517+0000] {subprocess.py:97} INFO - Command exited with return code 1
[2026-05-13T18:16:41.519+0000] {taskinstance.py:441} INFO - ::group::Post task execution logs
[2026-05-13T18:16:41.547+0000] {taskinstance.py:2905} ERROR - Task failed with exception
Traceback (most recent call last):
  File "/home/airflow/.local/lib/python3.12/site-packages/airflow/models/taskinstance.py", line 465, in _execute_task
    result = _execute_callable(context=context, **execute_callable_kwargs)
             ^^^^^^^^^^^^^^^^^^^^^^^^^^^^^^^^^^^^^^^^^^^^^^^^^^^^^^^^^^^^^
  File "/home/airflow/.local/lib/python3.12/site-packages/airflow/models/taskinstance.py", line 432, in _execute_callable
    return execute_callable(context=context, **execute_callable_kwargs)
           ^^^^^^^^^^^^^^^^^^^^^^^^^^^^^^^^^^^^^^^^^^^^^^^^^^^^^^^^^^^^
  File "/home/airflow/.local/lib/python3.12/site-packages/airflow/models/baseoperator.py", line 400, in wrapper
    return func(self, *args, **kwargs)
           ^^^^^^^^^^^^^^^^^^^^^^^^^^^
  File "/home/airflow/.local/lib/python3.12/site-packages/airflow/operators/bash.py", line 243, in execute
    raise AirflowException(
airflow.exceptions.AirflowException: Bash command failed. The command returned a non-zero exit code 1.
[2026-05-13T18:16:41.555+0000] {taskinstance.py:1206} INFO - Marking task as FAILED. dag_id=retail_pipeline, task_id=transform, run_id=manual__2026-05-13T18:16:19.129317+00:00, execution_date=20260513T181619, start_date=20260513T181639, end_date=20260513T181641
[2026-05-13T18:16:41.596+0000] {standard_task_runner.py:110} ERROR - Failed to execute job 7 for task transform (Bash command failed. The command returned a non-zero exit code 1.; 185)
[2026-05-13T18:16:41.628+0000] {local_task_job_runner.py:240} INFO - Task exited with return code 1
[2026-05-13T18:16:41.680+0000] {taskinstance.py:3498} INFO - 0 downstream tasks scheduled from follow-on schedule check
[2026-05-13T18:16:41.690+0000] {local_task_job_runner.py:222} INFO - ::endgroup::
